[2.159s] Invoking command in '/home/test/ros2_ws/src/landmark_detector': PYTHONPATH=/home/test/ros2_ws/build/landmark_detector/prefix_override:/usr/lib/python3/dist-packages/colcon_core/task/python/colcon_distutils_commands:/home/test/ros2_ws/install/landmark_detector/lib/python3.12/site-packages:${PYTHONPATH} /usr/bin/python3 -W ignore:setup.py install is deprecated -W ignore:easy_install command is deprecated setup.py egg_info --egg-base ../../build/landmark_detector build --build-base /home/test/ros2_ws/build/landmark_detector/build install --record /home/test/ros2_ws/build/landmark_detector/install.log --single-version-externally-managed install_data
[2.581s] running egg_info
[2.637s] writing ../../build/landmark_detector/landmark_detector.egg-info/PKG-INFO
[2.638s] writing dependency_links to ../../build/landmark_detector/landmark_detector.egg-info/dependency_links.txt
[2.640s] writing entry points to ../../build/landmark_detector/landmark_detector.egg-info/entry_points.txt
[2.644s] writing requirements to ../../build/landmark_detector/landmark_detector.egg-info/requires.txt
[2.645s] writing top-level names to ../../build/landmark_detector/landmark_detector.egg-info/top_level.txt
[2.745s] reading manifest file '../../build/landmark_detector/landmark_detector.egg-info/SOURCES.txt'
[2.747s] writing manifest file '../../build/landmark_detector/landmark_detector.egg-info/SOURCES.txt'
[2.748s] running build
[2.748s] running build_py
[2.748s] running install
[2.761s] running install_lib
[2.792s] running install_data
[2.792s] running install_egg_info
[2.826s] removing '/home/test/ros2_ws/install/landmark_detector/lib/python3.12/site-packages/landmark_detector-0.0.0-py3.12.egg-info' (and everything under it)
[2.829s] Copying ../../build/landmark_detector/landmark_detector.egg-info to /home/test/ros2_ws/install/landmark_detector/lib/python3.12/site-packages/landmark_detector-0.0.0-py3.12.egg-info
[2.830s] running install_scripts
[3.039s] Installing qr_detector script to /home/test/ros2_ws/install/landmark_detector/lib/landmark_detector
[3.039s] writing list of installed files to '/home/test/ros2_ws/build/landmark_detector/install.log'
[3.103s] Invoked command in '/home/test/ros2_ws/src/landmark_detector' returned '0': PYTHONPATH=/home/test/ros2_ws/build/landmark_detector/prefix_override:/usr/lib/python3/dist-packages/colcon_core/task/python/colcon_distutils_commands:/home/test/ros2_ws/install/landmark_detector/lib/python3.12/site-packages:${PYTHONPATH} /usr/bin/python3 -W ignore:setup.py install is deprecated -W ignore:easy_install command is deprecated setup.py egg_info --egg-base ../../build/landmark_detector build --build-base /home/test/ros2_ws/build/landmark_detector/build install --record /home/test/ros2_ws/build/landmark_detector/install.log --single-version-externally-managed install_data
