[1.948s] Invoking command in '/home/test/ros2_ws/build/robot_description': CMAKE_PREFIX_PATH=${CMAKE_PREFIX_PATH}:/home/test/ros2_ws/install/service_robot:/home/test/ros2_ws/install/robot_localization_pkg:/home/test/ros2_ws/install/robot_exam_localization:/home/test/ros2_ws/install/my_local:/home/test/ros2_ws/install/mission_planner:/home/test/ros2_ws/install/landmark_detector:/opt/ros/jazzy /usr/bin/cmake --build /home/test/ros2_ws/build/robot_description -- -j8 -l8
[2.528s] Invoked command in '/home/test/ros2_ws/build/robot_description' returned '0': CMAKE_PREFIX_PATH=${CMAKE_PREFIX_PATH}:/home/test/ros2_ws/install/service_robot:/home/test/ros2_ws/install/robot_localization_pkg:/home/test/ros2_ws/install/robot_exam_localization:/home/test/ros2_ws/install/my_local:/home/test/ros2_ws/install/mission_planner:/home/test/ros2_ws/install/landmark_detector:/opt/ros/jazzy /usr/bin/cmake --build /home/test/ros2_ws/build/robot_description -- -j8 -l8
[2.574s] Invoking command in '/home/test/ros2_ws/build/robot_description': CMAKE_PREFIX_PATH=${CMAKE_PREFIX_PATH}:/home/test/ros2_ws/install/service_robot:/home/test/ros2_ws/install/robot_localization_pkg:/home/test/ros2_ws/install/robot_exam_localization:/home/test/ros2_ws/install/my_local:/home/test/ros2_ws/install/mission_planner:/home/test/ros2_ws/install/landmark_detector:/opt/ros/jazzy /usr/bin/cmake --install /home/test/ros2_ws/build/robot_description
[2.593s] -- Install configuration: ""
[2.593s] -- Up-to-date: /home/test/ros2_ws/install/robot_description/share/robot_description/urdf
[2.594s] -- Up-to-date: /home/test/ros2_ws/install/robot_description/share/robot_description/urdf/gazebo_plugins.xacro
[2.594s] -- Up-to-date: /home/test/ros2_ws/install/robot_description/share/robot_description/urdf/service_robot.urdf.xacro
[2.595s] -- Up-to-date: /home/test/ros2_ws/install/robot_description/share/robot_description/launch
[2.595s] -- Installing: /home/test/ros2_ws/install/robot_description/share/robot_description/launch/slam.launch.py
[2.595s] -- Up-to-date: /home/test/ros2_ws/install/robot_description/share/robot_description/launch/display.launch.py
[2.596s] -- Up-to-date: /home/test/ros2_ws/install/robot_description/share/robot_description/config
[2.596s] -- Up-to-date: /home/test/ros2_ws/install/robot_description/share/robot_description/config/slam_config.yaml
[2.597s] -- Up-to-date: /home/test/ros2_ws/install/robot_description/share/ament_index/resource_index/package_run_dependencies/robot_description
[2.597s] -- Up-to-date: /home/test/ros2_ws/install/robot_description/share/ament_index/resource_index/parent_prefix_path/robot_description
[2.600s] -- Up-to-date: /home/test/ros2_ws/install/robot_description/share/robot_description/environment/ament_prefix_path.sh
[2.609s] -- Up-to-date: /home/test/ros2_ws/install/robot_description/share/robot_description/environment/ament_prefix_path.dsv
[2.610s] -- Up-to-date: /home/test/ros2_ws/install/robot_description/share/robot_description/environment/path.sh
[2.610s] -- Up-to-date: /home/test/ros2_ws/install/robot_description/share/robot_description/environment/path.dsv
[2.610s] -- Up-to-date: /home/test/ros2_ws/install/robot_description/share/robot_description/local_setup.bash
[2.610s] -- Up-to-date: /home/test/ros2_ws/install/robot_description/share/robot_description/local_setup.sh
[2.610s] -- Up-to-date: /home/test/ros2_ws/install/robot_description/share/robot_description/local_setup.zsh
[2.610s] -- Up-to-date: /home/test/ros2_ws/install/robot_description/share/robot_description/local_setup.dsv
[2.611s] -- Installing: /home/test/ros2_ws/install/robot_description/share/robot_description/package.dsv
[2.611s] -- Up-to-date: /home/test/ros2_ws/install/robot_description/share/ament_index/resource_index/packages/robot_description
[2.611s] -- Up-to-date: /home/test/ros2_ws/install/robot_description/share/robot_description/cmake/robot_descriptionConfig.cmake
[2.611s] -- Up-to-date: /home/test/ros2_ws/install/robot_description/share/robot_description/cmake/robot_descriptionConfig-version.cmake
[2.611s] -- Up-to-date: /home/test/ros2_ws/install/robot_description/share/robot_description/package.xml
[2.612s] Invoked command in '/home/test/ros2_ws/build/robot_description' returned '0': CMAKE_PREFIX_PATH=${CMAKE_PREFIX_PATH}:/home/test/ros2_ws/install/service_robot:/home/test/ros2_ws/install/robot_localization_pkg:/home/test/ros2_ws/install/robot_exam_localization:/home/test/ros2_ws/install/my_local:/home/test/ros2_ws/install/mission_planner:/home/test/ros2_ws/install/landmark_detector:/opt/ros/jazzy /usr/bin/cmake --install /home/test/ros2_ws/build/robot_description
