[0.789s] Invoking command in '/home/test/ros2_ws/build/robot_description': CMAKE_PREFIX_PATH=${CMAKE_PREFIX_PATH}:/home/test/ros2_ws/install/service_robot:/home/test/ros2_ws/install/robot_localization_pkg:/home/test/ros2_ws/install/robot_exam_localization:/home/test/ros2_ws/install/my_local:/home/test/ros2_ws/install/mission_planner:/home/test/ros2_ws/install/landmark_detector:/opt/ros/jazzy /usr/bin/cmake /home/test/ros2_ws/src/robot_description -DCMAKE_INSTALL_PREFIX=/home/test/ros2_ws/install/robot_description
[1.283s] -- The C compiler identification is GNU 13.3.0
[2.337s] -- The CXX compiler identification is GNU 13.3.0
[3.276s] -- Detecting C compiler ABI info
[3.656s] -- Detecting C compiler ABI info - done
[3.670s] -- Check for working C compiler: /usr/bin/cc - skipped
[3.671s] -- Detecting C compile features
[3.672s] -- Detecting C compile features - done
[3.780s] -- Detecting CXX compiler ABI info
[4.077s] -- Detecting CXX compiler ABI info - done
[4.087s] -- Check for working CXX compiler: /usr/bin/c++ - skipped
[4.087s] -- Detecting CXX compile features
[4.087s] -- Detecting CXX compile features - done
[4.131s] -- Found ament_cmake: 2.5.4 (/opt/ros/jazzy/share/ament_cmake/cmake)
[4.323s] -- Found Python3: /usr/bin/python3 (found version "3.12.3") found components: Interpreter 
[4.555s] -- Found urdf: 2.10.0 (/opt/ros/jazzy/share/urdf/cmake)
[4.847s] -- Found TinyXML2 via Config file: /usr/lib/x86_64-linux-gnu/cmake/tinyxml2
[4.875s] -- Found xacro: 2.0.13 (/opt/ros/jazzy/share/xacro/cmake)
[4.987s] -- Configuring done (4.1s)
[4.991s] -- Generating done (0.0s)
[4.994s] -- Build files have been written to: /home/test/ros2_ws/build/robot_description
[5.001s] Invoked command in '/home/test/ros2_ws/build/robot_description' returned '0': CMAKE_PREFIX_PATH=${CMAKE_PREFIX_PATH}:/home/test/ros2_ws/install/service_robot:/home/test/ros2_ws/install/robot_localization_pkg:/home/test/ros2_ws/install/robot_exam_localization:/home/test/ros2_ws/install/my_local:/home/test/ros2_ws/install/mission_planner:/home/test/ros2_ws/install/landmark_detector:/opt/ros/jazzy /usr/bin/cmake /home/test/ros2_ws/src/robot_description -DCMAKE_INSTALL_PREFIX=/home/test/ros2_ws/install/robot_description
[5.002s] Invoking command in '/home/test/ros2_ws/build/robot_description': CMAKE_PREFIX_PATH=${CMAKE_PREFIX_PATH}:/home/test/ros2_ws/install/service_robot:/home/test/ros2_ws/install/robot_localization_pkg:/home/test/ros2_ws/install/robot_exam_localization:/home/test/ros2_ws/install/my_local:/home/test/ros2_ws/install/mission_planner:/home/test/ros2_ws/install/landmark_detector:/opt/ros/jazzy /usr/bin/cmake --build /home/test/ros2_ws/build/robot_description -- -j8 -l8
[5.045s] Invoked command in '/home/test/ros2_ws/build/robot_description' returned '0': CMAKE_PREFIX_PATH=${CMAKE_PREFIX_PATH}:/home/test/ros2_ws/install/service_robot:/home/test/ros2_ws/install/robot_localization_pkg:/home/test/ros2_ws/install/robot_exam_localization:/home/test/ros2_ws/install/my_local:/home/test/ros2_ws/install/mission_planner:/home/test/ros2_ws/install/landmark_detector:/opt/ros/jazzy /usr/bin/cmake --build /home/test/ros2_ws/build/robot_description -- -j8 -l8
[5.057s] Invoking command in '/home/test/ros2_ws/build/robot_description': CMAKE_PREFIX_PATH=${CMAKE_PREFIX_PATH}:/home/test/ros2_ws/install/service_robot:/home/test/ros2_ws/install/robot_localization_pkg:/home/test/ros2_ws/install/robot_exam_localization:/home/test/ros2_ws/install/my_local:/home/test/ros2_ws/install/mission_planner:/home/test/ros2_ws/install/landmark_detector:/opt/ros/jazzy /usr/bin/cmake --install /home/test/ros2_ws/build/robot_description
[5.065s] -- Install configuration: ""
[5.065s] -- Installing: /home/test/ros2_ws/install/robot_description/share/robot_description/urdf
[5.066s] -- Installing: /home/test/ros2_ws/install/robot_description/share/robot_description/urdf/gazebo_plugins.xacro
[5.066s] -- Installing: /home/test/ros2_ws/install/robot_description/share/robot_description/urdf/service_robot.urdf.xacro
[5.067s] -- Installing: /home/test/ros2_ws/install/robot_description/share/robot_description/launch
[5.067s] -- Installing: /home/test/ros2_ws/install/robot_description/share/robot_description/launch/display.launch.py
[5.067s] -- Installing: /home/test/ros2_ws/install/robot_description/share/robot_description/config
[5.069s] -- Installing: /home/test/ros2_ws/install/robot_description/share/ament_index/resource_index/package_run_dependencies/robot_description
[5.070s] -- Installing: /home/test/ros2_ws/install/robot_description/share/ament_index/resource_index/parent_prefix_path/robot_description
[5.070s] -- Installing: /home/test/ros2_ws/install/robot_description/share/robot_description/environment/ament_prefix_path.sh
[5.070s] -- Installing: /home/test/ros2_ws/install/robot_description/share/robot_description/environment/ament_prefix_path.dsv
[5.070s] -- Installing: /home/test/ros2_ws/install/robot_description/share/robot_description/environment/path.sh
[5.071s] -- Installing: /home/test/ros2_ws/install/robot_description/share/robot_description/environment/path.dsv
[5.071s] -- Installing: /home/test/ros2_ws/install/robot_description/share/robot_description/local_setup.bash
[5.071s] -- Installing: /home/test/ros2_ws/install/robot_description/share/robot_description/local_setup.sh
[5.071s] -- Installing: /home/test/ros2_ws/install/robot_description/share/robot_description/local_setup.zsh
[5.072s] -- Installing: /home/test/ros2_ws/install/robot_description/share/robot_description/local_setup.dsv
[5.072s] -- Installing: /home/test/ros2_ws/install/robot_description/share/robot_description/package.dsv
[5.072s] -- Installing: /home/test/ros2_ws/install/robot_description/share/ament_index/resource_index/packages/robot_description
[5.072s] -- Installing: /home/test/ros2_ws/install/robot_description/share/robot_description/cmake/robot_descriptionConfig.cmake
[5.073s] -- Installing: /home/test/ros2_ws/install/robot_description/share/robot_description/cmake/robot_descriptionConfig-version.cmake
[5.073s] -- Installing: /home/test/ros2_ws/install/robot_description/share/robot_description/package.xml
[5.075s] Invoked command in '/home/test/ros2_ws/build/robot_description' returned '0': CMAKE_PREFIX_PATH=${CMAKE_PREFIX_PATH}:/home/test/ros2_ws/install/service_robot:/home/test/ros2_ws/install/robot_localization_pkg:/home/test/ros2_ws/install/robot_exam_localization:/home/test/ros2_ws/install/my_local:/home/test/ros2_ws/install/mission_planner:/home/test/ros2_ws/install/landmark_detector:/opt/ros/jazzy /usr/bin/cmake --install /home/test/ros2_ws/build/robot_description
