[2.576s] Invoking command in '/home/test/ros2_ws/src/landmark_detector': PYTHONPATH=/home/test/ros2_ws/build/landmark_detector/prefix_override:/usr/lib/python3/dist-packages/colcon_core/task/python/colcon_distutils_commands:/home/test/ros2_ws/install/landmark_detector/lib/python3.12/site-packages:${PYTHONPATH} /usr/bin/python3 -W ignore:setup.py install is deprecated -W ignore:easy_install command is deprecated setup.py egg_info --egg-base ../../build/landmark_detector build --build-base /home/test/ros2_ws/build/landmark_detector/build install --record /home/test/ros2_ws/build/landmark_detector/install.log --single-version-externally-managed install_data
[3.054s] running egg_info
[3.079s] writing ../../build/landmark_detector/landmark_detector.egg-info/PKG-INFO
[3.081s] writing dependency_links to ../../build/landmark_detector/landmark_detector.egg-info/dependency_links.txt
[3.081s] writing entry points to ../../build/landmark_detector/landmark_detector.egg-info/entry_points.txt
[3.082s] writing requirements to ../../build/landmark_detector/landmark_detector.egg-info/requires.txt
[3.082s] writing top-level names to ../../build/landmark_detector/landmark_detector.egg-info/top_level.txt
[3.146s] reading manifest file '../../build/landmark_detector/landmark_detector.egg-info/SOURCES.txt'
[3.148s] writing manifest file '../../build/landmark_detector/landmark_detector.egg-info/SOURCES.txt'
[3.148s] running build
[3.148s] running build_py
[3.149s] running install
[3.163s] running install_lib
[3.199s] running install_data
[3.199s] running install_egg_info
[3.236s] removing '/home/test/ros2_ws/install/landmark_detector/lib/python3.12/site-packages/landmark_detector-0.0.0-py3.12.egg-info' (and everything under it)
[3.236s] Copying ../../build/landmark_detector/landmark_detector.egg-info to /home/test/ros2_ws/install/landmark_detector/lib/python3.12/site-packages/landmark_detector-0.0.0-py3.12.egg-info
[3.238s] running install_scripts
[3.479s] Installing qr_detector script to /home/test/ros2_ws/install/landmark_detector/lib/landmark_detector
[3.480s] writing list of installed files to '/home/test/ros2_ws/build/landmark_detector/install.log'
[3.536s] Invoked command in '/home/test/ros2_ws/src/landmark_detector' returned '0': PYTHONPATH=/home/test/ros2_ws/build/landmark_detector/prefix_override:/usr/lib/python3/dist-packages/colcon_core/task/python/colcon_distutils_commands:/home/test/ros2_ws/install/landmark_detector/lib/python3.12/site-packages:${PYTHONPATH} /usr/bin/python3 -W ignore:setup.py install is deprecated -W ignore:easy_install command is deprecated setup.py egg_info --egg-base ../../build/landmark_detector build --build-base /home/test/ros2_ws/build/landmark_detector/build install --record /home/test/ros2_ws/build/landmark_detector/install.log --single-version-externally-managed install_data
