running egg_info
creating ../../build/robot_localization_pkg/robot_localization_pkg.egg-info
writing ../../build/robot_localization_pkg/robot_localization_pkg.egg-info/PKG-INFO
writing dependency_links to ../../build/robot_localization_pkg/robot_localization_pkg.egg-info/dependency_links.txt
writing requirements to ../../build/robot_localization_pkg/robot_localization_pkg.egg-info/requires.txt
writing top-level names to ../../build/robot_localization_pkg/robot_localization_pkg.egg-info/top_level.txt
writing manifest file '../../build/robot_localization_pkg/robot_localization_pkg.egg-info/SOURCES.txt'
reading manifest file '../../build/robot_localization_pkg/robot_localization_pkg.egg-info/SOURCES.txt'
writing manifest file '../../build/robot_localization_pkg/robot_localization_pkg.egg-info/SOURCES.txt'
running build
running build_py
creating /home/test/ros2_ws/build/robot_localization_pkg/build
creating /home/test/ros2_ws/build/robot_localization_pkg/build/lib
creating /home/test/ros2_ws/build/robot_localization_pkg/build/lib/robot_localization_pkg
copying robot_localization_pkg/__init__.py -> /home/test/ros2_ws/build/robot_localization_pkg/build/lib/robot_localization_pkg
running install
running install_lib
creating /home/test/ros2_ws/install/robot_localization_pkg/lib/python3.12/site-packages/robot_localization_pkg
copying /home/test/ros2_ws/build/robot_localization_pkg/build/lib/robot_localization_pkg/__init__.py -> /home/test/ros2_ws/install/robot_localization_pkg/lib/python3.12/site-packages/robot_localization_pkg
byte-compiling /home/test/ros2_ws/install/robot_localization_pkg/lib/python3.12/site-packages/robot_localization_pkg/__init__.py to __init__.cpython-312.pyc
running install_data
creating /home/test/ros2_ws/install/robot_localization_pkg/share/ament_index
creating /home/test/ros2_ws/install/robot_localization_pkg/share/ament_index/resource_index
creating /home/test/ros2_ws/install/robot_localization_pkg/share/ament_index/resource_index/packages
copying resource/robot_localization_pkg -> /home/test/ros2_ws/install/robot_localization_pkg/share/ament_index/resource_index/packages
copying package.xml -> /home/test/ros2_ws/install/robot_localization_pkg/share/robot_localization_pkg
creating /home/test/ros2_ws/install/robot_localization_pkg/share/robot_localization_pkg/launch
copying launch/amcl_localization.launch.py -> /home/test/ros2_ws/install/robot_localization_pkg/share/robot_localization_pkg/launch
creating /home/test/ros2_ws/install/robot_localization_pkg/share/robot_localization_pkg/maps
copying maps/room_map.pgm -> /home/test/ros2_ws/install/robot_localization_pkg/share/robot_localization_pkg/maps
copying maps/room_map.yaml -> /home/test/ros2_ws/install/robot_localization_pkg/share/robot_localization_pkg/maps
creating /home/test/ros2_ws/install/robot_localization_pkg/share/robot_localization_pkg/config
copying config/amcl_params.yaml.save -> /home/test/ros2_ws/install/robot_localization_pkg/share/robot_localization_pkg/config
copying config/amcl_params.yaml -> /home/test/ros2_ws/install/robot_localization_pkg/share/robot_localization_pkg/config
running install_egg_info
Copying ../../build/robot_localization_pkg/robot_localization_pkg.egg-info to /home/test/ros2_ws/install/robot_localization_pkg/lib/python3.12/site-packages/robot_localization_pkg-0.0.0-py3.12.egg-info
running install_scripts
writing list of installed files to '/home/test/ros2_ws/build/robot_localization_pkg/install.log'
