[3.046s] Invoking command in '/home/test/ros2_ws/src/robot_localization_pkg': PYTHONPATH=/home/test/ros2_ws/build/robot_localization_pkg/prefix_override:/usr/lib/python3/dist-packages/colcon_core/task/python/colcon_distutils_commands:/home/test/ros2_ws/install/robot_localization_pkg/lib/python3.12/site-packages:${PYTHONPATH} /usr/bin/python3 -W ignore:setup.py install is deprecated -W ignore:easy_install command is deprecated setup.py egg_info --egg-base ../../build/robot_localization_pkg build --build-base /home/test/ros2_ws/build/robot_localization_pkg/build install --record /home/test/ros2_ws/build/robot_localization_pkg/install.log --single-version-externally-managed install_data
[3.914s] running egg_info
[3.915s] creating ../../build/robot_localization_pkg/robot_localization_pkg.egg-info
[3.978s] writing ../../build/robot_localization_pkg/robot_localization_pkg.egg-info/PKG-INFO
[3.978s] writing dependency_links to ../../build/robot_localization_pkg/robot_localization_pkg.egg-info/dependency_links.txt
[3.979s] writing requirements to ../../build/robot_localization_pkg/robot_localization_pkg.egg-info/requires.txt
[3.979s] writing top-level names to ../../build/robot_localization_pkg/robot_localization_pkg.egg-info/top_level.txt
[3.979s] writing manifest file '../../build/robot_localization_pkg/robot_localization_pkg.egg-info/SOURCES.txt'
[4.079s] reading manifest file '../../build/robot_localization_pkg/robot_localization_pkg.egg-info/SOURCES.txt'
[4.081s] writing manifest file '../../build/robot_localization_pkg/robot_localization_pkg.egg-info/SOURCES.txt'
[4.082s] running build
[4.082s] running build_py
[4.083s] creating /home/test/ros2_ws/build/robot_localization_pkg/build
[4.083s] creating /home/test/ros2_ws/build/robot_localization_pkg/build/lib
[4.083s] creating /home/test/ros2_ws/build/robot_localization_pkg/build/lib/robot_localization_pkg
[4.085s] copying robot_localization_pkg/__init__.py -> /home/test/ros2_ws/build/robot_localization_pkg/build/lib/robot_localization_pkg
[4.085s] running install
[4.100s] running install_lib
[4.153s] creating /home/test/ros2_ws/install/robot_localization_pkg/lib/python3.12/site-packages/robot_localization_pkg
[4.154s] copying /home/test/ros2_ws/build/robot_localization_pkg/build/lib/robot_localization_pkg/__init__.py -> /home/test/ros2_ws/install/robot_localization_pkg/lib/python3.12/site-packages/robot_localization_pkg
[4.160s] byte-compiling /home/test/ros2_ws/install/robot_localization_pkg/lib/python3.12/site-packages/robot_localization_pkg/__init__.py to __init__.cpython-312.pyc
[4.160s] running install_data
[4.160s] creating /home/test/ros2_ws/install/robot_localization_pkg/share/ament_index
[4.160s] creating /home/test/ros2_ws/install/robot_localization_pkg/share/ament_index/resource_index
[4.161s] creating /home/test/ros2_ws/install/robot_localization_pkg/share/ament_index/resource_index/packages
[4.161s] copying resource/robot_localization_pkg -> /home/test/ros2_ws/install/robot_localization_pkg/share/ament_index/resource_index/packages
[4.162s] copying package.xml -> /home/test/ros2_ws/install/robot_localization_pkg/share/robot_localization_pkg
[4.164s] creating /home/test/ros2_ws/install/robot_localization_pkg/share/robot_localization_pkg/launch
[4.164s] copying launch/amcl_localization.launch.py -> /home/test/ros2_ws/install/robot_localization_pkg/share/robot_localization_pkg/launch
[4.164s] creating /home/test/ros2_ws/install/robot_localization_pkg/share/robot_localization_pkg/maps
[4.164s] copying maps/room_map.pgm -> /home/test/ros2_ws/install/robot_localization_pkg/share/robot_localization_pkg/maps
[4.164s] copying maps/room_map.yaml -> /home/test/ros2_ws/install/robot_localization_pkg/share/robot_localization_pkg/maps
[4.164s] creating /home/test/ros2_ws/install/robot_localization_pkg/share/robot_localization_pkg/config
[4.165s] copying config/amcl_params.yaml.save -> /home/test/ros2_ws/install/robot_localization_pkg/share/robot_localization_pkg/config
[4.165s] copying config/amcl_params.yaml -> /home/test/ros2_ws/install/robot_localization_pkg/share/robot_localization_pkg/config
[4.165s] running install_egg_info
[4.220s] Copying ../../build/robot_localization_pkg/robot_localization_pkg.egg-info to /home/test/ros2_ws/install/robot_localization_pkg/lib/python3.12/site-packages/robot_localization_pkg-0.0.0-py3.12.egg-info
[4.225s] running install_scripts
[4.547s] writing list of installed files to '/home/test/ros2_ws/build/robot_localization_pkg/install.log'
[4.613s] Invoked command in '/home/test/ros2_ws/src/robot_localization_pkg' returned '0': PYTHONPATH=/home/test/ros2_ws/build/robot_localization_pkg/prefix_override:/usr/lib/python3/dist-packages/colcon_core/task/python/colcon_distutils_commands:/home/test/ros2_ws/install/robot_localization_pkg/lib/python3.12/site-packages:${PYTHONPATH} /usr/bin/python3 -W ignore:setup.py install is deprecated -W ignore:easy_install command is deprecated setup.py egg_info --egg-base ../../build/robot_localization_pkg build --build-base /home/test/ros2_ws/build/robot_localization_pkg/build install --record /home/test/ros2_ws/build/robot_localization_pkg/install.log --single-version-externally-managed install_data
