running egg_info
writing ../../build/landmark_detector/landmark_detector.egg-info/PKG-INFO
writing dependency_links to ../../build/landmark_detector/landmark_detector.egg-info/dependency_links.txt
writing entry points to ../../build/landmark_detector/landmark_detector.egg-info/entry_points.txt
writing requirements to ../../build/landmark_detector/landmark_detector.egg-info/requires.txt
writing top-level names to ../../build/landmark_detector/landmark_detector.egg-info/top_level.txt
reading manifest file '../../build/landmark_detector/landmark_detector.egg-info/SOURCES.txt'
writing manifest file '../../build/landmark_detector/landmark_detector.egg-info/SOURCES.txt'
running build
running build_py
running install
running install_lib
running install_data
copying package.xml -> /home/test/ros2_ws/install/landmark_detector/share/landmark_detector
running install_egg_info
removing '/home/test/ros2_ws/install/landmark_detector/lib/python3.12/site-packages/landmark_detector-0.0.0-py3.12.egg-info' (and everything under it)
Copying ../../build/landmark_detector/landmark_detector.egg-info to /home/test/ros2_ws/install/landmark_detector/lib/python3.12/site-packages/landmark_detector-0.0.0-py3.12.egg-info
running install_scripts
Installing qr_detector script to /home/test/ros2_ws/install/landmark_detector/lib/landmark_detector
writing list of installed files to '/home/test/ros2_ws/build/landmark_detector/install.log'
