[5.388s] Invoking command in '/home/test/ros2_ws/src/landmark_detector': PYTHONPATH=/home/test/ros2_ws/build/landmark_detector/prefix_override:/usr/lib/python3/dist-packages/colcon_core/task/python/colcon_distutils_commands:/home/test/ros2_ws/install/landmark_detector/lib/python3.12/site-packages:${PYTHONPATH} /usr/bin/python3 -W ignore:setup.py install is deprecated -W ignore:easy_install command is deprecated setup.py egg_info --egg-base ../../build/landmark_detector build --build-base /home/test/ros2_ws/build/landmark_detector/build install --record /home/test/ros2_ws/build/landmark_detector/install.log --single-version-externally-managed install_data
[6.200s] running egg_info
[6.262s] writing ../../build/landmark_detector/landmark_detector.egg-info/PKG-INFO
[6.263s] writing dependency_links to ../../build/landmark_detector/landmark_detector.egg-info/dependency_links.txt
[6.264s] writing entry points to ../../build/landmark_detector/landmark_detector.egg-info/entry_points.txt
[6.266s] writing requirements to ../../build/landmark_detector/landmark_detector.egg-info/requires.txt
[6.268s] writing top-level names to ../../build/landmark_detector/landmark_detector.egg-info/top_level.txt
[6.362s] reading manifest file '../../build/landmark_detector/landmark_detector.egg-info/SOURCES.txt'
[6.364s] writing manifest file '../../build/landmark_detector/landmark_detector.egg-info/SOURCES.txt'
[6.365s] running build
[6.365s] running build_py
[6.366s] running install
[6.383s] running install_lib
[6.431s] running install_data
[6.431s] copying package.xml -> /home/test/ros2_ws/install/landmark_detector/share/landmark_detector
[6.432s] running install_egg_info
[6.495s] removing '/home/test/ros2_ws/install/landmark_detector/lib/python3.12/site-packages/landmark_detector-0.0.0-py3.12.egg-info' (and everything under it)
[6.496s] Copying ../../build/landmark_detector/landmark_detector.egg-info to /home/test/ros2_ws/install/landmark_detector/lib/python3.12/site-packages/landmark_detector-0.0.0-py3.12.egg-info
[6.497s] running install_scripts
[6.783s] Installing qr_detector script to /home/test/ros2_ws/install/landmark_detector/lib/landmark_detector
[6.784s] writing list of installed files to '/home/test/ros2_ws/build/landmark_detector/install.log'
[6.882s] Invoked command in '/home/test/ros2_ws/src/landmark_detector' returned '0': PYTHONPATH=/home/test/ros2_ws/build/landmark_detector/prefix_override:/usr/lib/python3/dist-packages/colcon_core/task/python/colcon_distutils_commands:/home/test/ros2_ws/install/landmark_detector/lib/python3.12/site-packages:${PYTHONPATH} /usr/bin/python3 -W ignore:setup.py install is deprecated -W ignore:easy_install command is deprecated setup.py egg_info --egg-base ../../build/landmark_detector build --build-base /home/test/ros2_ws/build/landmark_detector/build install --record /home/test/ros2_ws/build/landmark_detector/install.log --single-version-externally-managed install_data
