[7.340s] Invoking command in '/home/test/ros2_ws/src/landmark_detector': PYTHONPATH=/home/test/ros2_ws/build/landmark_detector/prefix_override:/usr/lib/python3/dist-packages/colcon_core/task/python/colcon_distutils_commands:/home/test/ros2_ws/install/landmark_detector/lib/python3.12/site-packages:${PYTHONPATH} /usr/bin/python3 -W ignore:setup.py install is deprecated -W ignore:easy_install command is deprecated setup.py egg_info --egg-base ../../build/landmark_detector build --build-base /home/test/ros2_ws/build/landmark_detector/build install --record /home/test/ros2_ws/build/landmark_detector/install.log --single-version-externally-managed install_data
[8.738s] running egg_info
[8.849s] writing ../../build/landmark_detector/landmark_detector.egg-info/PKG-INFO
[8.849s] writing dependency_links to ../../build/landmark_detector/landmark_detector.egg-info/dependency_links.txt
[8.850s] writing entry points to ../../build/landmark_detector/landmark_detector.egg-info/entry_points.txt
[8.851s] writing requirements to ../../build/landmark_detector/landmark_detector.egg-info/requires.txt
[8.851s] writing top-level names to ../../build/landmark_detector/landmark_detector.egg-info/top_level.txt
[9.098s] reading manifest file '../../build/landmark_detector/landmark_detector.egg-info/SOURCES.txt'
[9.109s] writing manifest file '../../build/landmark_detector/landmark_detector.egg-info/SOURCES.txt'
[9.109s] running build
[9.109s] running build_py
[9.111s] copying landmark_detector/qr_detector.py -> /home/test/ros2_ws/build/landmark_detector/build/lib/landmark_detector
[9.113s] running install
[9.150s] running install_lib
[9.311s] copying /home/test/ros2_ws/build/landmark_detector/build/lib/landmark_detector/qr_detector.py -> /home/test/ros2_ws/install/landmark_detector/lib/python3.12/site-packages/landmark_detector
[9.313s] byte-compiling /home/test/ros2_ws/install/landmark_detector/lib/python3.12/site-packages/landmark_detector/qr_detector.py to qr_detector.cpython-312.pyc
[9.317s] running install_data
[9.318s] running install_egg_info
[9.456s] removing '/home/test/ros2_ws/install/landmark_detector/lib/python3.12/site-packages/landmark_detector-0.0.0-py3.12.egg-info' (and everything under it)
[9.456s] Copying ../../build/landmark_detector/landmark_detector.egg-info to /home/test/ros2_ws/install/landmark_detector/lib/python3.12/site-packages/landmark_detector-0.0.0-py3.12.egg-info
[9.466s] running install_scripts
[9.959s] Installing qr_detector script to /home/test/ros2_ws/install/landmark_detector/lib/landmark_detector
[9.960s] writing list of installed files to '/home/test/ros2_ws/build/landmark_detector/install.log'
[10.030s] Invoked command in '/home/test/ros2_ws/src/landmark_detector' returned '0': PYTHONPATH=/home/test/ros2_ws/build/landmark_detector/prefix_override:/usr/lib/python3/dist-packages/colcon_core/task/python/colcon_distutils_commands:/home/test/ros2_ws/install/landmark_detector/lib/python3.12/site-packages:${PYTHONPATH} /usr/bin/python3 -W ignore:setup.py install is deprecated -W ignore:easy_install command is deprecated setup.py egg_info --egg-base ../../build/landmark_detector build --build-base /home/test/ros2_ws/build/landmark_detector/build install --record /home/test/ros2_ws/build/landmark_detector/install.log --single-version-externally-managed install_data
