[3.757s] Invoking command in '/home/test/ros2_ws/src/landmark_detector': PYTHONPATH=/home/test/ros2_ws/build/landmark_detector/prefix_override:/usr/lib/python3/dist-packages/colcon_core/task/python/colcon_distutils_commands:/home/test/ros2_ws/install/landmark_detector/lib/python3.12/site-packages:${PYTHONPATH} /usr/bin/python3 -W ignore:setup.py install is deprecated -W ignore:easy_install command is deprecated setup.py egg_info --egg-base ../../build/landmark_detector build --build-base /home/test/ros2_ws/build/landmark_detector/build install --record /home/test/ros2_ws/build/landmark_detector/install.log --single-version-externally-managed install_data
[4.823s] running egg_info
[4.883s] writing ../../build/landmark_detector/landmark_detector.egg-info/PKG-INFO
[4.884s] writing dependency_links to ../../build/landmark_detector/landmark_detector.egg-info/dependency_links.txt
[4.884s] writing entry points to ../../build/landmark_detector/landmark_detector.egg-info/entry_points.txt
[4.884s] writing requirements to ../../build/landmark_detector/landmark_detector.egg-info/requires.txt
[4.885s] writing top-level names to ../../build/landmark_detector/landmark_detector.egg-info/top_level.txt
[4.999s] reading manifest file '../../build/landmark_detector/landmark_detector.egg-info/SOURCES.txt'
[5.001s] writing manifest file '../../build/landmark_detector/landmark_detector.egg-info/SOURCES.txt'
[5.001s] running build
[5.001s] running build_py
[5.002s] running install
[5.015s] running install_lib
[5.070s] running install_data
[5.071s] running install_egg_info
[5.112s] removing '/home/test/ros2_ws/install/landmark_detector/lib/python3.12/site-packages/landmark_detector-0.0.0-py3.12.egg-info' (and everything under it)
[5.113s] Copying ../../build/landmark_detector/landmark_detector.egg-info to /home/test/ros2_ws/install/landmark_detector/lib/python3.12/site-packages/landmark_detector-0.0.0-py3.12.egg-info
[5.115s] running install_scripts
[5.411s] Installing qr_detector script to /home/test/ros2_ws/install/landmark_detector/lib/landmark_detector
[5.415s] writing list of installed files to '/home/test/ros2_ws/build/landmark_detector/install.log'
[5.534s] Invoked command in '/home/test/ros2_ws/src/landmark_detector' returned '0': PYTHONPATH=/home/test/ros2_ws/build/landmark_detector/prefix_override:/usr/lib/python3/dist-packages/colcon_core/task/python/colcon_distutils_commands:/home/test/ros2_ws/install/landmark_detector/lib/python3.12/site-packages:${PYTHONPATH} /usr/bin/python3 -W ignore:setup.py install is deprecated -W ignore:easy_install command is deprecated setup.py egg_info --egg-base ../../build/landmark_detector build --build-base /home/test/ros2_ws/build/landmark_detector/build install --record /home/test/ros2_ws/build/landmark_detector/install.log --single-version-externally-managed install_data
