[2.926s] Invoking command in '/home/test/ros2_ws/src/robot_localization_pkg': PYTHONPATH=/home/test/ros2_ws/build/robot_localization_pkg/prefix_override:/usr/lib/python3/dist-packages/colcon_core/task/python/colcon_distutils_commands:/home/test/ros2_ws/install/robot_localization_pkg/lib/python3.12/site-packages:${PYTHONPATH} /usr/bin/python3 -W ignore:setup.py install is deprecated -W ignore:easy_install command is deprecated setup.py egg_info --egg-base ../../build/robot_localization_pkg build --build-base /home/test/ros2_ws/build/robot_localization_pkg/build install --record /home/test/ros2_ws/build/robot_localization_pkg/install.log --single-version-externally-managed install_data
[3.871s] running egg_info
[3.961s] writing ../../build/robot_localization_pkg/robot_localization_pkg.egg-info/PKG-INFO
[3.964s] writing dependency_links to ../../build/robot_localization_pkg/robot_localization_pkg.egg-info/dependency_links.txt
[3.964s] writing requirements to ../../build/robot_localization_pkg/robot_localization_pkg.egg-info/requires.txt
[3.965s] writing top-level names to ../../build/robot_localization_pkg/robot_localization_pkg.egg-info/top_level.txt
[4.120s] reading manifest file '../../build/robot_localization_pkg/robot_localization_pkg.egg-info/SOURCES.txt'
[4.123s] writing manifest file '../../build/robot_localization_pkg/robot_localization_pkg.egg-info/SOURCES.txt'
[4.123s] running build
[4.123s] running build_py
[4.125s] running install
[4.150s] running install_lib
[4.225s] running install_data
[4.226s] copying launch/amcl_localization.launch.py -> /home/test/ros2_ws/install/robot_localization_pkg/share/robot_localization_pkg/launch
[4.229s] running install_egg_info
[4.321s] removing '/home/test/ros2_ws/install/robot_localization_pkg/lib/python3.12/site-packages/robot_localization_pkg-0.0.0-py3.12.egg-info' (and everything under it)
[4.322s] Copying ../../build/robot_localization_pkg/robot_localization_pkg.egg-info to /home/test/ros2_ws/install/robot_localization_pkg/lib/python3.12/site-packages/robot_localization_pkg-0.0.0-py3.12.egg-info
[4.324s] running install_scripts
[4.899s] writing list of installed files to '/home/test/ros2_ws/build/robot_localization_pkg/install.log'
[4.996s] Invoked command in '/home/test/ros2_ws/src/robot_localization_pkg' returned '0': PYTHONPATH=/home/test/ros2_ws/build/robot_localization_pkg/prefix_override:/usr/lib/python3/dist-packages/colcon_core/task/python/colcon_distutils_commands:/home/test/ros2_ws/install/robot_localization_pkg/lib/python3.12/site-packages:${PYTHONPATH} /usr/bin/python3 -W ignore:setup.py install is deprecated -W ignore:easy_install command is deprecated setup.py egg_info --egg-base ../../build/robot_localization_pkg build --build-base /home/test/ros2_ws/build/robot_localization_pkg/build install --record /home/test/ros2_ws/build/robot_localization_pkg/install.log --single-version-externally-managed install_data
