[1.475s] Invoking command in '/home/test/ros2_ws/build/robot_description': CMAKE_PREFIX_PATH=${CMAKE_PREFIX_PATH}:/home/test/ros2_ws/install/service_robot:/home/test/ros2_ws/install/robot_localization_pkg:/home/test/ros2_ws/install/robot_exam_localization:/home/test/ros2_ws/install/my_local:/home/test/ros2_ws/install/mission_planner:/home/test/ros2_ws/install/landmark_detector:/opt/ros/jazzy /usr/bin/cmake --build /home/test/ros2_ws/build/robot_description -- -j8 -l8
[2.065s] Invoked command in '/home/test/ros2_ws/build/robot_description' returned '0': CMAKE_PREFIX_PATH=${CMAKE_PREFIX_PATH}:/home/test/ros2_ws/install/service_robot:/home/test/ros2_ws/install/robot_localization_pkg:/home/test/ros2_ws/install/robot_exam_localization:/home/test/ros2_ws/install/my_local:/home/test/ros2_ws/install/mission_planner:/home/test/ros2_ws/install/landmark_detector:/opt/ros/jazzy /usr/bin/cmake --build /home/test/ros2_ws/build/robot_description -- -j8 -l8
[2.099s] Invoking command in '/home/test/ros2_ws/build/robot_description': CMAKE_PREFIX_PATH=${CMAKE_PREFIX_PATH}:/home/test/ros2_ws/install/service_robot:/home/test/ros2_ws/install/robot_localization_pkg:/home/test/ros2_ws/install/robot_exam_localization:/home/test/ros2_ws/install/my_local:/home/test/ros2_ws/install/mission_planner:/home/test/ros2_ws/install/landmark_detector:/opt/ros/jazzy /usr/bin/cmake --install /home/test/ros2_ws/build/robot_description
[2.137s] -- Install configuration: ""
[2.137s] -- Up-to-date: /home/test/ros2_ws/install/robot_description/share/robot_description/urdf
[2.137s] -- Up-to-date: /home/test/ros2_ws/install/robot_description/share/robot_description/urdf/gazebo_plugins.xacro:Zone.Identifier
[2.138s] -- Up-to-date: /home/test/ros2_ws/install/robot_description/share/robot_description/urdf/gazebo_plugins.xacro
[2.138s] -- Up-to-date: /home/test/ros2_ws/install/robot_description/share/robot_description/urdf/service_robot.urdf.xacro:Zone.Identifier
[2.138s] -- Up-to-date: /home/test/ros2_ws/install/robot_description/share/robot_description/urdf/service_robot.urdf.xacro
[2.139s] -- Up-to-date: /home/test/ros2_ws/install/robot_description/share/robot_description/launch
[2.139s] -- Up-to-date: /home/test/ros2_ws/install/robot_description/share/robot_description/launch/slam.launch.py
[2.139s] -- Up-to-date: /home/test/ros2_ws/install/robot_description/share/robot_description/launch/display.launch.py:Zone.Identifier
[2.139s] -- Up-to-date: /home/test/ros2_ws/install/robot_description/share/robot_description/launch/slam.launch.py:Zone.Identifier
[2.139s] -- Up-to-date: /home/test/ros2_ws/install/robot_description/share/robot_description/launch/display.launch.py
[2.142s] -- Up-to-date: /home/test/ros2_ws/install/robot_description/share/robot_description/config
[2.142s] -- Up-to-date: /home/test/ros2_ws/install/robot_description/share/robot_description/config/slam_config.yaml
[2.143s] -- Up-to-date: /home/test/ros2_ws/install/robot_description/share/robot_description/config/slam_config.yaml:Zone.Identifier
[2.148s] -- Up-to-date: /home/test/ros2_ws/install/robot_description/share/robot_description/worlds
[2.148s] -- Up-to-date: /home/test/ros2_ws/install/robot_description/share/robot_description/worlds/qr_textures
[2.148s] -- Up-to-date: /home/test/ros2_ws/install/robot_description/share/robot_description/worlds/qr_textures/qr_pillar_a.png:Zone.Identifier
[2.149s] -- Up-to-date: /home/test/ros2_ws/install/robot_description/share/robot_description/worlds/qr_textures/qr_pillar_b.png
[2.149s] -- Up-to-date: /home/test/ros2_ws/install/robot_description/share/robot_description/worlds/qr_textures/qr_tl_box.png:Zone.Identifier
[2.149s] -- Up-to-date: /home/test/ros2_ws/install/robot_description/share/robot_description/worlds/qr_textures/qr_pillar_a.png
[2.149s] -- Up-to-date: /home/test/ros2_ws/install/robot_description/share/robot_description/worlds/qr_textures/qr_diag_block_1.png
[2.150s] -- Up-to-date: /home/test/ros2_ws/install/robot_description/share/robot_description/worlds/qr_textures/qr_diag_block_1.png:Zone.Identifier
[2.150s] -- Up-to-date: /home/test/ros2_ws/install/robot_description/share/robot_description/worlds/qr_textures/qr_pillar_b.png:Zone.Identifier
[2.150s] -- Up-to-date: /home/test/ros2_ws/install/robot_description/share/robot_description/worlds/qr_textures/qr_tl_box.png
[2.150s] -- Up-to-date: /home/test/ros2_ws/install/robot_description/share/robot_description/worlds/maze.sdf:Zone.Identifier
[2.150s] -- Installing: /home/test/ros2_ws/install/robot_description/share/robot_description/worlds/maze.sdf
[2.150s] -- Up-to-date: /home/test/ros2_ws/install/robot_description/share/ament_index/resource_index/package_run_dependencies/robot_description
[2.150s] -- Up-to-date: /home/test/ros2_ws/install/robot_description/share/ament_index/resource_index/parent_prefix_path/robot_description
[2.151s] -- Up-to-date: /home/test/ros2_ws/install/robot_description/share/robot_description/environment/ament_prefix_path.sh
[2.151s] -- Up-to-date: /home/test/ros2_ws/install/robot_description/share/robot_description/environment/ament_prefix_path.dsv
[2.151s] -- Up-to-date: /home/test/ros2_ws/install/robot_description/share/robot_description/environment/path.sh
[2.151s] -- Up-to-date: /home/test/ros2_ws/install/robot_description/share/robot_description/environment/path.dsv
[2.151s] -- Up-to-date: /home/test/ros2_ws/install/robot_description/share/robot_description/local_setup.bash
[2.151s] -- Up-to-date: /home/test/ros2_ws/install/robot_description/share/robot_description/local_setup.sh
[2.151s] -- Up-to-date: /home/test/ros2_ws/install/robot_description/share/robot_description/local_setup.zsh
[2.152s] -- Up-to-date: /home/test/ros2_ws/install/robot_description/share/robot_description/local_setup.dsv
[2.152s] -- Installing: /home/test/ros2_ws/install/robot_description/share/robot_description/package.dsv
[2.152s] -- Up-to-date: /home/test/ros2_ws/install/robot_description/share/ament_index/resource_index/packages/robot_description
[2.152s] -- Up-to-date: /home/test/ros2_ws/install/robot_description/share/robot_description/cmake/robot_descriptionConfig.cmake
[2.152s] -- Up-to-date: /home/test/ros2_ws/install/robot_description/share/robot_description/cmake/robot_descriptionConfig-version.cmake
[2.152s] -- Up-to-date: /home/test/ros2_ws/install/robot_description/share/robot_description/package.xml
[2.156s] Invoked command in '/home/test/ros2_ws/build/robot_description' returned '0': CMAKE_PREFIX_PATH=${CMAKE_PREFIX_PATH}:/home/test/ros2_ws/install/service_robot:/home/test/ros2_ws/install/robot_localization_pkg:/home/test/ros2_ws/install/robot_exam_localization:/home/test/ros2_ws/install/my_local:/home/test/ros2_ws/install/mission_planner:/home/test/ros2_ws/install/landmark_detector:/opt/ros/jazzy /usr/bin/cmake --install /home/test/ros2_ws/build/robot_description
