[3.573s] Invoking command in '/home/test/ros2_ws/src/landmark_detector': PYTHONPATH=/home/test/ros2_ws/build/landmark_detector/prefix_override:/usr/lib/python3/dist-packages/colcon_core/task/python/colcon_distutils_commands:/home/test/ros2_ws/install/landmark_detector/lib/python3.12/site-packages:${PYTHONPATH} /usr/bin/python3 -W ignore:setup.py install is deprecated -W ignore:easy_install command is deprecated setup.py egg_info --egg-base ../../build/landmark_detector build --build-base /home/test/ros2_ws/build/landmark_detector/build install --record /home/test/ros2_ws/build/landmark_detector/install.log --single-version-externally-managed install_data
[4.305s] running egg_info
[4.382s] writing ../../build/landmark_detector/landmark_detector.egg-info/PKG-INFO
[4.387s] writing dependency_links to ../../build/landmark_detector/landmark_detector.egg-info/dependency_links.txt
[4.390s] writing entry points to ../../build/landmark_detector/landmark_detector.egg-info/entry_points.txt
[4.390s] writing requirements to ../../build/landmark_detector/landmark_detector.egg-info/requires.txt
[4.390s] writing top-level names to ../../build/landmark_detector/landmark_detector.egg-info/top_level.txt
[4.507s] reading manifest file '../../build/landmark_detector/landmark_detector.egg-info/SOURCES.txt'
[4.508s] writing manifest file '../../build/landmark_detector/landmark_detector.egg-info/SOURCES.txt'
[4.508s] running build
[4.508s] running build_py
[4.509s] running install
[4.526s] running install_lib
[4.565s] running install_data
[4.565s] running install_egg_info
[4.613s] removing '/home/test/ros2_ws/install/landmark_detector/lib/python3.12/site-packages/landmark_detector-0.0.0-py3.12.egg-info' (and everything under it)
[4.613s] Copying ../../build/landmark_detector/landmark_detector.egg-info to /home/test/ros2_ws/install/landmark_detector/lib/python3.12/site-packages/landmark_detector-0.0.0-py3.12.egg-info
[4.617s] running install_scripts
[4.966s] Installing qr_detector script to /home/test/ros2_ws/install/landmark_detector/lib/landmark_detector
[4.966s] writing list of installed files to '/home/test/ros2_ws/build/landmark_detector/install.log'
[5.086s] Invoked command in '/home/test/ros2_ws/src/landmark_detector' returned '0': PYTHONPATH=/home/test/ros2_ws/build/landmark_detector/prefix_override:/usr/lib/python3/dist-packages/colcon_core/task/python/colcon_distutils_commands:/home/test/ros2_ws/install/landmark_detector/lib/python3.12/site-packages:${PYTHONPATH} /usr/bin/python3 -W ignore:setup.py install is deprecated -W ignore:easy_install command is deprecated setup.py egg_info --egg-base ../../build/landmark_detector build --build-base /home/test/ros2_ws/build/landmark_detector/build install --record /home/test/ros2_ws/build/landmark_detector/install.log --single-version-externally-managed install_data
