[0.685s] DEBUG:colcon:Command line arguments: ['/usr/bin/colcon', 'build']
[0.685s] DEBUG:colcon:Parsed command line arguments: Namespace(log_base=None, log_level=None, verb_name='build', build_base='build', install_base='install', merge_install=False, symlink_install=False, test_result_base=None, continue_on_error=False, executor='parallel', parallel_workers=8, event_handlers=None, ignore_user_meta=False, metas=['./colcon.meta'], base_paths=['.'], packages_ignore=None, packages_ignore_regex=None, paths=None, packages_up_to=None, packages_up_to_regex=None, packages_above=None, packages_above_and_dependencies=None, packages_above_depth=None, packages_select_by_dep=None, packages_skip_by_dep=None, packages_skip_up_to=None, packages_select_build_failed=False, packages_skip_build_finished=False, packages_select_test_failures=False, packages_skip_test_passed=False, packages_select=None, packages_skip=None, packages_select_regex=None, packages_skip_regex=None, packages_start=None, packages_end=None, allow_overriding=[], cmake_args=None, cmake_target=None, cmake_target_skip_unavailable=False, cmake_clean_cache=False, cmake_clean_first=False, cmake_force_configure=False, ament_cmake_args=None, catkin_cmake_args=None, catkin_skip_building_tests=False, mixin_files=None, mixin=None, verb_parser=<colcon_mixin.mixin.mixin_argument.MixinArgumentDecorator object at 0x7254bc273200>, verb_extension=<colcon_core.verb.build.BuildVerb object at 0x7254bc248c20>, main=<bound method BuildVerb.main of <colcon_core.verb.build.BuildVerb object at 0x7254bc248c20>>, mixin_verb=('build',))
[0.813s] Level 1:colcon.colcon_core.package_discovery:discover_packages(colcon_meta) check parameters
[0.814s] Level 1:colcon.colcon_core.package_discovery:discover_packages(recursive) check parameters
[0.814s] Level 1:colcon.colcon_core.package_discovery:discover_packages(ignore) check parameters
[0.814s] Level 1:colcon.colcon_core.package_discovery:discover_packages(path) check parameters
[0.815s] Level 1:colcon.colcon_core.package_discovery:discover_packages(colcon_meta) discover
[0.817s] Level 1:colcon.colcon_core.package_discovery:discover_packages(recursive) discover
[0.817s] INFO:colcon.colcon_core.package_discovery:Crawling recursively for packages in '/home/test/ros2_ws'
[0.817s] Level 1:colcon.colcon_core.package_identification:_identify(.) by extensions ['ignore', 'ignore_ament_install']
[0.818s] Level 1:colcon.colcon_core.package_identification:_identify(.) by extension 'ignore'
[0.818s] Level 1:colcon.colcon_core.package_identification:_identify(.) by extension 'ignore_ament_install'
[0.818s] Level 1:colcon.colcon_core.package_identification:_identify(.) by extensions ['colcon_pkg']
[0.818s] Level 1:colcon.colcon_core.package_identification:_identify(.) by extension 'colcon_pkg'
[0.818s] Level 1:colcon.colcon_core.package_identification:_identify(.) by extensions ['colcon_meta']
[0.818s] Level 1:colcon.colcon_core.package_identification:_identify(.) by extension 'colcon_meta'
[0.818s] Level 1:colcon.colcon_core.package_identification:_identify(.) by extensions ['ros']
[0.818s] Level 1:colcon.colcon_core.package_identification:_identify(.) by extension 'ros'
[0.904s] Level 1:colcon.colcon_core.package_identification:_identify(.) by extensions ['cmake', 'python']
[0.904s] Level 1:colcon.colcon_core.package_identification:_identify(.) by extension 'cmake'
[0.904s] Level 1:colcon.colcon_core.package_identification:_identify(.) by extension 'python'
[0.904s] Level 1:colcon.colcon_core.package_identification:_identify(.) by extensions ['python_setup_py']
[0.905s] Level 1:colcon.colcon_core.package_identification:_identify(.) by extension 'python_setup_py'
[0.905s] Level 1:colcon.colcon_core.package_identification:_identify(build) by extensions ['ignore', 'ignore_ament_install']
[0.905s] Level 1:colcon.colcon_core.package_identification:_identify(build) by extension 'ignore'
[0.905s] Level 1:colcon.colcon_core.package_identification:_identify(build) ignored
[0.905s] Level 1:colcon.colcon_core.package_identification:_identify(install) by extensions ['ignore', 'ignore_ament_install']
[0.906s] Level 1:colcon.colcon_core.package_identification:_identify(install) by extension 'ignore'
[0.906s] Level 1:colcon.colcon_core.package_identification:_identify(install) ignored
[0.906s] Level 1:colcon.colcon_core.package_identification:_identify(log) by extensions ['ignore', 'ignore_ament_install']
[0.906s] Level 1:colcon.colcon_core.package_identification:_identify(log) by extension 'ignore'
[0.906s] Level 1:colcon.colcon_core.package_identification:_identify(log) ignored
[0.907s] Level 1:colcon.colcon_core.package_identification:_identify(src) by extensions ['ignore', 'ignore_ament_install']
[0.907s] Level 1:colcon.colcon_core.package_identification:_identify(src) by extension 'ignore'
[0.907s] Level 1:colcon.colcon_core.package_identification:_identify(src) by extension 'ignore_ament_install'
[0.907s] Level 1:colcon.colcon_core.package_identification:_identify(src) by extensions ['colcon_pkg']
[0.907s] Level 1:colcon.colcon_core.package_identification:_identify(src) by extension 'colcon_pkg'
[0.907s] Level 1:colcon.colcon_core.package_identification:_identify(src) by extensions ['colcon_meta']
[0.907s] Level 1:colcon.colcon_core.package_identification:_identify(src) by extension 'colcon_meta'
[0.907s] Level 1:colcon.colcon_core.package_identification:_identify(src) by extensions ['ros']
[0.907s] Level 1:colcon.colcon_core.package_identification:_identify(src) by extension 'ros'
[0.908s] Level 1:colcon.colcon_core.package_identification:_identify(src) by extensions ['cmake', 'python']
[0.908s] Level 1:colcon.colcon_core.package_identification:_identify(src) by extension 'cmake'
[0.908s] Level 1:colcon.colcon_core.package_identification:_identify(src) by extension 'python'
[0.908s] Level 1:colcon.colcon_core.package_identification:_identify(src) by extensions ['python_setup_py']
[0.908s] Level 1:colcon.colcon_core.package_identification:_identify(src) by extension 'python_setup_py'
[0.909s] Level 1:colcon.colcon_core.package_identification:_identify(src/landmark_detector) by extensions ['ignore', 'ignore_ament_install']
[0.909s] Level 1:colcon.colcon_core.package_identification:_identify(src/landmark_detector) by extension 'ignore'
[0.909s] Level 1:colcon.colcon_core.package_identification:_identify(src/landmark_detector) by extension 'ignore_ament_install'
[0.910s] Level 1:colcon.colcon_core.package_identification:_identify(src/landmark_detector) by extensions ['colcon_pkg']
[0.910s] Level 1:colcon.colcon_core.package_identification:_identify(src/landmark_detector) by extension 'colcon_pkg'
[0.910s] Level 1:colcon.colcon_core.package_identification:_identify(src/landmark_detector) by extensions ['colcon_meta']
[0.910s] Level 1:colcon.colcon_core.package_identification:_identify(src/landmark_detector) by extension 'colcon_meta'
[0.910s] Level 1:colcon.colcon_core.package_identification:_identify(src/landmark_detector) by extensions ['ros']
[0.910s] Level 1:colcon.colcon_core.package_identification:_identify(src/landmark_detector) by extension 'ros'
[0.921s] DEBUG:colcon.colcon_core.package_identification:Package 'src/landmark_detector' with type 'ros.ament_python' and name 'landmark_detector'
[0.922s] Level 1:colcon.colcon_core.package_identification:_identify(src/mission_planner) by extensions ['ignore', 'ignore_ament_install']
[0.922s] Level 1:colcon.colcon_core.package_identification:_identify(src/mission_planner) by extension 'ignore'
[0.923s] Level 1:colcon.colcon_core.package_identification:_identify(src/mission_planner) by extension 'ignore_ament_install'
[0.923s] Level 1:colcon.colcon_core.package_identification:_identify(src/mission_planner) by extensions ['colcon_pkg']
[0.923s] Level 1:colcon.colcon_core.package_identification:_identify(src/mission_planner) by extension 'colcon_pkg'
[0.923s] Level 1:colcon.colcon_core.package_identification:_identify(src/mission_planner) by extensions ['colcon_meta']
[0.923s] Level 1:colcon.colcon_core.package_identification:_identify(src/mission_planner) by extension 'colcon_meta'
[0.923s] Level 1:colcon.colcon_core.package_identification:_identify(src/mission_planner) by extensions ['ros']
[0.923s] Level 1:colcon.colcon_core.package_identification:_identify(src/mission_planner) by extension 'ros'
[0.925s] DEBUG:colcon.colcon_core.package_identification:Package 'src/mission_planner' with type 'ros.ament_python' and name 'mission_planner'
[0.925s] Level 1:colcon.colcon_core.package_identification:_identify(src/my_local) by extensions ['ignore', 'ignore_ament_install']
[0.926s] Level 1:colcon.colcon_core.package_identification:_identify(src/my_local) by extension 'ignore'
[0.926s] Level 1:colcon.colcon_core.package_identification:_identify(src/my_local) by extension 'ignore_ament_install'
[0.926s] Level 1:colcon.colcon_core.package_identification:_identify(src/my_local) by extensions ['colcon_pkg']
[0.926s] Level 1:colcon.colcon_core.package_identification:_identify(src/my_local) by extension 'colcon_pkg'
[0.926s] Level 1:colcon.colcon_core.package_identification:_identify(src/my_local) by extensions ['colcon_meta']
[0.926s] Level 1:colcon.colcon_core.package_identification:_identify(src/my_local) by extension 'colcon_meta'
[0.926s] Level 1:colcon.colcon_core.package_identification:_identify(src/my_local) by extensions ['ros']
[0.926s] Level 1:colcon.colcon_core.package_identification:_identify(src/my_local) by extension 'ros'
[0.927s] DEBUG:colcon.colcon_core.package_identification:Package 'src/my_local' with type 'ros.ament_python' and name 'my_local'
[0.928s] Level 1:colcon.colcon_core.package_identification:_identify(src/robot_description) by extensions ['ignore', 'ignore_ament_install']
[0.928s] Level 1:colcon.colcon_core.package_identification:_identify(src/robot_description) by extension 'ignore'
[0.928s] Level 1:colcon.colcon_core.package_identification:_identify(src/robot_description) by extension 'ignore_ament_install'
[0.928s] Level 1:colcon.colcon_core.package_identification:_identify(src/robot_description) by extensions ['colcon_pkg']
[0.928s] Level 1:colcon.colcon_core.package_identification:_identify(src/robot_description) by extension 'colcon_pkg'
[0.928s] Level 1:colcon.colcon_core.package_identification:_identify(src/robot_description) by extensions ['colcon_meta']
[0.928s] Level 1:colcon.colcon_core.package_identification:_identify(src/robot_description) by extension 'colcon_meta'
[0.928s] Level 1:colcon.colcon_core.package_identification:_identify(src/robot_description) by extensions ['ros']
[0.929s] Level 1:colcon.colcon_core.package_identification:_identify(src/robot_description) by extension 'ros'
[0.931s] DEBUG:colcon.colcon_core.package_identification:Package 'src/robot_description' with type 'ros.ament_cmake' and name 'robot_description'
[0.931s] Level 1:colcon.colcon_core.package_identification:_identify(src/service_robot) by extensions ['ignore', 'ignore_ament_install']
[0.934s] Level 1:colcon.colcon_core.package_identification:_identify(src/service_robot) by extension 'ignore'
[0.934s] Level 1:colcon.colcon_core.package_identification:_identify(src/service_robot) by extension 'ignore_ament_install'
[0.934s] Level 1:colcon.colcon_core.package_identification:_identify(src/service_robot) by extensions ['colcon_pkg']
[0.934s] Level 1:colcon.colcon_core.package_identification:_identify(src/service_robot) by extension 'colcon_pkg'
[0.934s] Level 1:colcon.colcon_core.package_identification:_identify(src/service_robot) by extensions ['colcon_meta']
[0.934s] Level 1:colcon.colcon_core.package_identification:_identify(src/service_robot) by extension 'colcon_meta'
[0.935s] Level 1:colcon.colcon_core.package_identification:_identify(src/service_robot) by extensions ['ros']
[0.935s] Level 1:colcon.colcon_core.package_identification:_identify(src/service_robot) by extension 'ros'
[0.941s] DEBUG:colcon.colcon_core.package_identification:Package 'src/service_robot' with type 'ros.ament_python' and name 'service_robot'
[0.941s] Level 1:colcon.colcon_core.package_discovery:discover_packages(recursive) using defaults
[0.941s] Level 1:colcon.colcon_core.package_discovery:discover_packages(ignore) discover
[0.941s] Level 1:colcon.colcon_core.package_discovery:discover_packages(ignore) using defaults
[0.941s] Level 1:colcon.colcon_core.package_discovery:discover_packages(path) discover
[0.941s] Level 1:colcon.colcon_core.package_discovery:discover_packages(path) using defaults
[1.009s] Level 1:colcon.colcon_core.package_discovery:discover_packages(prefix_path) check parameters
[1.009s] Level 1:colcon.colcon_core.package_discovery:discover_packages(prefix_path) discover
[1.015s] DEBUG:colcon.colcon_installed_package_information.package_discovery:Found 7 installed packages in /home/test/ros2_ws/install
[1.021s] DEBUG:colcon.colcon_installed_package_information.package_discovery:Found 389 installed packages in /opt/ros/jazzy
[1.027s] Level 1:colcon.colcon_core.package_discovery:discover_packages(prefix_path) using defaults
[1.210s] Level 5:colcon.colcon_core.verb:set package 'landmark_detector' build argument 'cmake_args' from command line to 'None'
[1.210s] Level 5:colcon.colcon_core.verb:set package 'landmark_detector' build argument 'cmake_target' from command line to 'None'
[1.211s] Level 5:colcon.colcon_core.verb:set package 'landmark_detector' build argument 'cmake_target_skip_unavailable' from command line to 'False'
[1.211s] Level 5:colcon.colcon_core.verb:set package 'landmark_detector' build argument 'cmake_clean_cache' from command line to 'False'
[1.211s] Level 5:colcon.colcon_core.verb:set package 'landmark_detector' build argument 'cmake_clean_first' from command line to 'False'
[1.211s] Level 5:colcon.colcon_core.verb:set package 'landmark_detector' build argument 'cmake_force_configure' from command line to 'False'
[1.211s] Level 5:colcon.colcon_core.verb:set package 'landmark_detector' build argument 'ament_cmake_args' from command line to 'None'
[1.211s] Level 5:colcon.colcon_core.verb:set package 'landmark_detector' build argument 'catkin_cmake_args' from command line to 'None'
[1.211s] Level 5:colcon.colcon_core.verb:set package 'landmark_detector' build argument 'catkin_skip_building_tests' from command line to 'False'
[1.211s] DEBUG:colcon.colcon_core.verb:Building package 'landmark_detector' with the following arguments: {'ament_cmake_args': None, 'build_base': '/home/test/ros2_ws/build/landmark_detector', 'catkin_cmake_args': None, 'catkin_skip_building_tests': False, 'cmake_args': None, 'cmake_clean_cache': False, 'cmake_clean_first': False, 'cmake_force_configure': False, 'cmake_target': None, 'cmake_target_skip_unavailable': False, 'install_base': '/home/test/ros2_ws/install/landmark_detector', 'merge_install': False, 'path': '/home/test/ros2_ws/src/landmark_detector', 'symlink_install': False, 'test_result_base': None}
[1.212s] Level 5:colcon.colcon_core.verb:set package 'mission_planner' build argument 'cmake_args' from command line to 'None'
[1.212s] Level 5:colcon.colcon_core.verb:set package 'mission_planner' build argument 'cmake_target' from command line to 'None'
[1.212s] Level 5:colcon.colcon_core.verb:set package 'mission_planner' build argument 'cmake_target_skip_unavailable' from command line to 'False'
[1.212s] Level 5:colcon.colcon_core.verb:set package 'mission_planner' build argument 'cmake_clean_cache' from command line to 'False'
[1.212s] Level 5:colcon.colcon_core.verb:set package 'mission_planner' build argument 'cmake_clean_first' from command line to 'False'
[1.213s] Level 5:colcon.colcon_core.verb:set package 'mission_planner' build argument 'cmake_force_configure' from command line to 'False'
[1.213s] Level 5:colcon.colcon_core.verb:set package 'mission_planner' build argument 'ament_cmake_args' from command line to 'None'
[1.213s] Level 5:colcon.colcon_core.verb:set package 'mission_planner' build argument 'catkin_cmake_args' from command line to 'None'
[1.213s] Level 5:colcon.colcon_core.verb:set package 'mission_planner' build argument 'catkin_skip_building_tests' from command line to 'False'
[1.213s] DEBUG:colcon.colcon_core.verb:Building package 'mission_planner' with the following arguments: {'ament_cmake_args': None, 'build_base': '/home/test/ros2_ws/build/mission_planner', 'catkin_cmake_args': None, 'catkin_skip_building_tests': False, 'cmake_args': None, 'cmake_clean_cache': False, 'cmake_clean_first': False, 'cmake_force_configure': False, 'cmake_target': None, 'cmake_target_skip_unavailable': False, 'install_base': '/home/test/ros2_ws/install/mission_planner', 'merge_install': False, 'path': '/home/test/ros2_ws/src/mission_planner', 'symlink_install': False, 'test_result_base': None}
[1.214s] Level 5:colcon.colcon_core.verb:set package 'my_local' build argument 'cmake_args' from command line to 'None'
[1.214s] Level 5:colcon.colcon_core.verb:set package 'my_local' build argument 'cmake_target' from command line to 'None'
[1.214s] Level 5:colcon.colcon_core.verb:set package 'my_local' build argument 'cmake_target_skip_unavailable' from command line to 'False'
[1.214s] Level 5:colcon.colcon_core.verb:set package 'my_local' build argument 'cmake_clean_cache' from command line to 'False'
[1.214s] Level 5:colcon.colcon_core.verb:set package 'my_local' build argument 'cmake_clean_first' from command line to 'False'
[1.214s] Level 5:colcon.colcon_core.verb:set package 'my_local' build argument 'cmake_force_configure' from command line to 'False'
[1.214s] Level 5:colcon.colcon_core.verb:set package 'my_local' build argument 'ament_cmake_args' from command line to 'None'
[1.214s] Level 5:colcon.colcon_core.verb:set package 'my_local' build argument 'catkin_cmake_args' from command line to 'None'
[1.215s] Level 5:colcon.colcon_core.verb:set package 'my_local' build argument 'catkin_skip_building_tests' from command line to 'False'
[1.215s] DEBUG:colcon.colcon_core.verb:Building package 'my_local' with the following arguments: {'ament_cmake_args': None, 'build_base': '/home/test/ros2_ws/build/my_local', 'catkin_cmake_args': None, 'catkin_skip_building_tests': False, 'cmake_args': None, 'cmake_clean_cache': False, 'cmake_clean_first': False, 'cmake_force_configure': False, 'cmake_target': None, 'cmake_target_skip_unavailable': False, 'install_base': '/home/test/ros2_ws/install/my_local', 'merge_install': False, 'path': '/home/test/ros2_ws/src/my_local', 'symlink_install': False, 'test_result_base': None}
[1.216s] Level 5:colcon.colcon_core.verb:set package 'robot_description' build argument 'cmake_args' from command line to 'None'
[1.216s] Level 5:colcon.colcon_core.verb:set package 'robot_description' build argument 'cmake_target' from command line to 'None'
[1.216s] Level 5:colcon.colcon_core.verb:set package 'robot_description' build argument 'cmake_target_skip_unavailable' from command line to 'False'
[1.216s] Level 5:colcon.colcon_core.verb:set package 'robot_description' build argument 'cmake_clean_cache' from command line to 'False'
[1.216s] Level 5:colcon.colcon_core.verb:set package 'robot_description' build argument 'cmake_clean_first' from command line to 'False'
[1.216s] Level 5:colcon.colcon_core.verb:set package 'robot_description' build argument 'cmake_force_configure' from command line to 'False'
[1.216s] Level 5:colcon.colcon_core.verb:set package 'robot_description' build argument 'ament_cmake_args' from command line to 'None'
[1.216s] Level 5:colcon.colcon_core.verb:set package 'robot_description' build argument 'catkin_cmake_args' from command line to 'None'
[1.216s] Level 5:colcon.colcon_core.verb:set package 'robot_description' build argument 'catkin_skip_building_tests' from command line to 'False'
[1.216s] DEBUG:colcon.colcon_core.verb:Building package 'robot_description' with the following arguments: {'ament_cmake_args': None, 'build_base': '/home/test/ros2_ws/build/robot_description', 'catkin_cmake_args': None, 'catkin_skip_building_tests': False, 'cmake_args': None, 'cmake_clean_cache': False, 'cmake_clean_first': False, 'cmake_force_configure': False, 'cmake_target': None, 'cmake_target_skip_unavailable': False, 'install_base': '/home/test/ros2_ws/install/robot_description', 'merge_install': False, 'path': '/home/test/ros2_ws/src/robot_description', 'symlink_install': False, 'test_result_base': None}
[1.217s] Level 5:colcon.colcon_core.verb:set package 'service_robot' build argument 'cmake_args' from command line to 'None'
[1.217s] Level 5:colcon.colcon_core.verb:set package 'service_robot' build argument 'cmake_target' from command line to 'None'
[1.217s] Level 5:colcon.colcon_core.verb:set package 'service_robot' build argument 'cmake_target_skip_unavailable' from command line to 'False'
[1.217s] Level 5:colcon.colcon_core.verb:set package 'service_robot' build argument 'cmake_clean_cache' from command line to 'False'
[1.217s] Level 5:colcon.colcon_core.verb:set package 'service_robot' build argument 'cmake_clean_first' from command line to 'False'
[1.217s] Level 5:colcon.colcon_core.verb:set package 'service_robot' build argument 'cmake_force_configure' from command line to 'False'
[1.217s] Level 5:colcon.colcon_core.verb:set package 'service_robot' build argument 'ament_cmake_args' from command line to 'None'
[1.217s] Level 5:colcon.colcon_core.verb:set package 'service_robot' build argument 'catkin_cmake_args' from command line to 'None'
[1.218s] Level 5:colcon.colcon_core.verb:set package 'service_robot' build argument 'catkin_skip_building_tests' from command line to 'False'
[1.218s] DEBUG:colcon.colcon_core.verb:Building package 'service_robot' with the following arguments: {'ament_cmake_args': None, 'build_base': '/home/test/ros2_ws/build/service_robot', 'catkin_cmake_args': None, 'catkin_skip_building_tests': False, 'cmake_args': None, 'cmake_clean_cache': False, 'cmake_clean_first': False, 'cmake_force_configure': False, 'cmake_target': None, 'cmake_target_skip_unavailable': False, 'install_base': '/home/test/ros2_ws/install/service_robot', 'merge_install': False, 'path': '/home/test/ros2_ws/src/service_robot', 'symlink_install': False, 'test_result_base': None}
[1.219s] INFO:colcon.colcon_core.executor:Executing jobs using 'parallel' executor
[1.221s] DEBUG:colcon.colcon_parallel_executor.executor.parallel:run_until_complete
[1.222s] INFO:colcon.colcon_ros.task.ament_python.build:Building ROS package in '/home/test/ros2_ws/src/landmark_detector' with build type 'ament_python'
[1.222s] Level 1:colcon.colcon_core.shell:create_environment_hook('landmark_detector', 'ament_prefix_path')
[1.237s] INFO:colcon.colcon_core.plugin_system:Skipping extension 'colcon_core.shell.bat': Not used on non-Windows systems
[1.238s] INFO:colcon.colcon_core.shell:Creating environment hook '/home/test/ros2_ws/install/landmark_detector/share/landmark_detector/hook/ament_prefix_path.ps1'
[1.241s] INFO:colcon.colcon_core.shell:Creating environment descriptor '/home/test/ros2_ws/install/landmark_detector/share/landmark_detector/hook/ament_prefix_path.dsv'
[1.242s] INFO:colcon.colcon_core.shell:Creating environment hook '/home/test/ros2_ws/install/landmark_detector/share/landmark_detector/hook/ament_prefix_path.sh'
[1.243s] INFO:colcon.colcon_core.shell:Skip shell extension 'powershell' for command environment: Not usable outside of PowerShell
[1.243s] DEBUG:colcon.colcon_core.shell:Skip shell extension 'dsv' for command environment
[1.261s] INFO:colcon.colcon_ros.task.ament_python.build:Building ROS package in '/home/test/ros2_ws/src/mission_planner' with build type 'ament_python'
[1.262s] Level 1:colcon.colcon_core.shell:create_environment_hook('mission_planner', 'ament_prefix_path')
[1.262s] INFO:colcon.colcon_core.shell:Creating environment hook '/home/test/ros2_ws/install/mission_planner/share/mission_planner/hook/ament_prefix_path.ps1'
[1.264s] INFO:colcon.colcon_core.shell:Creating environment descriptor '/home/test/ros2_ws/install/mission_planner/share/mission_planner/hook/ament_prefix_path.dsv'
[1.267s] INFO:colcon.colcon_core.shell:Creating environment hook '/home/test/ros2_ws/install/mission_planner/share/mission_planner/hook/ament_prefix_path.sh'
[1.271s] INFO:colcon.colcon_core.shell:Skip shell extension 'powershell' for command environment: Not usable outside of PowerShell
[1.271s] DEBUG:colcon.colcon_core.shell:Skip shell extension 'dsv' for command environment
[1.281s] INFO:colcon.colcon_ros.task.ament_python.build:Building ROS package in '/home/test/ros2_ws/src/my_local' with build type 'ament_python'
[1.284s] Level 1:colcon.colcon_core.shell:create_environment_hook('my_local', 'ament_prefix_path')
[1.285s] INFO:colcon.colcon_core.shell:Creating environment hook '/home/test/ros2_ws/install/my_local/share/my_local/hook/ament_prefix_path.ps1'
[1.288s] INFO:colcon.colcon_core.shell:Creating environment descriptor '/home/test/ros2_ws/install/my_local/share/my_local/hook/ament_prefix_path.dsv'
[1.291s] INFO:colcon.colcon_core.shell:Creating environment hook '/home/test/ros2_ws/install/my_local/share/my_local/hook/ament_prefix_path.sh'
[1.293s] INFO:colcon.colcon_core.shell:Skip shell extension 'powershell' for command environment: Not usable outside of PowerShell
[1.293s] DEBUG:colcon.colcon_core.shell:Skip shell extension 'dsv' for command environment
[1.310s] INFO:colcon.colcon_ros.task.ament_cmake.build:Building ROS package in '/home/test/ros2_ws/src/robot_description' with build type 'ament_cmake'
[1.310s] INFO:colcon.colcon_cmake.task.cmake.build:Building CMake package in '/home/test/ros2_ws/src/robot_description'
[1.311s] INFO:colcon.colcon_core.shell:Skip shell extension 'powershell' for command environment: Not usable outside of PowerShell
[1.311s] DEBUG:colcon.colcon_core.shell:Skip shell extension 'dsv' for command environment
[1.332s] INFO:colcon.colcon_ros.task.ament_python.build:Building ROS package in '/home/test/ros2_ws/src/service_robot' with build type 'ament_python'
[1.333s] Level 1:colcon.colcon_core.shell:create_environment_hook('service_robot', 'ament_prefix_path')
[1.333s] INFO:colcon.colcon_core.shell:Creating environment hook '/home/test/ros2_ws/install/service_robot/share/service_robot/hook/ament_prefix_path.ps1'
[1.337s] INFO:colcon.colcon_core.shell:Creating environment descriptor '/home/test/ros2_ws/install/service_robot/share/service_robot/hook/ament_prefix_path.dsv'
[1.338s] INFO:colcon.colcon_core.shell:Creating environment hook '/home/test/ros2_ws/install/service_robot/share/service_robot/hook/ament_prefix_path.sh'
[1.343s] INFO:colcon.colcon_core.shell:Skip shell extension 'powershell' for command environment: Not usable outside of PowerShell
[1.343s] DEBUG:colcon.colcon_core.shell:Skip shell extension 'dsv' for command environment
[1.991s] INFO:colcon.colcon_core.task.python.build:Building Python package in '/home/test/ros2_ws/src/landmark_detector'
[1.991s] INFO:colcon.colcon_core.shell:Skip shell extension 'powershell' for command environment: Not usable outside of PowerShell
[1.991s] DEBUG:colcon.colcon_core.shell:Skip shell extension 'dsv' for command environment
[2.786s] INFO:colcon.colcon_core.task.python.build:Building Python package in '/home/test/ros2_ws/src/mission_planner'
[2.786s] INFO:colcon.colcon_core.shell:Skip shell extension 'powershell' for command environment: Not usable outside of PowerShell
[2.786s] DEBUG:colcon.colcon_core.shell:Skip shell extension 'dsv' for command environment
[3.475s] INFO:colcon.colcon_core.task.python.build:Building Python package in '/home/test/ros2_ws/src/my_local'
[3.475s] INFO:colcon.colcon_core.shell:Skip shell extension 'powershell' for command environment: Not usable outside of PowerShell
[3.475s] DEBUG:colcon.colcon_core.shell:Skip shell extension 'dsv' for command environment
[3.490s] DEBUG:colcon.colcon_core.event_handler.log_command:Invoking command in '/home/test/ros2_ws/build/robot_description': CMAKE_PREFIX_PATH=${CMAKE_PREFIX_PATH}:/home/test/ros2_ws/install/service_robot:/home/test/ros2_ws/install/robot_localization_pkg:/home/test/ros2_ws/install/robot_exam_localization:/home/test/ros2_ws/install/my_local:/home/test/ros2_ws/install/mission_planner:/home/test/ros2_ws/install/landmark_detector:/opt/ros/jazzy /usr/bin/cmake --build /home/test/ros2_ws/build/robot_description -- -j8 -l8
[4.146s] INFO:colcon.colcon_core.task.python.build:Building Python package in '/home/test/ros2_ws/src/service_robot'
[4.147s] INFO:colcon.colcon_core.shell:Skip shell extension 'powershell' for command environment: Not usable outside of PowerShell
[4.147s] DEBUG:colcon.colcon_core.shell:Skip shell extension 'dsv' for command environment
[4.191s] DEBUG:colcon.colcon_core.event_handler.log_command:Invoked command in '/home/test/ros2_ws/build/robot_description' returned '0': CMAKE_PREFIX_PATH=${CMAKE_PREFIX_PATH}:/home/test/ros2_ws/install/service_robot:/home/test/ros2_ws/install/robot_localization_pkg:/home/test/ros2_ws/install/robot_exam_localization:/home/test/ros2_ws/install/my_local:/home/test/ros2_ws/install/mission_planner:/home/test/ros2_ws/install/landmark_detector:/opt/ros/jazzy /usr/bin/cmake --build /home/test/ros2_ws/build/robot_description -- -j8 -l8
[4.219s] DEBUG:colcon.colcon_core.event_handler.log_command:Invoking command in '/home/test/ros2_ws/build/robot_description': CMAKE_PREFIX_PATH=${CMAKE_PREFIX_PATH}:/home/test/ros2_ws/install/service_robot:/home/test/ros2_ws/install/robot_localization_pkg:/home/test/ros2_ws/install/robot_exam_localization:/home/test/ros2_ws/install/my_local:/home/test/ros2_ws/install/mission_planner:/home/test/ros2_ws/install/landmark_detector:/opt/ros/jazzy /usr/bin/cmake --install /home/test/ros2_ws/build/robot_description
[4.309s] Level 1:colcon.colcon_core.environment:create_environment_scripts_only(robot_description)
[4.314s] Level 1:colcon.colcon_core.environment:checking '/home/test/ros2_ws/install/robot_description' for CMake module files
[4.315s] Level 1:colcon.colcon_core.environment:checking '/home/test/ros2_ws/install/robot_description' for CMake config files
[4.315s] Level 1:colcon.colcon_core.shell:create_environment_hook('robot_description', 'cmake_prefix_path')
[4.316s] INFO:colcon.colcon_core.shell:Creating environment hook '/home/test/ros2_ws/install/robot_description/share/robot_description/hook/cmake_prefix_path.ps1'
[4.329s] INFO:colcon.colcon_core.shell:Creating environment descriptor '/home/test/ros2_ws/install/robot_description/share/robot_description/hook/cmake_prefix_path.dsv'
[4.330s] INFO:colcon.colcon_core.shell:Creating environment hook '/home/test/ros2_ws/install/robot_description/share/robot_description/hook/cmake_prefix_path.sh'
[4.341s] Level 1:colcon.colcon_core.environment:checking '/home/test/ros2_ws/install/robot_description/bin'
[4.342s] Level 1:colcon.colcon_core.environment:checking '/home/test/ros2_ws/install/robot_description/lib/pkgconfig/robot_description.pc'
[4.344s] DEBUG:colcon.colcon_core.event_handler.log_command:Invoked command in '/home/test/ros2_ws/build/robot_description' returned '0': CMAKE_PREFIX_PATH=${CMAKE_PREFIX_PATH}:/home/test/ros2_ws/install/service_robot:/home/test/ros2_ws/install/robot_localization_pkg:/home/test/ros2_ws/install/robot_exam_localization:/home/test/ros2_ws/install/my_local:/home/test/ros2_ws/install/mission_planner:/home/test/ros2_ws/install/landmark_detector:/opt/ros/jazzy /usr/bin/cmake --install /home/test/ros2_ws/build/robot_description
[4.344s] Level 1:colcon.colcon_core.environment:checking '/home/test/ros2_ws/install/robot_description/lib/python3.12/site-packages'
[4.345s] Level 1:colcon.colcon_core.environment:checking '/home/test/ros2_ws/install/robot_description/bin'
[4.346s] INFO:colcon.colcon_core.shell:Creating package script '/home/test/ros2_ws/install/robot_description/share/robot_description/package.ps1'
[4.351s] INFO:colcon.colcon_core.shell:Creating package descriptor '/home/test/ros2_ws/install/robot_description/share/robot_description/package.dsv'
[4.354s] INFO:colcon.colcon_core.shell:Creating package script '/home/test/ros2_ws/install/robot_description/share/robot_description/package.sh'
[4.359s] INFO:colcon.colcon_core.shell:Creating package script '/home/test/ros2_ws/install/robot_description/share/robot_description/package.bash'
[4.361s] INFO:colcon.colcon_core.shell:Creating package script '/home/test/ros2_ws/install/robot_description/share/robot_description/package.zsh'
[4.363s] Level 1:colcon.colcon_core.environment:create_file_with_runtime_dependencies(/home/test/ros2_ws/install/robot_description/share/colcon-core/packages/robot_description)
[4.373s] Level 1:colcon.colcon_core.environment:create_environment_scripts_only(robot_description)
[4.373s] Level 1:colcon.colcon_core.environment:checking '/home/test/ros2_ws/install/robot_description' for CMake module files
[4.374s] Level 1:colcon.colcon_core.environment:checking '/home/test/ros2_ws/install/robot_description' for CMake config files
[4.375s] Level 1:colcon.colcon_core.shell:create_environment_hook('robot_description', 'cmake_prefix_path')
[4.375s] INFO:colcon.colcon_core.shell:Creating environment hook '/home/test/ros2_ws/install/robot_description/share/robot_description/hook/cmake_prefix_path.ps1'
[4.377s] INFO:colcon.colcon_core.shell:Creating environment descriptor '/home/test/ros2_ws/install/robot_description/share/robot_description/hook/cmake_prefix_path.dsv'
[4.378s] INFO:colcon.colcon_core.shell:Creating environment hook '/home/test/ros2_ws/install/robot_description/share/robot_description/hook/cmake_prefix_path.sh'
[4.383s] Level 1:colcon.colcon_core.environment:checking '/home/test/ros2_ws/install/robot_description/bin'
[4.383s] Level 1:colcon.colcon_core.environment:checking '/home/test/ros2_ws/install/robot_description/lib/pkgconfig/robot_description.pc'
[4.384s] Level 1:colcon.colcon_core.environment:checking '/home/test/ros2_ws/install/robot_description/lib/python3.12/site-packages'
[4.384s] Level 1:colcon.colcon_core.environment:checking '/home/test/ros2_ws/install/robot_description/bin'
[4.385s] INFO:colcon.colcon_core.shell:Creating package script '/home/test/ros2_ws/install/robot_description/share/robot_description/package.ps1'
[4.391s] INFO:colcon.colcon_core.shell:Creating package descriptor '/home/test/ros2_ws/install/robot_description/share/robot_description/package.dsv'
[4.392s] INFO:colcon.colcon_core.shell:Creating package script '/home/test/ros2_ws/install/robot_description/share/robot_description/package.sh'
[4.393s] INFO:colcon.colcon_core.shell:Creating package script '/home/test/ros2_ws/install/robot_description/share/robot_description/package.bash'
[4.394s] INFO:colcon.colcon_core.shell:Creating package script '/home/test/ros2_ws/install/robot_description/share/robot_description/package.zsh'
[4.395s] Level 1:colcon.colcon_core.environment:create_file_with_runtime_dependencies(/home/test/ros2_ws/install/robot_description/share/colcon-core/packages/robot_description)
[6.603s] DEBUG:colcon.colcon_core.event_handler.log_command:Invoking command in '/home/test/ros2_ws/src/service_robot': PYTHONPATH=/home/test/ros2_ws/build/service_robot/prefix_override:/usr/lib/python3/dist-packages/colcon_core/task/python/colcon_distutils_commands:/home/test/ros2_ws/install/service_robot/lib/python3.12/site-packages:${PYTHONPATH} /usr/bin/python3 -W ignore:setup.py install is deprecated -W ignore:easy_install command is deprecated setup.py egg_info --egg-base ../../build/service_robot build --build-base /home/test/ros2_ws/build/service_robot/build install --record /home/test/ros2_ws/build/service_robot/install.log --single-version-externally-managed install_data
[6.678s] DEBUG:colcon.colcon_core.event_handler.log_command:Invoking command in '/home/test/ros2_ws/src/landmark_detector': PYTHONPATH=/home/test/ros2_ws/build/landmark_detector/prefix_override:/usr/lib/python3/dist-packages/colcon_core/task/python/colcon_distutils_commands:/home/test/ros2_ws/install/landmark_detector/lib/python3.12/site-packages:${PYTHONPATH} /usr/bin/python3 -W ignore:setup.py install is deprecated -W ignore:easy_install command is deprecated setup.py egg_info --egg-base ../../build/landmark_detector build --build-base /home/test/ros2_ws/build/landmark_detector/build install --record /home/test/ros2_ws/build/landmark_detector/install.log --single-version-externally-managed install_data
[6.722s] DEBUG:colcon.colcon_core.event_handler.log_command:Invoking command in '/home/test/ros2_ws/src/mission_planner': PYTHONPATH=/home/test/ros2_ws/build/mission_planner/prefix_override:/usr/lib/python3/dist-packages/colcon_core/task/python/colcon_distutils_commands:/home/test/ros2_ws/install/mission_planner/lib/python3.12/site-packages:${PYTHONPATH} /usr/bin/python3 -W ignore:setup.py install is deprecated -W ignore:easy_install command is deprecated setup.py egg_info --egg-base ../../build/mission_planner build --build-base /home/test/ros2_ws/build/mission_planner/build install --record /home/test/ros2_ws/build/mission_planner/install.log --single-version-externally-managed install_data
[6.771s] DEBUG:colcon.colcon_core.event_handler.log_command:Invoking command in '/home/test/ros2_ws/src/my_local': PYTHONPATH=/home/test/ros2_ws/build/my_local/prefix_override:/usr/lib/python3/dist-packages/colcon_core/task/python/colcon_distutils_commands:/home/test/ros2_ws/install/my_local/lib/python3.12/site-packages:${PYTHONPATH} /usr/bin/python3 -W ignore:setup.py install is deprecated -W ignore:easy_install command is deprecated setup.py egg_info --egg-base ../../build/my_local build --build-base /home/test/ros2_ws/build/my_local/build install --record /home/test/ros2_ws/build/my_local/install.log --single-version-externally-managed install_data
[8.791s] Level 1:colcon.colcon_core.environment:checking '/home/test/ros2_ws/install/service_robot' for CMake module files
[8.792s] DEBUG:colcon.colcon_core.event_handler.log_command:Invoked command in '/home/test/ros2_ws/src/service_robot' returned '0': PYTHONPATH=/home/test/ros2_ws/build/service_robot/prefix_override:/usr/lib/python3/dist-packages/colcon_core/task/python/colcon_distutils_commands:/home/test/ros2_ws/install/service_robot/lib/python3.12/site-packages:${PYTHONPATH} /usr/bin/python3 -W ignore:setup.py install is deprecated -W ignore:easy_install command is deprecated setup.py egg_info --egg-base ../../build/service_robot build --build-base /home/test/ros2_ws/build/service_robot/build install --record /home/test/ros2_ws/build/service_robot/install.log --single-version-externally-managed install_data
[8.794s] Level 1:colcon.colcon_core.environment:checking '/home/test/ros2_ws/install/service_robot' for CMake config files
[8.797s] Level 1:colcon.colcon_core.environment:checking '/home/test/ros2_ws/install/service_robot/lib'
[8.797s] Level 1:colcon.colcon_core.environment:checking '/home/test/ros2_ws/install/service_robot/bin'
[8.798s] Level 1:colcon.colcon_core.environment:checking '/home/test/ros2_ws/install/service_robot/lib/pkgconfig/service_robot.pc'
[8.798s] Level 1:colcon.colcon_core.environment:checking '/home/test/ros2_ws/install/service_robot/lib/python3.12/site-packages'
[8.799s] Level 1:colcon.colcon_core.shell:create_environment_hook('service_robot', 'pythonpath')
[8.799s] INFO:colcon.colcon_core.shell:Creating environment hook '/home/test/ros2_ws/install/service_robot/share/service_robot/hook/pythonpath.ps1'
[8.802s] INFO:colcon.colcon_core.shell:Creating environment descriptor '/home/test/ros2_ws/install/service_robot/share/service_robot/hook/pythonpath.dsv'
[8.803s] INFO:colcon.colcon_core.shell:Creating environment hook '/home/test/ros2_ws/install/service_robot/share/service_robot/hook/pythonpath.sh'
[8.807s] Level 1:colcon.colcon_core.environment:checking '/home/test/ros2_ws/install/service_robot/bin'
[8.808s] Level 1:colcon.colcon_core.environment:create_environment_scripts_only(service_robot)
[8.808s] INFO:colcon.colcon_core.shell:Creating package script '/home/test/ros2_ws/install/service_robot/share/service_robot/package.ps1'
[8.818s] INFO:colcon.colcon_core.shell:Creating package descriptor '/home/test/ros2_ws/install/service_robot/share/service_robot/package.dsv'
[8.820s] INFO:colcon.colcon_core.shell:Creating package script '/home/test/ros2_ws/install/service_robot/share/service_robot/package.sh'
[8.821s] INFO:colcon.colcon_core.shell:Creating package script '/home/test/ros2_ws/install/service_robot/share/service_robot/package.bash'
[8.822s] INFO:colcon.colcon_core.shell:Creating package script '/home/test/ros2_ws/install/service_robot/share/service_robot/package.zsh'
[8.823s] Level 1:colcon.colcon_core.environment:create_file_with_runtime_dependencies(/home/test/ros2_ws/install/service_robot/share/colcon-core/packages/service_robot)
[9.126s] Level 1:colcon.colcon_core.environment:checking '/home/test/ros2_ws/install/mission_planner' for CMake module files
[9.127s] Level 1:colcon.colcon_core.environment:checking '/home/test/ros2_ws/install/mission_planner' for CMake config files
[9.139s] DEBUG:colcon.colcon_core.event_handler.log_command:Invoked command in '/home/test/ros2_ws/src/mission_planner' returned '0': PYTHONPATH=/home/test/ros2_ws/build/mission_planner/prefix_override:/usr/lib/python3/dist-packages/colcon_core/task/python/colcon_distutils_commands:/home/test/ros2_ws/install/mission_planner/lib/python3.12/site-packages:${PYTHONPATH} /usr/bin/python3 -W ignore:setup.py install is deprecated -W ignore:easy_install command is deprecated setup.py egg_info --egg-base ../../build/mission_planner build --build-base /home/test/ros2_ws/build/mission_planner/build install --record /home/test/ros2_ws/build/mission_planner/install.log --single-version-externally-managed install_data
[9.140s] Level 1:colcon.colcon_core.environment:checking '/home/test/ros2_ws/install/mission_planner/lib'
[9.140s] Level 1:colcon.colcon_core.environment:checking '/home/test/ros2_ws/install/mission_planner/bin'
[9.140s] Level 1:colcon.colcon_core.environment:checking '/home/test/ros2_ws/install/mission_planner/lib/pkgconfig/mission_planner.pc'
[9.141s] Level 1:colcon.colcon_core.environment:checking '/home/test/ros2_ws/install/mission_planner/lib/python3.12/site-packages'
[9.141s] Level 1:colcon.colcon_core.shell:create_environment_hook('mission_planner', 'pythonpath')
[9.141s] INFO:colcon.colcon_core.shell:Creating environment hook '/home/test/ros2_ws/install/mission_planner/share/mission_planner/hook/pythonpath.ps1'
[9.142s] INFO:colcon.colcon_core.shell:Creating environment descriptor '/home/test/ros2_ws/install/mission_planner/share/mission_planner/hook/pythonpath.dsv'
[9.143s] INFO:colcon.colcon_core.shell:Creating environment hook '/home/test/ros2_ws/install/mission_planner/share/mission_planner/hook/pythonpath.sh'
[9.144s] Level 1:colcon.colcon_core.environment:checking '/home/test/ros2_ws/install/mission_planner/bin'
[9.145s] Level 1:colcon.colcon_core.environment:create_environment_scripts_only(mission_planner)
[9.145s] INFO:colcon.colcon_core.shell:Creating package script '/home/test/ros2_ws/install/mission_planner/share/mission_planner/package.ps1'
[9.146s] INFO:colcon.colcon_core.shell:Creating package descriptor '/home/test/ros2_ws/install/mission_planner/share/mission_planner/package.dsv'
[9.156s] INFO:colcon.colcon_core.shell:Creating package script '/home/test/ros2_ws/install/mission_planner/share/mission_planner/package.sh'
[9.157s] INFO:colcon.colcon_core.shell:Creating package script '/home/test/ros2_ws/install/mission_planner/share/mission_planner/package.bash'
[9.158s] INFO:colcon.colcon_core.shell:Creating package script '/home/test/ros2_ws/install/mission_planner/share/mission_planner/package.zsh'
[9.159s] Level 1:colcon.colcon_core.environment:create_file_with_runtime_dependencies(/home/test/ros2_ws/install/mission_planner/share/colcon-core/packages/mission_planner)
[9.166s] Level 1:colcon.colcon_core.environment:checking '/home/test/ros2_ws/install/my_local' for CMake module files
[9.172s] DEBUG:colcon.colcon_core.event_handler.log_command:Invoked command in '/home/test/ros2_ws/src/my_local' returned '0': PYTHONPATH=/home/test/ros2_ws/build/my_local/prefix_override:/usr/lib/python3/dist-packages/colcon_core/task/python/colcon_distutils_commands:/home/test/ros2_ws/install/my_local/lib/python3.12/site-packages:${PYTHONPATH} /usr/bin/python3 -W ignore:setup.py install is deprecated -W ignore:easy_install command is deprecated setup.py egg_info --egg-base ../../build/my_local build --build-base /home/test/ros2_ws/build/my_local/build install --record /home/test/ros2_ws/build/my_local/install.log --single-version-externally-managed install_data
[9.173s] Level 1:colcon.colcon_core.environment:checking '/home/test/ros2_ws/install/my_local' for CMake config files
[9.175s] Level 1:colcon.colcon_core.environment:checking '/home/test/ros2_ws/install/my_local/lib'
[9.175s] Level 1:colcon.colcon_core.environment:checking '/home/test/ros2_ws/install/my_local/bin'
[9.175s] Level 1:colcon.colcon_core.environment:checking '/home/test/ros2_ws/install/my_local/lib/pkgconfig/my_local.pc'
[9.176s] Level 1:colcon.colcon_core.environment:checking '/home/test/ros2_ws/install/my_local/lib/python3.12/site-packages'
[9.176s] Level 1:colcon.colcon_core.shell:create_environment_hook('my_local', 'pythonpath')
[9.176s] INFO:colcon.colcon_core.shell:Creating environment hook '/home/test/ros2_ws/install/my_local/share/my_local/hook/pythonpath.ps1'
[9.177s] INFO:colcon.colcon_core.shell:Creating environment descriptor '/home/test/ros2_ws/install/my_local/share/my_local/hook/pythonpath.dsv'
[9.178s] INFO:colcon.colcon_core.shell:Creating environment hook '/home/test/ros2_ws/install/my_local/share/my_local/hook/pythonpath.sh'
[9.180s] Level 1:colcon.colcon_core.environment:checking '/home/test/ros2_ws/install/my_local/bin'
[9.180s] Level 1:colcon.colcon_core.environment:create_environment_scripts_only(my_local)
[9.180s] INFO:colcon.colcon_core.shell:Creating package script '/home/test/ros2_ws/install/my_local/share/my_local/package.ps1'
[9.188s] INFO:colcon.colcon_core.shell:Creating package descriptor '/home/test/ros2_ws/install/my_local/share/my_local/package.dsv'
[9.189s] INFO:colcon.colcon_core.shell:Creating package script '/home/test/ros2_ws/install/my_local/share/my_local/package.sh'
[9.190s] INFO:colcon.colcon_core.shell:Creating package script '/home/test/ros2_ws/install/my_local/share/my_local/package.bash'
[9.191s] INFO:colcon.colcon_core.shell:Creating package script '/home/test/ros2_ws/install/my_local/share/my_local/package.zsh'
[9.192s] Level 1:colcon.colcon_core.environment:create_file_with_runtime_dependencies(/home/test/ros2_ws/install/my_local/share/colcon-core/packages/my_local)
[9.325s] Level 1:colcon.colcon_core.environment:checking '/home/test/ros2_ws/install/landmark_detector' for CMake module files
[9.326s] Level 1:colcon.colcon_core.environment:checking '/home/test/ros2_ws/install/landmark_detector' for CMake config files
[9.327s] DEBUG:colcon.colcon_core.event_handler.log_command:Invoked command in '/home/test/ros2_ws/src/landmark_detector' returned '0': PYTHONPATH=/home/test/ros2_ws/build/landmark_detector/prefix_override:/usr/lib/python3/dist-packages/colcon_core/task/python/colcon_distutils_commands:/home/test/ros2_ws/install/landmark_detector/lib/python3.12/site-packages:${PYTHONPATH} /usr/bin/python3 -W ignore:setup.py install is deprecated -W ignore:easy_install command is deprecated setup.py egg_info --egg-base ../../build/landmark_detector build --build-base /home/test/ros2_ws/build/landmark_detector/build install --record /home/test/ros2_ws/build/landmark_detector/install.log --single-version-externally-managed install_data
[9.329s] Level 1:colcon.colcon_core.environment:checking '/home/test/ros2_ws/install/landmark_detector/lib'
[9.329s] Level 1:colcon.colcon_core.environment:checking '/home/test/ros2_ws/install/landmark_detector/bin'
[9.329s] Level 1:colcon.colcon_core.environment:checking '/home/test/ros2_ws/install/landmark_detector/lib/pkgconfig/landmark_detector.pc'
[9.330s] Level 1:colcon.colcon_core.environment:checking '/home/test/ros2_ws/install/landmark_detector/lib/python3.12/site-packages'
[9.330s] Level 1:colcon.colcon_core.shell:create_environment_hook('landmark_detector', 'pythonpath')
[9.331s] INFO:colcon.colcon_core.shell:Creating environment hook '/home/test/ros2_ws/install/landmark_detector/share/landmark_detector/hook/pythonpath.ps1'
[9.332s] INFO:colcon.colcon_core.shell:Creating environment descriptor '/home/test/ros2_ws/install/landmark_detector/share/landmark_detector/hook/pythonpath.dsv'
[9.333s] INFO:colcon.colcon_core.shell:Creating environment hook '/home/test/ros2_ws/install/landmark_detector/share/landmark_detector/hook/pythonpath.sh'
[9.335s] Level 1:colcon.colcon_core.environment:checking '/home/test/ros2_ws/install/landmark_detector/bin'
[9.335s] Level 1:colcon.colcon_core.environment:create_environment_scripts_only(landmark_detector)
[9.336s] INFO:colcon.colcon_core.shell:Creating package script '/home/test/ros2_ws/install/landmark_detector/share/landmark_detector/package.ps1'
[9.337s] INFO:colcon.colcon_core.shell:Creating package descriptor '/home/test/ros2_ws/install/landmark_detector/share/landmark_detector/package.dsv'
[9.339s] INFO:colcon.colcon_core.shell:Creating package script '/home/test/ros2_ws/install/landmark_detector/share/landmark_detector/package.sh'
[9.341s] INFO:colcon.colcon_core.shell:Creating package script '/home/test/ros2_ws/install/landmark_detector/share/landmark_detector/package.bash'
[9.344s] INFO:colcon.colcon_core.shell:Creating package script '/home/test/ros2_ws/install/landmark_detector/share/landmark_detector/package.zsh'
[9.345s] Level 1:colcon.colcon_core.environment:create_file_with_runtime_dependencies(/home/test/ros2_ws/install/landmark_detector/share/colcon-core/packages/landmark_detector)
[9.346s] DEBUG:colcon.colcon_parallel_executor.executor.parallel:closing loop
[9.346s] DEBUG:colcon.colcon_parallel_executor.executor.parallel:loop closed
[9.347s] DEBUG:colcon.colcon_parallel_executor.executor.parallel:run_until_complete finished with '0'
[9.349s] DEBUG:colcon.colcon_core.event_reactor:joining thread
[9.556s] INFO:colcon.colcon_core.plugin_system:Skipping extension 'colcon_notification.desktop_notification.notify_send': Could not find 'notify-send'
[9.556s] INFO:colcon.colcon_core.plugin_system:Skipping extension 'colcon_notification.desktop_notification.terminal_notifier': Not used on non-Darwin systems
[9.556s] INFO:colcon.colcon_core.plugin_system:Skipping extension 'colcon_notification.desktop_notification.win32': Not used on non-Windows systems
[9.556s] INFO:colcon.colcon_notification.desktop_notification:Sending desktop notification using 'notify2'
[9.560s] DEBUG:colcon.colcon_notification.desktop_notification.notify2:Failed to initialize notify2: org.freedesktop.DBus.Error.ServiceUnknown: The name org.freedesktop.Notifications was not provided by any .service files
[9.560s] DEBUG:colcon.colcon_core.event_reactor:joined thread
[9.561s] INFO:colcon.colcon_core.shell:Creating prefix script '/home/test/ros2_ws/install/local_setup.ps1'
[9.563s] INFO:colcon.colcon_core.shell:Creating prefix util module '/home/test/ros2_ws/install/_local_setup_util_ps1.py'
[9.566s] INFO:colcon.colcon_core.shell:Creating prefix chain script '/home/test/ros2_ws/install/setup.ps1'
[9.569s] INFO:colcon.colcon_core.shell:Creating prefix script '/home/test/ros2_ws/install/local_setup.sh'
[9.570s] INFO:colcon.colcon_core.shell:Creating prefix util module '/home/test/ros2_ws/install/_local_setup_util_sh.py'
[9.572s] INFO:colcon.colcon_core.shell:Creating prefix chain script '/home/test/ros2_ws/install/setup.sh'
[9.577s] INFO:colcon.colcon_core.shell:Creating prefix script '/home/test/ros2_ws/install/local_setup.bash'
[9.579s] INFO:colcon.colcon_core.shell:Creating prefix chain script '/home/test/ros2_ws/install/setup.bash'
[9.582s] INFO:colcon.colcon_core.shell:Creating prefix script '/home/test/ros2_ws/install/local_setup.zsh'
[9.583s] INFO:colcon.colcon_core.shell:Creating prefix chain script '/home/test/ros2_ws/install/setup.zsh'
