running egg_info
creating ../../build/robot_exam_localization/robot_exam_localization.egg-info
writing ../../build/robot_exam_localization/robot_exam_localization.egg-info/PKG-INFO
writing dependency_links to ../../build/robot_exam_localization/robot_exam_localization.egg-info/dependency_links.txt
writing requirements to ../../build/robot_exam_localization/robot_exam_localization.egg-info/requires.txt
writing top-level names to ../../build/robot_exam_localization/robot_exam_localization.egg-info/top_level.txt
writing manifest file '../../build/robot_exam_localization/robot_exam_localization.egg-info/SOURCES.txt'
reading manifest file '../../build/robot_exam_localization/robot_exam_localization.egg-info/SOURCES.txt'
writing manifest file '../../build/robot_exam_localization/robot_exam_localization.egg-info/SOURCES.txt'
running build
running build_py
creating /home/test/ros2_ws/build/robot_exam_localization/build
creating /home/test/ros2_ws/build/robot_exam_localization/build/lib
creating /home/test/ros2_ws/build/robot_exam_localization/build/lib/robot_exam_localization
copying robot_exam_localization/__init__.py -> /home/test/ros2_ws/build/robot_exam_localization/build/lib/robot_exam_localization
running install
running install_lib
creating /home/test/ros2_ws/install/robot_exam_localization/lib/python3.12/site-packages/robot_exam_localization
copying /home/test/ros2_ws/build/robot_exam_localization/build/lib/robot_exam_localization/__init__.py -> /home/test/ros2_ws/install/robot_exam_localization/lib/python3.12/site-packages/robot_exam_localization
byte-compiling /home/test/ros2_ws/install/robot_exam_localization/lib/python3.12/site-packages/robot_exam_localization/__init__.py to __init__.cpython-312.pyc
running install_data
creating /home/test/ros2_ws/install/robot_exam_localization/share/ament_index
creating /home/test/ros2_ws/install/robot_exam_localization/share/ament_index/resource_index
creating /home/test/ros2_ws/install/robot_exam_localization/share/ament_index/resource_index/packages
copying resource/robot_exam_localization -> /home/test/ros2_ws/install/robot_exam_localization/share/ament_index/resource_index/packages
copying package.xml -> /home/test/ros2_ws/install/robot_exam_localization/share/robot_exam_localization
running install_egg_info
Copying ../../build/robot_exam_localization/robot_exam_localization.egg-info to /home/test/ros2_ws/install/robot_exam_localization/lib/python3.12/site-packages/robot_exam_localization-0.0.0-py3.12.egg-info
running install_scripts
writing list of installed files to '/home/test/ros2_ws/build/robot_exam_localization/install.log'
