[2.876s] Invoking command in '/home/test/ros2_ws/src/mission_planner': PYTHONPATH=/home/test/ros2_ws/build/mission_planner/prefix_override:/usr/lib/python3/dist-packages/colcon_core/task/python/colcon_distutils_commands:/home/test/ros2_ws/install/mission_planner/lib/python3.12/site-packages:${PYTHONPATH} /usr/bin/python3 -W ignore:setup.py install is deprecated -W ignore:easy_install command is deprecated setup.py egg_info --egg-base ../../build/mission_planner build --build-base /home/test/ros2_ws/build/mission_planner/build install --record /home/test/ros2_ws/build/mission_planner/install.log --single-version-externally-managed install_data
[3.242s] running egg_info
[3.242s] creating ../../build/mission_planner/mission_planner.egg-info
[3.264s] writing ../../build/mission_planner/mission_planner.egg-info/PKG-INFO
[3.265s] writing dependency_links to ../../build/mission_planner/mission_planner.egg-info/dependency_links.txt
[3.265s] writing requirements to ../../build/mission_planner/mission_planner.egg-info/requires.txt
[3.265s] writing top-level names to ../../build/mission_planner/mission_planner.egg-info/top_level.txt
[3.265s] writing manifest file '../../build/mission_planner/mission_planner.egg-info/SOURCES.txt'
[3.319s] reading manifest file '../../build/mission_planner/mission_planner.egg-info/SOURCES.txt'
[3.320s] writing manifest file '../../build/mission_planner/mission_planner.egg-info/SOURCES.txt'
[3.320s] running build
[3.320s] running build_py
[3.321s] creating /home/test/ros2_ws/build/mission_planner/build
[3.321s] creating /home/test/ros2_ws/build/mission_planner/build/lib
[3.321s] creating /home/test/ros2_ws/build/mission_planner/build/lib/mission_planner
[3.321s] copying mission_planner/__init__.py -> /home/test/ros2_ws/build/mission_planner/build/lib/mission_planner
[3.322s] running install
[3.328s] running install_lib
[3.360s] creating /home/test/ros2_ws/install/mission_planner/lib/python3.12/site-packages/mission_planner
[3.360s] copying /home/test/ros2_ws/build/mission_planner/build/lib/mission_planner/__init__.py -> /home/test/ros2_ws/install/mission_planner/lib/python3.12/site-packages/mission_planner
[3.361s] byte-compiling /home/test/ros2_ws/install/mission_planner/lib/python3.12/site-packages/mission_planner/__init__.py to __init__.cpython-312.pyc
[3.362s] running install_data
[3.362s] creating /home/test/ros2_ws/install/mission_planner/share/ament_index
[3.362s] creating /home/test/ros2_ws/install/mission_planner/share/ament_index/resource_index
[3.362s] creating /home/test/ros2_ws/install/mission_planner/share/ament_index/resource_index/packages
[3.363s] copying resource/mission_planner -> /home/test/ros2_ws/install/mission_planner/share/ament_index/resource_index/packages
[3.363s] copying package.xml -> /home/test/ros2_ws/install/mission_planner/share/mission_planner
[3.363s] running install_egg_info
[3.392s] Copying ../../build/mission_planner/mission_planner.egg-info to /home/test/ros2_ws/install/mission_planner/lib/python3.12/site-packages/mission_planner-0.0.0-py3.12.egg-info
[3.396s] running install_scripts
[3.570s] writing list of installed files to '/home/test/ros2_ws/build/mission_planner/install.log'
[3.627s] Invoked command in '/home/test/ros2_ws/src/mission_planner' returned '0': PYTHONPATH=/home/test/ros2_ws/build/mission_planner/prefix_override:/usr/lib/python3/dist-packages/colcon_core/task/python/colcon_distutils_commands:/home/test/ros2_ws/install/mission_planner/lib/python3.12/site-packages:${PYTHONPATH} /usr/bin/python3 -W ignore:setup.py install is deprecated -W ignore:easy_install command is deprecated setup.py egg_info --egg-base ../../build/mission_planner build --build-base /home/test/ros2_ws/build/mission_planner/build install --record /home/test/ros2_ws/build/mission_planner/install.log --single-version-externally-managed install_data
