[0.351s] DEBUG:colcon:Command line arguments: ['/usr/bin/colcon', 'build']
[0.352s] DEBUG:colcon:Parsed command line arguments: Namespace(log_base=None, log_level=None, verb_name='build', build_base='build', install_base='install', merge_install=False, symlink_install=False, test_result_base=None, continue_on_error=False, executor='parallel', parallel_workers=8, event_handlers=None, ignore_user_meta=False, metas=['./colcon.meta'], base_paths=['.'], packages_ignore=None, packages_ignore_regex=None, paths=None, packages_up_to=None, packages_up_to_regex=None, packages_above=None, packages_above_and_dependencies=None, packages_above_depth=None, packages_select_by_dep=None, packages_skip_by_dep=None, packages_skip_up_to=None, packages_select_build_failed=False, packages_skip_build_finished=False, packages_select_test_failures=False, packages_skip_test_passed=False, packages_select=None, packages_skip=None, packages_select_regex=None, packages_skip_regex=None, packages_start=None, packages_end=None, allow_overriding=[], cmake_args=None, cmake_target=None, cmake_target_skip_unavailable=False, cmake_clean_cache=False, cmake_clean_first=False, cmake_force_configure=False, ament_cmake_args=None, catkin_cmake_args=None, catkin_skip_building_tests=False, mixin_files=None, mixin=None, verb_parser=<colcon_mixin.mixin.mixin_argument.MixinArgumentDecorator object at 0x7db95c7ff170>, verb_extension=<colcon_core.verb.build.BuildVerb object at 0x7db95d2c64b0>, main=<bound method BuildVerb.main of <colcon_core.verb.build.BuildVerb object at 0x7db95d2c64b0>>, mixin_verb=('build',))
[0.482s] Level 1:colcon.colcon_core.package_discovery:discover_packages(colcon_meta) check parameters
[0.482s] Level 1:colcon.colcon_core.package_discovery:discover_packages(recursive) check parameters
[0.482s] Level 1:colcon.colcon_core.package_discovery:discover_packages(ignore) check parameters
[0.483s] Level 1:colcon.colcon_core.package_discovery:discover_packages(path) check parameters
[0.483s] Level 1:colcon.colcon_core.package_discovery:discover_packages(colcon_meta) discover
[0.483s] Level 1:colcon.colcon_core.package_discovery:discover_packages(recursive) discover
[0.483s] INFO:colcon.colcon_core.package_discovery:Crawling recursively for packages in '/home/test/ros2_ws'
[0.483s] Level 1:colcon.colcon_core.package_identification:_identify(.) by extensions ['ignore', 'ignore_ament_install']
[0.483s] Level 1:colcon.colcon_core.package_identification:_identify(.) by extension 'ignore'
[0.484s] Level 1:colcon.colcon_core.package_identification:_identify(.) by extension 'ignore_ament_install'
[0.484s] Level 1:colcon.colcon_core.package_identification:_identify(.) by extensions ['colcon_pkg']
[0.484s] Level 1:colcon.colcon_core.package_identification:_identify(.) by extension 'colcon_pkg'
[0.484s] Level 1:colcon.colcon_core.package_identification:_identify(.) by extensions ['colcon_meta']
[0.485s] Level 1:colcon.colcon_core.package_identification:_identify(.) by extension 'colcon_meta'
[0.485s] Level 1:colcon.colcon_core.package_identification:_identify(.) by extensions ['ros']
[0.485s] Level 1:colcon.colcon_core.package_identification:_identify(.) by extension 'ros'
[0.562s] Level 1:colcon.colcon_core.package_identification:_identify(.) by extensions ['cmake', 'python']
[0.562s] Level 1:colcon.colcon_core.package_identification:_identify(.) by extension 'cmake'
[0.562s] Level 1:colcon.colcon_core.package_identification:_identify(.) by extension 'python'
[0.563s] Level 1:colcon.colcon_core.package_identification:_identify(.) by extensions ['python_setup_py']
[0.563s] Level 1:colcon.colcon_core.package_identification:_identify(.) by extension 'python_setup_py'
[0.563s] Level 1:colcon.colcon_core.package_identification:_identify(build) by extensions ['ignore', 'ignore_ament_install']
[0.563s] Level 1:colcon.colcon_core.package_identification:_identify(build) by extension 'ignore'
[0.564s] Level 1:colcon.colcon_core.package_identification:_identify(build) ignored
[0.564s] Level 1:colcon.colcon_core.package_identification:_identify(install) by extensions ['ignore', 'ignore_ament_install']
[0.564s] Level 1:colcon.colcon_core.package_identification:_identify(install) by extension 'ignore'
[0.564s] Level 1:colcon.colcon_core.package_identification:_identify(install) ignored
[0.565s] Level 1:colcon.colcon_core.package_identification:_identify(log) by extensions ['ignore', 'ignore_ament_install']
[0.565s] Level 1:colcon.colcon_core.package_identification:_identify(log) by extension 'ignore'
[0.565s] Level 1:colcon.colcon_core.package_identification:_identify(log) ignored
[0.565s] Level 1:colcon.colcon_core.package_identification:_identify(src) by extensions ['ignore', 'ignore_ament_install']
[0.565s] Level 1:colcon.colcon_core.package_identification:_identify(src) by extension 'ignore'
[0.566s] Level 1:colcon.colcon_core.package_identification:_identify(src) by extension 'ignore_ament_install'
[0.566s] Level 1:colcon.colcon_core.package_identification:_identify(src) by extensions ['colcon_pkg']
[0.566s] Level 1:colcon.colcon_core.package_identification:_identify(src) by extension 'colcon_pkg'
[0.566s] Level 1:colcon.colcon_core.package_identification:_identify(src) by extensions ['colcon_meta']
[0.566s] Level 1:colcon.colcon_core.package_identification:_identify(src) by extension 'colcon_meta'
[0.566s] Level 1:colcon.colcon_core.package_identification:_identify(src) by extensions ['ros']
[0.566s] Level 1:colcon.colcon_core.package_identification:_identify(src) by extension 'ros'
[0.566s] Level 1:colcon.colcon_core.package_identification:_identify(src) by extensions ['cmake', 'python']
[0.567s] Level 1:colcon.colcon_core.package_identification:_identify(src) by extension 'cmake'
[0.567s] Level 1:colcon.colcon_core.package_identification:_identify(src) by extension 'python'
[0.567s] Level 1:colcon.colcon_core.package_identification:_identify(src) by extensions ['python_setup_py']
[0.567s] Level 1:colcon.colcon_core.package_identification:_identify(src) by extension 'python_setup_py'
[0.567s] Level 1:colcon.colcon_core.package_identification:_identify(src/landmark_detector) by extensions ['ignore', 'ignore_ament_install']
[0.567s] Level 1:colcon.colcon_core.package_identification:_identify(src/landmark_detector) by extension 'ignore'
[0.568s] Level 1:colcon.colcon_core.package_identification:_identify(src/landmark_detector) by extension 'ignore_ament_install'
[0.568s] Level 1:colcon.colcon_core.package_identification:_identify(src/landmark_detector) by extensions ['colcon_pkg']
[0.568s] Level 1:colcon.colcon_core.package_identification:_identify(src/landmark_detector) by extension 'colcon_pkg'
[0.568s] Level 1:colcon.colcon_core.package_identification:_identify(src/landmark_detector) by extensions ['colcon_meta']
[0.568s] Level 1:colcon.colcon_core.package_identification:_identify(src/landmark_detector) by extension 'colcon_meta'
[0.568s] Level 1:colcon.colcon_core.package_identification:_identify(src/landmark_detector) by extensions ['ros']
[0.568s] Level 1:colcon.colcon_core.package_identification:_identify(src/landmark_detector) by extension 'ros'
[0.575s] DEBUG:colcon.colcon_core.package_identification:Package 'src/landmark_detector' with type 'ros.ament_python' and name 'landmark_detector'
[0.576s] Level 1:colcon.colcon_core.package_identification:_identify(src/mission_planner) by extensions ['ignore', 'ignore_ament_install']
[0.576s] Level 1:colcon.colcon_core.package_identification:_identify(src/mission_planner) by extension 'ignore'
[0.576s] Level 1:colcon.colcon_core.package_identification:_identify(src/mission_planner) by extension 'ignore_ament_install'
[0.576s] Level 1:colcon.colcon_core.package_identification:_identify(src/mission_planner) by extensions ['colcon_pkg']
[0.577s] Level 1:colcon.colcon_core.package_identification:_identify(src/mission_planner) by extension 'colcon_pkg'
[0.577s] Level 1:colcon.colcon_core.package_identification:_identify(src/mission_planner) by extensions ['colcon_meta']
[0.577s] Level 1:colcon.colcon_core.package_identification:_identify(src/mission_planner) by extension 'colcon_meta'
[0.578s] Level 1:colcon.colcon_core.package_identification:_identify(src/mission_planner) by extensions ['ros']
[0.578s] Level 1:colcon.colcon_core.package_identification:_identify(src/mission_planner) by extension 'ros'
[0.580s] DEBUG:colcon.colcon_core.package_identification:Package 'src/mission_planner' with type 'ros.ament_python' and name 'mission_planner'
[0.580s] Level 1:colcon.colcon_core.package_identification:_identify(src/my_local) by extensions ['ignore', 'ignore_ament_install']
[0.580s] Level 1:colcon.colcon_core.package_identification:_identify(src/my_local) by extension 'ignore'
[0.580s] Level 1:colcon.colcon_core.package_identification:_identify(src/my_local) by extension 'ignore_ament_install'
[0.581s] Level 1:colcon.colcon_core.package_identification:_identify(src/my_local) by extensions ['colcon_pkg']
[0.581s] Level 1:colcon.colcon_core.package_identification:_identify(src/my_local) by extension 'colcon_pkg'
[0.581s] Level 1:colcon.colcon_core.package_identification:_identify(src/my_local) by extensions ['colcon_meta']
[0.581s] Level 1:colcon.colcon_core.package_identification:_identify(src/my_local) by extension 'colcon_meta'
[0.581s] Level 1:colcon.colcon_core.package_identification:_identify(src/my_local) by extensions ['ros']
[0.581s] Level 1:colcon.colcon_core.package_identification:_identify(src/my_local) by extension 'ros'
[0.583s] DEBUG:colcon.colcon_core.package_identification:Package 'src/my_local' with type 'ros.ament_python' and name 'my_local'
[0.583s] Level 1:colcon.colcon_core.package_identification:_identify(src/robot_description) by extensions ['ignore', 'ignore_ament_install']
[0.583s] Level 1:colcon.colcon_core.package_identification:_identify(src/robot_description) by extension 'ignore'
[0.584s] Level 1:colcon.colcon_core.package_identification:_identify(src/robot_description) by extension 'ignore_ament_install'
[0.584s] Level 1:colcon.colcon_core.package_identification:_identify(src/robot_description) by extensions ['colcon_pkg']
[0.584s] Level 1:colcon.colcon_core.package_identification:_identify(src/robot_description) by extension 'colcon_pkg'
[0.584s] Level 1:colcon.colcon_core.package_identification:_identify(src/robot_description) by extensions ['colcon_meta']
[0.584s] Level 1:colcon.colcon_core.package_identification:_identify(src/robot_description) by extension 'colcon_meta'
[0.584s] Level 1:colcon.colcon_core.package_identification:_identify(src/robot_description) by extensions ['ros']
[0.584s] Level 1:colcon.colcon_core.package_identification:_identify(src/robot_description) by extension 'ros'
[0.587s] DEBUG:colcon.colcon_core.package_identification:Package 'src/robot_description' with type 'ros.ament_cmake' and name 'robot_description'
[0.587s] Level 1:colcon.colcon_core.package_identification:_identify(src/service_robot) by extensions ['ignore', 'ignore_ament_install']
[0.588s] Level 1:colcon.colcon_core.package_identification:_identify(src/service_robot) by extension 'ignore'
[0.588s] Level 1:colcon.colcon_core.package_identification:_identify(src/service_robot) by extension 'ignore_ament_install'
[0.588s] Level 1:colcon.colcon_core.package_identification:_identify(src/service_robot) by extensions ['colcon_pkg']
[0.588s] Level 1:colcon.colcon_core.package_identification:_identify(src/service_robot) by extension 'colcon_pkg'
[0.588s] Level 1:colcon.colcon_core.package_identification:_identify(src/service_robot) by extensions ['colcon_meta']
[0.588s] Level 1:colcon.colcon_core.package_identification:_identify(src/service_robot) by extension 'colcon_meta'
[0.588s] Level 1:colcon.colcon_core.package_identification:_identify(src/service_robot) by extensions ['ros']
[0.588s] Level 1:colcon.colcon_core.package_identification:_identify(src/service_robot) by extension 'ros'
[0.590s] DEBUG:colcon.colcon_core.package_identification:Package 'src/service_robot' with type 'ros.ament_python' and name 'service_robot'
[0.590s] Level 1:colcon.colcon_core.package_discovery:discover_packages(recursive) using defaults
[0.591s] Level 1:colcon.colcon_core.package_discovery:discover_packages(ignore) discover
[0.591s] Level 1:colcon.colcon_core.package_discovery:discover_packages(ignore) using defaults
[0.591s] Level 1:colcon.colcon_core.package_discovery:discover_packages(path) discover
[0.591s] Level 1:colcon.colcon_core.package_discovery:discover_packages(path) using defaults
[0.637s] Level 1:colcon.colcon_core.package_discovery:discover_packages(prefix_path) check parameters
[0.637s] Level 1:colcon.colcon_core.package_discovery:discover_packages(prefix_path) discover
[0.641s] DEBUG:colcon.colcon_installed_package_information.package_discovery:Found 7 installed packages in /home/test/ros2_ws/install
[0.644s] DEBUG:colcon.colcon_installed_package_information.package_discovery:Found 389 installed packages in /opt/ros/jazzy
[0.646s] Level 1:colcon.colcon_core.package_discovery:discover_packages(prefix_path) using defaults
[0.727s] Level 5:colcon.colcon_core.verb:set package 'landmark_detector' build argument 'cmake_args' from command line to 'None'
[0.727s] Level 5:colcon.colcon_core.verb:set package 'landmark_detector' build argument 'cmake_target' from command line to 'None'
[0.727s] Level 5:colcon.colcon_core.verb:set package 'landmark_detector' build argument 'cmake_target_skip_unavailable' from command line to 'False'
[0.727s] Level 5:colcon.colcon_core.verb:set package 'landmark_detector' build argument 'cmake_clean_cache' from command line to 'False'
[0.727s] Level 5:colcon.colcon_core.verb:set package 'landmark_detector' build argument 'cmake_clean_first' from command line to 'False'
[0.727s] Level 5:colcon.colcon_core.verb:set package 'landmark_detector' build argument 'cmake_force_configure' from command line to 'False'
[0.727s] Level 5:colcon.colcon_core.verb:set package 'landmark_detector' build argument 'ament_cmake_args' from command line to 'None'
[0.727s] Level 5:colcon.colcon_core.verb:set package 'landmark_detector' build argument 'catkin_cmake_args' from command line to 'None'
[0.727s] Level 5:colcon.colcon_core.verb:set package 'landmark_detector' build argument 'catkin_skip_building_tests' from command line to 'False'
[0.727s] DEBUG:colcon.colcon_core.verb:Building package 'landmark_detector' with the following arguments: {'ament_cmake_args': None, 'build_base': '/home/test/ros2_ws/build/landmark_detector', 'catkin_cmake_args': None, 'catkin_skip_building_tests': False, 'cmake_args': None, 'cmake_clean_cache': False, 'cmake_clean_first': False, 'cmake_force_configure': False, 'cmake_target': None, 'cmake_target_skip_unavailable': False, 'install_base': '/home/test/ros2_ws/install/landmark_detector', 'merge_install': False, 'path': '/home/test/ros2_ws/src/landmark_detector', 'symlink_install': False, 'test_result_base': None}
[0.728s] Level 5:colcon.colcon_core.verb:set package 'mission_planner' build argument 'cmake_args' from command line to 'None'
[0.728s] Level 5:colcon.colcon_core.verb:set package 'mission_planner' build argument 'cmake_target' from command line to 'None'
[0.728s] Level 5:colcon.colcon_core.verb:set package 'mission_planner' build argument 'cmake_target_skip_unavailable' from command line to 'False'
[0.728s] Level 5:colcon.colcon_core.verb:set package 'mission_planner' build argument 'cmake_clean_cache' from command line to 'False'
[0.728s] Level 5:colcon.colcon_core.verb:set package 'mission_planner' build argument 'cmake_clean_first' from command line to 'False'
[0.728s] Level 5:colcon.colcon_core.verb:set package 'mission_planner' build argument 'cmake_force_configure' from command line to 'False'
[0.728s] Level 5:colcon.colcon_core.verb:set package 'mission_planner' build argument 'ament_cmake_args' from command line to 'None'
[0.728s] Level 5:colcon.colcon_core.verb:set package 'mission_planner' build argument 'catkin_cmake_args' from command line to 'None'
[0.728s] Level 5:colcon.colcon_core.verb:set package 'mission_planner' build argument 'catkin_skip_building_tests' from command line to 'False'
[0.728s] DEBUG:colcon.colcon_core.verb:Building package 'mission_planner' with the following arguments: {'ament_cmake_args': None, 'build_base': '/home/test/ros2_ws/build/mission_planner', 'catkin_cmake_args': None, 'catkin_skip_building_tests': False, 'cmake_args': None, 'cmake_clean_cache': False, 'cmake_clean_first': False, 'cmake_force_configure': False, 'cmake_target': None, 'cmake_target_skip_unavailable': False, 'install_base': '/home/test/ros2_ws/install/mission_planner', 'merge_install': False, 'path': '/home/test/ros2_ws/src/mission_planner', 'symlink_install': False, 'test_result_base': None}
[0.728s] Level 5:colcon.colcon_core.verb:set package 'my_local' build argument 'cmake_args' from command line to 'None'
[0.728s] Level 5:colcon.colcon_core.verb:set package 'my_local' build argument 'cmake_target' from command line to 'None'
[0.728s] Level 5:colcon.colcon_core.verb:set package 'my_local' build argument 'cmake_target_skip_unavailable' from command line to 'False'
[0.728s] Level 5:colcon.colcon_core.verb:set package 'my_local' build argument 'cmake_clean_cache' from command line to 'False'
[0.728s] Level 5:colcon.colcon_core.verb:set package 'my_local' build argument 'cmake_clean_first' from command line to 'False'
[0.728s] Level 5:colcon.colcon_core.verb:set package 'my_local' build argument 'cmake_force_configure' from command line to 'False'
[0.728s] Level 5:colcon.colcon_core.verb:set package 'my_local' build argument 'ament_cmake_args' from command line to 'None'
[0.728s] Level 5:colcon.colcon_core.verb:set package 'my_local' build argument 'catkin_cmake_args' from command line to 'None'
[0.728s] Level 5:colcon.colcon_core.verb:set package 'my_local' build argument 'catkin_skip_building_tests' from command line to 'False'
[0.728s] DEBUG:colcon.colcon_core.verb:Building package 'my_local' with the following arguments: {'ament_cmake_args': None, 'build_base': '/home/test/ros2_ws/build/my_local', 'catkin_cmake_args': None, 'catkin_skip_building_tests': False, 'cmake_args': None, 'cmake_clean_cache': False, 'cmake_clean_first': False, 'cmake_force_configure': False, 'cmake_target': None, 'cmake_target_skip_unavailable': False, 'install_base': '/home/test/ros2_ws/install/my_local', 'merge_install': False, 'path': '/home/test/ros2_ws/src/my_local', 'symlink_install': False, 'test_result_base': None}
[0.729s] Level 5:colcon.colcon_core.verb:set package 'robot_description' build argument 'cmake_args' from command line to 'None'
[0.729s] Level 5:colcon.colcon_core.verb:set package 'robot_description' build argument 'cmake_target' from command line to 'None'
[0.729s] Level 5:colcon.colcon_core.verb:set package 'robot_description' build argument 'cmake_target_skip_unavailable' from command line to 'False'
[0.729s] Level 5:colcon.colcon_core.verb:set package 'robot_description' build argument 'cmake_clean_cache' from command line to 'False'
[0.729s] Level 5:colcon.colcon_core.verb:set package 'robot_description' build argument 'cmake_clean_first' from command line to 'False'
[0.729s] Level 5:colcon.colcon_core.verb:set package 'robot_description' build argument 'cmake_force_configure' from command line to 'False'
[0.729s] Level 5:colcon.colcon_core.verb:set package 'robot_description' build argument 'ament_cmake_args' from command line to 'None'
[0.729s] Level 5:colcon.colcon_core.verb:set package 'robot_description' build argument 'catkin_cmake_args' from command line to 'None'
[0.729s] Level 5:colcon.colcon_core.verb:set package 'robot_description' build argument 'catkin_skip_building_tests' from command line to 'False'
[0.729s] DEBUG:colcon.colcon_core.verb:Building package 'robot_description' with the following arguments: {'ament_cmake_args': None, 'build_base': '/home/test/ros2_ws/build/robot_description', 'catkin_cmake_args': None, 'catkin_skip_building_tests': False, 'cmake_args': None, 'cmake_clean_cache': False, 'cmake_clean_first': False, 'cmake_force_configure': False, 'cmake_target': None, 'cmake_target_skip_unavailable': False, 'install_base': '/home/test/ros2_ws/install/robot_description', 'merge_install': False, 'path': '/home/test/ros2_ws/src/robot_description', 'symlink_install': False, 'test_result_base': None}
[0.729s] Level 5:colcon.colcon_core.verb:set package 'service_robot' build argument 'cmake_args' from command line to 'None'
[0.729s] Level 5:colcon.colcon_core.verb:set package 'service_robot' build argument 'cmake_target' from command line to 'None'
[0.729s] Level 5:colcon.colcon_core.verb:set package 'service_robot' build argument 'cmake_target_skip_unavailable' from command line to 'False'
[0.729s] Level 5:colcon.colcon_core.verb:set package 'service_robot' build argument 'cmake_clean_cache' from command line to 'False'
[0.729s] Level 5:colcon.colcon_core.verb:set package 'service_robot' build argument 'cmake_clean_first' from command line to 'False'
[0.729s] Level 5:colcon.colcon_core.verb:set package 'service_robot' build argument 'cmake_force_configure' from command line to 'False'
[0.729s] Level 5:colcon.colcon_core.verb:set package 'service_robot' build argument 'ament_cmake_args' from command line to 'None'
[0.729s] Level 5:colcon.colcon_core.verb:set package 'service_robot' build argument 'catkin_cmake_args' from command line to 'None'
[0.729s] Level 5:colcon.colcon_core.verb:set package 'service_robot' build argument 'catkin_skip_building_tests' from command line to 'False'
[0.729s] DEBUG:colcon.colcon_core.verb:Building package 'service_robot' with the following arguments: {'ament_cmake_args': None, 'build_base': '/home/test/ros2_ws/build/service_robot', 'catkin_cmake_args': None, 'catkin_skip_building_tests': False, 'cmake_args': None, 'cmake_clean_cache': False, 'cmake_clean_first': False, 'cmake_force_configure': False, 'cmake_target': None, 'cmake_target_skip_unavailable': False, 'install_base': '/home/test/ros2_ws/install/service_robot', 'merge_install': False, 'path': '/home/test/ros2_ws/src/service_robot', 'symlink_install': False, 'test_result_base': None}
[0.729s] INFO:colcon.colcon_core.executor:Executing jobs using 'parallel' executor
[0.731s] DEBUG:colcon.colcon_parallel_executor.executor.parallel:run_until_complete
[0.732s] INFO:colcon.colcon_ros.task.ament_python.build:Building ROS package in '/home/test/ros2_ws/src/landmark_detector' with build type 'ament_python'
[0.732s] Level 1:colcon.colcon_core.shell:create_environment_hook('landmark_detector', 'ament_prefix_path')
[0.735s] INFO:colcon.colcon_core.plugin_system:Skipping extension 'colcon_core.shell.bat': Not used on non-Windows systems
[0.735s] INFO:colcon.colcon_core.shell:Creating environment hook '/home/test/ros2_ws/install/landmark_detector/share/landmark_detector/hook/ament_prefix_path.ps1'
[0.736s] INFO:colcon.colcon_core.shell:Creating environment descriptor '/home/test/ros2_ws/install/landmark_detector/share/landmark_detector/hook/ament_prefix_path.dsv'
[0.737s] INFO:colcon.colcon_core.shell:Creating environment hook '/home/test/ros2_ws/install/landmark_detector/share/landmark_detector/hook/ament_prefix_path.sh'
[0.737s] INFO:colcon.colcon_core.shell:Skip shell extension 'powershell' for command environment: Not usable outside of PowerShell
[0.737s] DEBUG:colcon.colcon_core.shell:Skip shell extension 'dsv' for command environment
[0.744s] INFO:colcon.colcon_ros.task.ament_python.build:Building ROS package in '/home/test/ros2_ws/src/mission_planner' with build type 'ament_python'
[0.745s] Level 1:colcon.colcon_core.shell:create_environment_hook('mission_planner', 'ament_prefix_path')
[0.746s] INFO:colcon.colcon_core.shell:Creating environment hook '/home/test/ros2_ws/install/mission_planner/share/mission_planner/hook/ament_prefix_path.ps1'
[0.749s] INFO:colcon.colcon_core.shell:Creating environment descriptor '/home/test/ros2_ws/install/mission_planner/share/mission_planner/hook/ament_prefix_path.dsv'
[0.750s] INFO:colcon.colcon_core.shell:Creating environment hook '/home/test/ros2_ws/install/mission_planner/share/mission_planner/hook/ament_prefix_path.sh'
[0.751s] INFO:colcon.colcon_core.shell:Skip shell extension 'powershell' for command environment: Not usable outside of PowerShell
[0.751s] DEBUG:colcon.colcon_core.shell:Skip shell extension 'dsv' for command environment
[0.755s] INFO:colcon.colcon_ros.task.ament_python.build:Building ROS package in '/home/test/ros2_ws/src/my_local' with build type 'ament_python'
[0.756s] Level 1:colcon.colcon_core.shell:create_environment_hook('my_local', 'ament_prefix_path')
[0.756s] INFO:colcon.colcon_core.shell:Creating environment hook '/home/test/ros2_ws/install/my_local/share/my_local/hook/ament_prefix_path.ps1'
[0.758s] INFO:colcon.colcon_core.shell:Creating environment descriptor '/home/test/ros2_ws/install/my_local/share/my_local/hook/ament_prefix_path.dsv'
[0.759s] INFO:colcon.colcon_core.shell:Creating environment hook '/home/test/ros2_ws/install/my_local/share/my_local/hook/ament_prefix_path.sh'
[0.760s] INFO:colcon.colcon_core.shell:Skip shell extension 'powershell' for command environment: Not usable outside of PowerShell
[0.760s] DEBUG:colcon.colcon_core.shell:Skip shell extension 'dsv' for command environment
[0.769s] INFO:colcon.colcon_ros.task.ament_cmake.build:Building ROS package in '/home/test/ros2_ws/src/robot_description' with build type 'ament_cmake'
[0.770s] INFO:colcon.colcon_cmake.task.cmake.build:Building CMake package in '/home/test/ros2_ws/src/robot_description'
[0.770s] INFO:colcon.colcon_core.shell:Skip shell extension 'powershell' for command environment: Not usable outside of PowerShell
[0.770s] DEBUG:colcon.colcon_core.shell:Skip shell extension 'dsv' for command environment
[0.778s] INFO:colcon.colcon_ros.task.ament_python.build:Building ROS package in '/home/test/ros2_ws/src/service_robot' with build type 'ament_python'
[0.778s] Level 1:colcon.colcon_core.shell:create_environment_hook('service_robot', 'ament_prefix_path')
[0.779s] INFO:colcon.colcon_core.shell:Creating environment hook '/home/test/ros2_ws/install/service_robot/share/service_robot/hook/ament_prefix_path.ps1'
[0.783s] INFO:colcon.colcon_core.shell:Creating environment descriptor '/home/test/ros2_ws/install/service_robot/share/service_robot/hook/ament_prefix_path.dsv'
[0.784s] INFO:colcon.colcon_core.shell:Creating environment hook '/home/test/ros2_ws/install/service_robot/share/service_robot/hook/ament_prefix_path.sh'
[0.786s] INFO:colcon.colcon_core.shell:Skip shell extension 'powershell' for command environment: Not usable outside of PowerShell
[0.786s] DEBUG:colcon.colcon_core.shell:Skip shell extension 'dsv' for command environment
[1.253s] INFO:colcon.colcon_core.task.python.build:Building Python package in '/home/test/ros2_ws/src/landmark_detector'
[1.253s] INFO:colcon.colcon_core.shell:Skip shell extension 'powershell' for command environment: Not usable outside of PowerShell
[1.253s] DEBUG:colcon.colcon_core.shell:Skip shell extension 'dsv' for command environment
[1.656s] INFO:colcon.colcon_core.task.python.build:Building Python package in '/home/test/ros2_ws/src/mission_planner'
[1.657s] INFO:colcon.colcon_core.shell:Skip shell extension 'powershell' for command environment: Not usable outside of PowerShell
[1.657s] DEBUG:colcon.colcon_core.shell:Skip shell extension 'dsv' for command environment
[2.047s] INFO:colcon.colcon_core.task.python.build:Building Python package in '/home/test/ros2_ws/src/my_local'
[2.048s] INFO:colcon.colcon_core.shell:Skip shell extension 'powershell' for command environment: Not usable outside of PowerShell
[2.048s] DEBUG:colcon.colcon_core.shell:Skip shell extension 'dsv' for command environment
[2.061s] DEBUG:colcon.colcon_core.event_handler.log_command:Invoking command in '/home/test/ros2_ws/build/robot_description': CMAKE_PREFIX_PATH=${CMAKE_PREFIX_PATH}:/home/test/ros2_ws/install/service_robot:/home/test/ros2_ws/install/robot_localization_pkg:/home/test/ros2_ws/install/robot_exam_localization:/home/test/ros2_ws/install/my_local:/home/test/ros2_ws/install/mission_planner:/home/test/ros2_ws/install/landmark_detector:/opt/ros/jazzy /usr/bin/cmake --build /home/test/ros2_ws/build/robot_description -- -j8 -l8
[2.422s] INFO:colcon.colcon_core.task.python.build:Building Python package in '/home/test/ros2_ws/src/service_robot'
[2.422s] INFO:colcon.colcon_core.shell:Skip shell extension 'powershell' for command environment: Not usable outside of PowerShell
[2.422s] DEBUG:colcon.colcon_core.shell:Skip shell extension 'dsv' for command environment
[2.443s] DEBUG:colcon.colcon_core.event_handler.log_command:Invoked command in '/home/test/ros2_ws/build/robot_description' returned '0': CMAKE_PREFIX_PATH=${CMAKE_PREFIX_PATH}:/home/test/ros2_ws/install/service_robot:/home/test/ros2_ws/install/robot_localization_pkg:/home/test/ros2_ws/install/robot_exam_localization:/home/test/ros2_ws/install/my_local:/home/test/ros2_ws/install/mission_planner:/home/test/ros2_ws/install/landmark_detector:/opt/ros/jazzy /usr/bin/cmake --build /home/test/ros2_ws/build/robot_description -- -j8 -l8
[2.461s] DEBUG:colcon.colcon_core.event_handler.log_command:Invoking command in '/home/test/ros2_ws/build/robot_description': CMAKE_PREFIX_PATH=${CMAKE_PREFIX_PATH}:/home/test/ros2_ws/install/service_robot:/home/test/ros2_ws/install/robot_localization_pkg:/home/test/ros2_ws/install/robot_exam_localization:/home/test/ros2_ws/install/my_local:/home/test/ros2_ws/install/mission_planner:/home/test/ros2_ws/install/landmark_detector:/opt/ros/jazzy /usr/bin/cmake --install /home/test/ros2_ws/build/robot_description
[2.484s] Level 1:colcon.colcon_core.environment:create_environment_scripts_only(robot_description)
[2.485s] DEBUG:colcon.colcon_core.event_handler.log_command:Invoked command in '/home/test/ros2_ws/build/robot_description' returned '0': CMAKE_PREFIX_PATH=${CMAKE_PREFIX_PATH}:/home/test/ros2_ws/install/service_robot:/home/test/ros2_ws/install/robot_localization_pkg:/home/test/ros2_ws/install/robot_exam_localization:/home/test/ros2_ws/install/my_local:/home/test/ros2_ws/install/mission_planner:/home/test/ros2_ws/install/landmark_detector:/opt/ros/jazzy /usr/bin/cmake --install /home/test/ros2_ws/build/robot_description
[2.489s] Level 1:colcon.colcon_core.environment:checking '/home/test/ros2_ws/install/robot_description' for CMake module files
[2.491s] Level 1:colcon.colcon_core.environment:checking '/home/test/ros2_ws/install/robot_description' for CMake config files
[2.491s] Level 1:colcon.colcon_core.shell:create_environment_hook('robot_description', 'cmake_prefix_path')
[2.492s] INFO:colcon.colcon_core.shell:Creating environment hook '/home/test/ros2_ws/install/robot_description/share/robot_description/hook/cmake_prefix_path.ps1'
[2.493s] INFO:colcon.colcon_core.shell:Creating environment descriptor '/home/test/ros2_ws/install/robot_description/share/robot_description/hook/cmake_prefix_path.dsv'
[2.494s] INFO:colcon.colcon_core.shell:Creating environment hook '/home/test/ros2_ws/install/robot_description/share/robot_description/hook/cmake_prefix_path.sh'
[2.495s] Level 1:colcon.colcon_core.environment:checking '/home/test/ros2_ws/install/robot_description/bin'
[2.496s] Level 1:colcon.colcon_core.environment:checking '/home/test/ros2_ws/install/robot_description/lib/pkgconfig/robot_description.pc'
[2.496s] Level 1:colcon.colcon_core.environment:checking '/home/test/ros2_ws/install/robot_description/lib/python3.12/site-packages'
[2.496s] Level 1:colcon.colcon_core.environment:checking '/home/test/ros2_ws/install/robot_description/bin'
[2.497s] INFO:colcon.colcon_core.shell:Creating package script '/home/test/ros2_ws/install/robot_description/share/robot_description/package.ps1'
[2.499s] INFO:colcon.colcon_core.shell:Creating package descriptor '/home/test/ros2_ws/install/robot_description/share/robot_description/package.dsv'
[2.500s] INFO:colcon.colcon_core.shell:Creating package script '/home/test/ros2_ws/install/robot_description/share/robot_description/package.sh'
[2.501s] INFO:colcon.colcon_core.shell:Creating package script '/home/test/ros2_ws/install/robot_description/share/robot_description/package.bash'
[2.502s] INFO:colcon.colcon_core.shell:Creating package script '/home/test/ros2_ws/install/robot_description/share/robot_description/package.zsh'
[2.504s] Level 1:colcon.colcon_core.environment:create_file_with_runtime_dependencies(/home/test/ros2_ws/install/robot_description/share/colcon-core/packages/robot_description)
[2.505s] Level 1:colcon.colcon_core.environment:create_environment_scripts_only(robot_description)
[2.506s] Level 1:colcon.colcon_core.environment:checking '/home/test/ros2_ws/install/robot_description' for CMake module files
[2.507s] Level 1:colcon.colcon_core.environment:checking '/home/test/ros2_ws/install/robot_description' for CMake config files
[2.507s] Level 1:colcon.colcon_core.shell:create_environment_hook('robot_description', 'cmake_prefix_path')
[2.508s] INFO:colcon.colcon_core.shell:Creating environment hook '/home/test/ros2_ws/install/robot_description/share/robot_description/hook/cmake_prefix_path.ps1'
[2.509s] INFO:colcon.colcon_core.shell:Creating environment descriptor '/home/test/ros2_ws/install/robot_description/share/robot_description/hook/cmake_prefix_path.dsv'
[2.510s] INFO:colcon.colcon_core.shell:Creating environment hook '/home/test/ros2_ws/install/robot_description/share/robot_description/hook/cmake_prefix_path.sh'
[2.512s] Level 1:colcon.colcon_core.environment:checking '/home/test/ros2_ws/install/robot_description/bin'
[2.513s] Level 1:colcon.colcon_core.environment:checking '/home/test/ros2_ws/install/robot_description/lib/pkgconfig/robot_description.pc'
[2.513s] Level 1:colcon.colcon_core.environment:checking '/home/test/ros2_ws/install/robot_description/lib/python3.12/site-packages'
[2.514s] Level 1:colcon.colcon_core.environment:checking '/home/test/ros2_ws/install/robot_description/bin'
[2.514s] INFO:colcon.colcon_core.shell:Creating package script '/home/test/ros2_ws/install/robot_description/share/robot_description/package.ps1'
[2.516s] INFO:colcon.colcon_core.shell:Creating package descriptor '/home/test/ros2_ws/install/robot_description/share/robot_description/package.dsv'
[2.517s] INFO:colcon.colcon_core.shell:Creating package script '/home/test/ros2_ws/install/robot_description/share/robot_description/package.sh'
[2.518s] INFO:colcon.colcon_core.shell:Creating package script '/home/test/ros2_ws/install/robot_description/share/robot_description/package.bash'
[2.519s] INFO:colcon.colcon_core.shell:Creating package script '/home/test/ros2_ws/install/robot_description/share/robot_description/package.zsh'
[2.520s] Level 1:colcon.colcon_core.environment:create_file_with_runtime_dependencies(/home/test/ros2_ws/install/robot_description/share/colcon-core/packages/robot_description)
[3.660s] DEBUG:colcon.colcon_core.event_handler.log_command:Invoking command in '/home/test/ros2_ws/src/mission_planner': PYTHONPATH=/home/test/ros2_ws/build/mission_planner/prefix_override:/usr/lib/python3/dist-packages/colcon_core/task/python/colcon_distutils_commands:/home/test/ros2_ws/install/mission_planner/lib/python3.12/site-packages:${PYTHONPATH} /usr/bin/python3 -W ignore:setup.py install is deprecated -W ignore:easy_install command is deprecated setup.py egg_info --egg-base ../../build/mission_planner build --build-base /home/test/ros2_ws/build/mission_planner/build install --record /home/test/ros2_ws/build/mission_planner/install.log --single-version-externally-managed install_data
[3.679s] DEBUG:colcon.colcon_core.event_handler.log_command:Invoking command in '/home/test/ros2_ws/src/service_robot': PYTHONPATH=/home/test/ros2_ws/build/service_robot/prefix_override:/usr/lib/python3/dist-packages/colcon_core/task/python/colcon_distutils_commands:/home/test/ros2_ws/install/service_robot/lib/python3.12/site-packages:${PYTHONPATH} /usr/bin/python3 -W ignore:setup.py install is deprecated -W ignore:easy_install command is deprecated setup.py egg_info --egg-base ../../build/service_robot build --build-base /home/test/ros2_ws/build/service_robot/build install --record /home/test/ros2_ws/build/service_robot/install.log --single-version-externally-managed install_data
[3.687s] DEBUG:colcon.colcon_core.event_handler.log_command:Invoking command in '/home/test/ros2_ws/src/my_local': PYTHONPATH=/home/test/ros2_ws/build/my_local/prefix_override:/usr/lib/python3/dist-packages/colcon_core/task/python/colcon_distutils_commands:/home/test/ros2_ws/install/my_local/lib/python3.12/site-packages:${PYTHONPATH} /usr/bin/python3 -W ignore:setup.py install is deprecated -W ignore:easy_install command is deprecated setup.py egg_info --egg-base ../../build/my_local build --build-base /home/test/ros2_ws/build/my_local/build install --record /home/test/ros2_ws/build/my_local/install.log --single-version-externally-managed install_data
[3.695s] DEBUG:colcon.colcon_core.event_handler.log_command:Invoking command in '/home/test/ros2_ws/src/landmark_detector': PYTHONPATH=/home/test/ros2_ws/build/landmark_detector/prefix_override:/usr/lib/python3/dist-packages/colcon_core/task/python/colcon_distutils_commands:/home/test/ros2_ws/install/landmark_detector/lib/python3.12/site-packages:${PYTHONPATH} /usr/bin/python3 -W ignore:setup.py install is deprecated -W ignore:easy_install command is deprecated setup.py egg_info --egg-base ../../build/landmark_detector build --build-base /home/test/ros2_ws/build/landmark_detector/build install --record /home/test/ros2_ws/build/landmark_detector/install.log --single-version-externally-managed install_data
[4.706s] Level 1:colcon.colcon_core.environment:checking '/home/test/ros2_ws/install/mission_planner' for CMake module files
[4.708s] DEBUG:colcon.colcon_core.event_handler.log_command:Invoked command in '/home/test/ros2_ws/src/mission_planner' returned '0': PYTHONPATH=/home/test/ros2_ws/build/mission_planner/prefix_override:/usr/lib/python3/dist-packages/colcon_core/task/python/colcon_distutils_commands:/home/test/ros2_ws/install/mission_planner/lib/python3.12/site-packages:${PYTHONPATH} /usr/bin/python3 -W ignore:setup.py install is deprecated -W ignore:easy_install command is deprecated setup.py egg_info --egg-base ../../build/mission_planner build --build-base /home/test/ros2_ws/build/mission_planner/build install --record /home/test/ros2_ws/build/mission_planner/install.log --single-version-externally-managed install_data
[4.709s] Level 1:colcon.colcon_core.environment:checking '/home/test/ros2_ws/install/mission_planner' for CMake config files
[4.710s] Level 1:colcon.colcon_core.environment:checking '/home/test/ros2_ws/install/mission_planner/lib'
[4.710s] Level 1:colcon.colcon_core.environment:checking '/home/test/ros2_ws/install/mission_planner/bin'
[4.711s] Level 1:colcon.colcon_core.environment:checking '/home/test/ros2_ws/install/mission_planner/lib/pkgconfig/mission_planner.pc'
[4.711s] Level 1:colcon.colcon_core.environment:checking '/home/test/ros2_ws/install/mission_planner/lib/python3.12/site-packages'
[4.711s] Level 1:colcon.colcon_core.shell:create_environment_hook('mission_planner', 'pythonpath')
[4.712s] INFO:colcon.colcon_core.shell:Creating environment hook '/home/test/ros2_ws/install/mission_planner/share/mission_planner/hook/pythonpath.ps1'
[4.712s] INFO:colcon.colcon_core.shell:Creating environment descriptor '/home/test/ros2_ws/install/mission_planner/share/mission_planner/hook/pythonpath.dsv'
[4.713s] INFO:colcon.colcon_core.shell:Creating environment hook '/home/test/ros2_ws/install/mission_planner/share/mission_planner/hook/pythonpath.sh'
[4.714s] Level 1:colcon.colcon_core.environment:checking '/home/test/ros2_ws/install/mission_planner/bin'
[4.714s] Level 1:colcon.colcon_core.environment:create_environment_scripts_only(mission_planner)
[4.715s] INFO:colcon.colcon_core.shell:Creating package script '/home/test/ros2_ws/install/mission_planner/share/mission_planner/package.ps1'
[4.716s] INFO:colcon.colcon_core.shell:Creating package descriptor '/home/test/ros2_ws/install/mission_planner/share/mission_planner/package.dsv'
[4.716s] INFO:colcon.colcon_core.shell:Creating package script '/home/test/ros2_ws/install/mission_planner/share/mission_planner/package.sh'
[4.717s] INFO:colcon.colcon_core.shell:Creating package script '/home/test/ros2_ws/install/mission_planner/share/mission_planner/package.bash'
[4.717s] INFO:colcon.colcon_core.shell:Creating package script '/home/test/ros2_ws/install/mission_planner/share/mission_planner/package.zsh'
[4.718s] Level 1:colcon.colcon_core.environment:create_file_with_runtime_dependencies(/home/test/ros2_ws/install/mission_planner/share/colcon-core/packages/mission_planner)
[4.756s] Level 1:colcon.colcon_core.environment:checking '/home/test/ros2_ws/install/landmark_detector' for CMake module files
[4.757s] DEBUG:colcon.colcon_core.event_handler.log_command:Invoked command in '/home/test/ros2_ws/src/landmark_detector' returned '0': PYTHONPATH=/home/test/ros2_ws/build/landmark_detector/prefix_override:/usr/lib/python3/dist-packages/colcon_core/task/python/colcon_distutils_commands:/home/test/ros2_ws/install/landmark_detector/lib/python3.12/site-packages:${PYTHONPATH} /usr/bin/python3 -W ignore:setup.py install is deprecated -W ignore:easy_install command is deprecated setup.py egg_info --egg-base ../../build/landmark_detector build --build-base /home/test/ros2_ws/build/landmark_detector/build install --record /home/test/ros2_ws/build/landmark_detector/install.log --single-version-externally-managed install_data
[4.758s] Level 1:colcon.colcon_core.environment:checking '/home/test/ros2_ws/install/landmark_detector' for CMake config files
[4.759s] Level 1:colcon.colcon_core.environment:checking '/home/test/ros2_ws/install/landmark_detector/lib'
[4.759s] Level 1:colcon.colcon_core.environment:checking '/home/test/ros2_ws/install/landmark_detector/bin'
[4.759s] Level 1:colcon.colcon_core.environment:checking '/home/test/ros2_ws/install/landmark_detector/lib/pkgconfig/landmark_detector.pc'
[4.759s] Level 1:colcon.colcon_core.environment:checking '/home/test/ros2_ws/install/landmark_detector/lib/python3.12/site-packages'
[4.760s] Level 1:colcon.colcon_core.shell:create_environment_hook('landmark_detector', 'pythonpath')
[4.760s] INFO:colcon.colcon_core.shell:Creating environment hook '/home/test/ros2_ws/install/landmark_detector/share/landmark_detector/hook/pythonpath.ps1'
[4.760s] INFO:colcon.colcon_core.shell:Creating environment descriptor '/home/test/ros2_ws/install/landmark_detector/share/landmark_detector/hook/pythonpath.dsv'
[4.761s] INFO:colcon.colcon_core.shell:Creating environment hook '/home/test/ros2_ws/install/landmark_detector/share/landmark_detector/hook/pythonpath.sh'
[4.763s] Level 1:colcon.colcon_core.environment:checking '/home/test/ros2_ws/install/landmark_detector/bin'
[4.763s] Level 1:colcon.colcon_core.environment:create_environment_scripts_only(landmark_detector)
[4.764s] INFO:colcon.colcon_core.shell:Creating package script '/home/test/ros2_ws/install/landmark_detector/share/landmark_detector/package.ps1'
[4.765s] INFO:colcon.colcon_core.shell:Creating package descriptor '/home/test/ros2_ws/install/landmark_detector/share/landmark_detector/package.dsv'
[4.766s] INFO:colcon.colcon_core.shell:Creating package script '/home/test/ros2_ws/install/landmark_detector/share/landmark_detector/package.sh'
[4.767s] INFO:colcon.colcon_core.shell:Creating package script '/home/test/ros2_ws/install/landmark_detector/share/landmark_detector/package.bash'
[4.768s] INFO:colcon.colcon_core.shell:Creating package script '/home/test/ros2_ws/install/landmark_detector/share/landmark_detector/package.zsh'
[4.768s] Level 1:colcon.colcon_core.environment:create_file_with_runtime_dependencies(/home/test/ros2_ws/install/landmark_detector/share/colcon-core/packages/landmark_detector)
[4.794s] Level 1:colcon.colcon_core.environment:checking '/home/test/ros2_ws/install/service_robot' for CMake module files
[4.794s] DEBUG:colcon.colcon_core.event_handler.log_command:Invoked command in '/home/test/ros2_ws/src/service_robot' returned '0': PYTHONPATH=/home/test/ros2_ws/build/service_robot/prefix_override:/usr/lib/python3/dist-packages/colcon_core/task/python/colcon_distutils_commands:/home/test/ros2_ws/install/service_robot/lib/python3.12/site-packages:${PYTHONPATH} /usr/bin/python3 -W ignore:setup.py install is deprecated -W ignore:easy_install command is deprecated setup.py egg_info --egg-base ../../build/service_robot build --build-base /home/test/ros2_ws/build/service_robot/build install --record /home/test/ros2_ws/build/service_robot/install.log --single-version-externally-managed install_data
[4.796s] Level 1:colcon.colcon_core.environment:checking '/home/test/ros2_ws/install/service_robot' for CMake config files
[4.796s] Level 1:colcon.colcon_core.environment:checking '/home/test/ros2_ws/install/service_robot/lib'
[4.797s] Level 1:colcon.colcon_core.environment:checking '/home/test/ros2_ws/install/service_robot/bin'
[4.797s] Level 1:colcon.colcon_core.environment:checking '/home/test/ros2_ws/install/service_robot/lib/pkgconfig/service_robot.pc'
[4.797s] Level 1:colcon.colcon_core.environment:checking '/home/test/ros2_ws/install/service_robot/lib/python3.12/site-packages'
[4.798s] Level 1:colcon.colcon_core.shell:create_environment_hook('service_robot', 'pythonpath')
[4.798s] INFO:colcon.colcon_core.shell:Creating environment hook '/home/test/ros2_ws/install/service_robot/share/service_robot/hook/pythonpath.ps1'
[4.799s] INFO:colcon.colcon_core.shell:Creating environment descriptor '/home/test/ros2_ws/install/service_robot/share/service_robot/hook/pythonpath.dsv'
[4.800s] INFO:colcon.colcon_core.shell:Creating environment hook '/home/test/ros2_ws/install/service_robot/share/service_robot/hook/pythonpath.sh'
[4.801s] Level 1:colcon.colcon_core.environment:checking '/home/test/ros2_ws/install/service_robot/bin'
[4.801s] Level 1:colcon.colcon_core.environment:create_environment_scripts_only(service_robot)
[4.801s] INFO:colcon.colcon_core.shell:Creating package script '/home/test/ros2_ws/install/service_robot/share/service_robot/package.ps1'
[4.802s] INFO:colcon.colcon_core.shell:Creating package descriptor '/home/test/ros2_ws/install/service_robot/share/service_robot/package.dsv'
[4.803s] INFO:colcon.colcon_core.shell:Creating package script '/home/test/ros2_ws/install/service_robot/share/service_robot/package.sh'
[4.803s] INFO:colcon.colcon_core.shell:Creating package script '/home/test/ros2_ws/install/service_robot/share/service_robot/package.bash'
[4.804s] INFO:colcon.colcon_core.shell:Creating package script '/home/test/ros2_ws/install/service_robot/share/service_robot/package.zsh'
[4.805s] Level 1:colcon.colcon_core.environment:create_file_with_runtime_dependencies(/home/test/ros2_ws/install/service_robot/share/colcon-core/packages/service_robot)
[4.811s] Level 1:colcon.colcon_core.environment:checking '/home/test/ros2_ws/install/my_local' for CMake module files
[4.812s] DEBUG:colcon.colcon_core.event_handler.log_command:Invoked command in '/home/test/ros2_ws/src/my_local' returned '0': PYTHONPATH=/home/test/ros2_ws/build/my_local/prefix_override:/usr/lib/python3/dist-packages/colcon_core/task/python/colcon_distutils_commands:/home/test/ros2_ws/install/my_local/lib/python3.12/site-packages:${PYTHONPATH} /usr/bin/python3 -W ignore:setup.py install is deprecated -W ignore:easy_install command is deprecated setup.py egg_info --egg-base ../../build/my_local build --build-base /home/test/ros2_ws/build/my_local/build install --record /home/test/ros2_ws/build/my_local/install.log --single-version-externally-managed install_data
[4.812s] Level 1:colcon.colcon_core.environment:checking '/home/test/ros2_ws/install/my_local' for CMake config files
[4.813s] Level 1:colcon.colcon_core.environment:checking '/home/test/ros2_ws/install/my_local/lib'
[4.813s] Level 1:colcon.colcon_core.environment:checking '/home/test/ros2_ws/install/my_local/bin'
[4.813s] Level 1:colcon.colcon_core.environment:checking '/home/test/ros2_ws/install/my_local/lib/pkgconfig/my_local.pc'
[4.813s] Level 1:colcon.colcon_core.environment:checking '/home/test/ros2_ws/install/my_local/lib/python3.12/site-packages'
[4.814s] Level 1:colcon.colcon_core.shell:create_environment_hook('my_local', 'pythonpath')
[4.814s] INFO:colcon.colcon_core.shell:Creating environment hook '/home/test/ros2_ws/install/my_local/share/my_local/hook/pythonpath.ps1'
[4.814s] INFO:colcon.colcon_core.shell:Creating environment descriptor '/home/test/ros2_ws/install/my_local/share/my_local/hook/pythonpath.dsv'
[4.815s] INFO:colcon.colcon_core.shell:Creating environment hook '/home/test/ros2_ws/install/my_local/share/my_local/hook/pythonpath.sh'
[4.816s] Level 1:colcon.colcon_core.environment:checking '/home/test/ros2_ws/install/my_local/bin'
[4.816s] Level 1:colcon.colcon_core.environment:create_environment_scripts_only(my_local)
[4.816s] INFO:colcon.colcon_core.shell:Creating package script '/home/test/ros2_ws/install/my_local/share/my_local/package.ps1'
[4.817s] INFO:colcon.colcon_core.shell:Creating package descriptor '/home/test/ros2_ws/install/my_local/share/my_local/package.dsv'
[4.817s] INFO:colcon.colcon_core.shell:Creating package script '/home/test/ros2_ws/install/my_local/share/my_local/package.sh'
[4.818s] INFO:colcon.colcon_core.shell:Creating package script '/home/test/ros2_ws/install/my_local/share/my_local/package.bash'
[4.818s] INFO:colcon.colcon_core.shell:Creating package script '/home/test/ros2_ws/install/my_local/share/my_local/package.zsh'
[4.818s] Level 1:colcon.colcon_core.environment:create_file_with_runtime_dependencies(/home/test/ros2_ws/install/my_local/share/colcon-core/packages/my_local)
[4.819s] DEBUG:colcon.colcon_parallel_executor.executor.parallel:closing loop
[4.820s] DEBUG:colcon.colcon_parallel_executor.executor.parallel:loop closed
[4.820s] DEBUG:colcon.colcon_parallel_executor.executor.parallel:run_until_complete finished with '0'
[4.820s] DEBUG:colcon.colcon_core.event_reactor:joining thread
[4.916s] INFO:colcon.colcon_core.plugin_system:Skipping extension 'colcon_notification.desktop_notification.notify_send': Could not find 'notify-send'
[4.916s] INFO:colcon.colcon_core.plugin_system:Skipping extension 'colcon_notification.desktop_notification.terminal_notifier': Not used on non-Darwin systems
[4.916s] INFO:colcon.colcon_core.plugin_system:Skipping extension 'colcon_notification.desktop_notification.win32': Not used on non-Windows systems
[4.916s] INFO:colcon.colcon_notification.desktop_notification:Sending desktop notification using 'notify2'
[4.919s] DEBUG:colcon.colcon_notification.desktop_notification.notify2:Failed to initialize notify2: org.freedesktop.DBus.Error.ServiceUnknown: The name org.freedesktop.Notifications was not provided by any .service files
[4.919s] DEBUG:colcon.colcon_core.event_reactor:joined thread
[4.919s] INFO:colcon.colcon_core.shell:Creating prefix script '/home/test/ros2_ws/install/local_setup.ps1'
[4.920s] INFO:colcon.colcon_core.shell:Creating prefix util module '/home/test/ros2_ws/install/_local_setup_util_ps1.py'
[4.922s] INFO:colcon.colcon_core.shell:Creating prefix chain script '/home/test/ros2_ws/install/setup.ps1'
[4.924s] INFO:colcon.colcon_core.shell:Creating prefix script '/home/test/ros2_ws/install/local_setup.sh'
[4.925s] INFO:colcon.colcon_core.shell:Creating prefix util module '/home/test/ros2_ws/install/_local_setup_util_sh.py'
[4.925s] INFO:colcon.colcon_core.shell:Creating prefix chain script '/home/test/ros2_ws/install/setup.sh'
[4.927s] INFO:colcon.colcon_core.shell:Creating prefix script '/home/test/ros2_ws/install/local_setup.bash'
[4.928s] INFO:colcon.colcon_core.shell:Creating prefix chain script '/home/test/ros2_ws/install/setup.bash'
[4.930s] INFO:colcon.colcon_core.shell:Creating prefix script '/home/test/ros2_ws/install/local_setup.zsh'
[4.930s] INFO:colcon.colcon_core.shell:Creating prefix chain script '/home/test/ros2_ws/install/setup.zsh'
