[4.438s] Invoking command in '/home/test/ros2_ws/src/landmark_detector': PYTHONPATH=/home/test/ros2_ws/build/landmark_detector/prefix_override:/usr/lib/python3/dist-packages/colcon_core/task/python/colcon_distutils_commands:/home/test/ros2_ws/install/landmark_detector/lib/python3.12/site-packages:${PYTHONPATH} /usr/bin/python3 -W ignore:setup.py install is deprecated -W ignore:easy_install command is deprecated setup.py egg_info --egg-base ../../build/landmark_detector build --build-base /home/test/ros2_ws/build/landmark_detector/build install --record /home/test/ros2_ws/build/landmark_detector/install.log --single-version-externally-managed install_data
[5.390s] running egg_info
[5.448s] writing ../../build/landmark_detector/landmark_detector.egg-info/PKG-INFO
[5.448s] writing dependency_links to ../../build/landmark_detector/landmark_detector.egg-info/dependency_links.txt
[5.449s] writing entry points to ../../build/landmark_detector/landmark_detector.egg-info/entry_points.txt
[5.449s] writing requirements to ../../build/landmark_detector/landmark_detector.egg-info/requires.txt
[5.449s] writing top-level names to ../../build/landmark_detector/landmark_detector.egg-info/top_level.txt
[5.578s] reading manifest file '../../build/landmark_detector/landmark_detector.egg-info/SOURCES.txt'
[5.580s] writing manifest file '../../build/landmark_detector/landmark_detector.egg-info/SOURCES.txt'
[5.582s] running build
[5.582s] running build_py
[5.582s] running install
[5.598s] running install_lib
[5.674s] running install_data
[5.675s] running install_egg_info
[5.733s] removing '/home/test/ros2_ws/install/landmark_detector/lib/python3.12/site-packages/landmark_detector-0.0.0-py3.12.egg-info' (and everything under it)
[5.737s] Copying ../../build/landmark_detector/landmark_detector.egg-info to /home/test/ros2_ws/install/landmark_detector/lib/python3.12/site-packages/landmark_detector-0.0.0-py3.12.egg-info
[5.740s] running install_scripts
[6.193s] Installing qr_detector script to /home/test/ros2_ws/install/landmark_detector/lib/landmark_detector
[6.194s] writing list of installed files to '/home/test/ros2_ws/build/landmark_detector/install.log'
[6.335s] Invoked command in '/home/test/ros2_ws/src/landmark_detector' returned '0': PYTHONPATH=/home/test/ros2_ws/build/landmark_detector/prefix_override:/usr/lib/python3/dist-packages/colcon_core/task/python/colcon_distutils_commands:/home/test/ros2_ws/install/landmark_detector/lib/python3.12/site-packages:${PYTHONPATH} /usr/bin/python3 -W ignore:setup.py install is deprecated -W ignore:easy_install command is deprecated setup.py egg_info --egg-base ../../build/landmark_detector build --build-base /home/test/ros2_ws/build/landmark_detector/build install --record /home/test/ros2_ws/build/landmark_detector/install.log --single-version-externally-managed install_data
