[8.267s] Invoking command in '/home/test/ros2_ws/src/landmark_detector': PYTHONPATH=/home/test/ros2_ws/build/landmark_detector/prefix_override:/usr/lib/python3/dist-packages/colcon_core/task/python/colcon_distutils_commands:/home/test/ros2_ws/install/landmark_detector/lib/python3.12/site-packages:${PYTHONPATH} /usr/bin/python3 -W ignore:setup.py install is deprecated -W ignore:easy_install command is deprecated setup.py egg_info --egg-base ../../build/landmark_detector build --build-base /home/test/ros2_ws/build/landmark_detector/build install --record /home/test/ros2_ws/build/landmark_detector/install.log --single-version-externally-managed install_data
[9.798s] running egg_info
[9.906s] writing ../../build/landmark_detector/landmark_detector.egg-info/PKG-INFO
[9.915s] writing dependency_links to ../../build/landmark_detector/landmark_detector.egg-info/dependency_links.txt
[9.916s] writing entry points to ../../build/landmark_detector/landmark_detector.egg-info/entry_points.txt
[9.916s] writing requirements to ../../build/landmark_detector/landmark_detector.egg-info/requires.txt
[9.916s] writing top-level names to ../../build/landmark_detector/landmark_detector.egg-info/top_level.txt
[10.162s] reading manifest file '../../build/landmark_detector/landmark_detector.egg-info/SOURCES.txt'
[10.181s] writing manifest file '../../build/landmark_detector/landmark_detector.egg-info/SOURCES.txt'
[10.182s] running build
[10.182s] running build_py
[10.189s] running install
[10.223s] running install_lib
[10.334s] running install_data
[10.335s] running install_egg_info
[10.447s] removing '/home/test/ros2_ws/install/landmark_detector/lib/python3.12/site-packages/landmark_detector-0.0.0-py3.12.egg-info' (and everything under it)
[10.448s] Copying ../../build/landmark_detector/landmark_detector.egg-info to /home/test/ros2_ws/install/landmark_detector/lib/python3.12/site-packages/landmark_detector-0.0.0-py3.12.egg-info
[10.451s] running install_scripts
[11.441s] Installing qr_detector script to /home/test/ros2_ws/install/landmark_detector/lib/landmark_detector
[11.445s] writing list of installed files to '/home/test/ros2_ws/build/landmark_detector/install.log'
[11.643s] Invoked command in '/home/test/ros2_ws/src/landmark_detector' returned '0': PYTHONPATH=/home/test/ros2_ws/build/landmark_detector/prefix_override:/usr/lib/python3/dist-packages/colcon_core/task/python/colcon_distutils_commands:/home/test/ros2_ws/install/landmark_detector/lib/python3.12/site-packages:${PYTHONPATH} /usr/bin/python3 -W ignore:setup.py install is deprecated -W ignore:easy_install command is deprecated setup.py egg_info --egg-base ../../build/landmark_detector build --build-base /home/test/ros2_ws/build/landmark_detector/build install --record /home/test/ros2_ws/build/landmark_detector/install.log --single-version-externally-managed install_data
