[0.407s] DEBUG:colcon:Command line arguments: ['/usr/bin/colcon', 'build']
[0.407s] DEBUG:colcon:Parsed command line arguments: Namespace(log_base=None, log_level=None, verb_name='build', build_base='build', install_base='install', merge_install=False, symlink_install=False, test_result_base=None, continue_on_error=False, executor='parallel', parallel_workers=8, event_handlers=None, ignore_user_meta=False, metas=['./colcon.meta'], base_paths=['.'], packages_ignore=None, packages_ignore_regex=None, paths=None, packages_up_to=None, packages_up_to_regex=None, packages_above=None, packages_above_and_dependencies=None, packages_above_depth=None, packages_select_by_dep=None, packages_skip_by_dep=None, packages_skip_up_to=None, packages_select_build_failed=False, packages_skip_build_finished=False, packages_select_test_failures=False, packages_skip_test_passed=False, packages_select=None, packages_skip=None, packages_select_regex=None, packages_skip_regex=None, packages_start=None, packages_end=None, allow_overriding=[], cmake_args=None, cmake_target=None, cmake_target_skip_unavailable=False, cmake_clean_cache=False, cmake_clean_first=False, cmake_force_configure=False, ament_cmake_args=None, catkin_cmake_args=None, catkin_skip_building_tests=False, mixin_files=None, mixin=None, verb_parser=<colcon_mixin.mixin.mixin_argument.MixinArgumentDecorator object at 0x70737b2731d0>, verb_extension=<colcon_core.verb.build.BuildVerb object at 0x70737b3164b0>, main=<bound method BuildVerb.main of <colcon_core.verb.build.BuildVerb object at 0x70737b3164b0>>, mixin_verb=('build',))
[0.465s] Level 1:colcon.colcon_core.package_discovery:discover_packages(colcon_meta) check parameters
[0.465s] Level 1:colcon.colcon_core.package_discovery:discover_packages(recursive) check parameters
[0.465s] Level 1:colcon.colcon_core.package_discovery:discover_packages(ignore) check parameters
[0.465s] Level 1:colcon.colcon_core.package_discovery:discover_packages(path) check parameters
[0.465s] Level 1:colcon.colcon_core.package_discovery:discover_packages(colcon_meta) discover
[0.465s] Level 1:colcon.colcon_core.package_discovery:discover_packages(recursive) discover
[0.466s] INFO:colcon.colcon_core.package_discovery:Crawling recursively for packages in '/home/test/ros2_ws'
[0.466s] Level 1:colcon.colcon_core.package_identification:_identify(.) by extensions ['ignore', 'ignore_ament_install']
[0.466s] Level 1:colcon.colcon_core.package_identification:_identify(.) by extension 'ignore'
[0.466s] Level 1:colcon.colcon_core.package_identification:_identify(.) by extension 'ignore_ament_install'
[0.466s] Level 1:colcon.colcon_core.package_identification:_identify(.) by extensions ['colcon_pkg']
[0.466s] Level 1:colcon.colcon_core.package_identification:_identify(.) by extension 'colcon_pkg'
[0.466s] Level 1:colcon.colcon_core.package_identification:_identify(.) by extensions ['colcon_meta']
[0.466s] Level 1:colcon.colcon_core.package_identification:_identify(.) by extension 'colcon_meta'
[0.466s] Level 1:colcon.colcon_core.package_identification:_identify(.) by extensions ['ros']
[0.466s] Level 1:colcon.colcon_core.package_identification:_identify(.) by extension 'ros'
[0.510s] Level 1:colcon.colcon_core.package_identification:_identify(.) by extensions ['cmake', 'python']
[0.510s] Level 1:colcon.colcon_core.package_identification:_identify(.) by extension 'cmake'
[0.510s] Level 1:colcon.colcon_core.package_identification:_identify(.) by extension 'python'
[0.510s] Level 1:colcon.colcon_core.package_identification:_identify(.) by extensions ['python_setup_py']
[0.510s] Level 1:colcon.colcon_core.package_identification:_identify(.) by extension 'python_setup_py'
[0.511s] Level 1:colcon.colcon_core.package_identification:_identify(build) by extensions ['ignore', 'ignore_ament_install']
[0.511s] Level 1:colcon.colcon_core.package_identification:_identify(build) by extension 'ignore'
[0.511s] Level 1:colcon.colcon_core.package_identification:_identify(build) ignored
[0.511s] Level 1:colcon.colcon_core.package_identification:_identify(install) by extensions ['ignore', 'ignore_ament_install']
[0.511s] Level 1:colcon.colcon_core.package_identification:_identify(install) by extension 'ignore'
[0.511s] Level 1:colcon.colcon_core.package_identification:_identify(install) ignored
[0.511s] Level 1:colcon.colcon_core.package_identification:_identify(log) by extensions ['ignore', 'ignore_ament_install']
[0.511s] Level 1:colcon.colcon_core.package_identification:_identify(log) by extension 'ignore'
[0.512s] Level 1:colcon.colcon_core.package_identification:_identify(log) ignored
[0.512s] Level 1:colcon.colcon_core.package_identification:_identify(src) by extensions ['ignore', 'ignore_ament_install']
[0.512s] Level 1:colcon.colcon_core.package_identification:_identify(src) by extension 'ignore'
[0.512s] Level 1:colcon.colcon_core.package_identification:_identify(src) by extension 'ignore_ament_install'
[0.512s] Level 1:colcon.colcon_core.package_identification:_identify(src) by extensions ['colcon_pkg']
[0.512s] Level 1:colcon.colcon_core.package_identification:_identify(src) by extension 'colcon_pkg'
[0.512s] Level 1:colcon.colcon_core.package_identification:_identify(src) by extensions ['colcon_meta']
[0.512s] Level 1:colcon.colcon_core.package_identification:_identify(src) by extension 'colcon_meta'
[0.512s] Level 1:colcon.colcon_core.package_identification:_identify(src) by extensions ['ros']
[0.512s] Level 1:colcon.colcon_core.package_identification:_identify(src) by extension 'ros'
[0.512s] Level 1:colcon.colcon_core.package_identification:_identify(src) by extensions ['cmake', 'python']
[0.513s] Level 1:colcon.colcon_core.package_identification:_identify(src) by extension 'cmake'
[0.513s] Level 1:colcon.colcon_core.package_identification:_identify(src) by extension 'python'
[0.513s] Level 1:colcon.colcon_core.package_identification:_identify(src) by extensions ['python_setup_py']
[0.513s] Level 1:colcon.colcon_core.package_identification:_identify(src) by extension 'python_setup_py'
[0.513s] Level 1:colcon.colcon_core.package_identification:_identify(src/landmark_detector) by extensions ['ignore', 'ignore_ament_install']
[0.513s] Level 1:colcon.colcon_core.package_identification:_identify(src/landmark_detector) by extension 'ignore'
[0.513s] Level 1:colcon.colcon_core.package_identification:_identify(src/landmark_detector) by extension 'ignore_ament_install'
[0.513s] Level 1:colcon.colcon_core.package_identification:_identify(src/landmark_detector) by extensions ['colcon_pkg']
[0.513s] Level 1:colcon.colcon_core.package_identification:_identify(src/landmark_detector) by extension 'colcon_pkg'
[0.514s] Level 1:colcon.colcon_core.package_identification:_identify(src/landmark_detector) by extensions ['colcon_meta']
[0.514s] Level 1:colcon.colcon_core.package_identification:_identify(src/landmark_detector) by extension 'colcon_meta'
[0.514s] Level 1:colcon.colcon_core.package_identification:_identify(src/landmark_detector) by extensions ['ros']
[0.514s] Level 1:colcon.colcon_core.package_identification:_identify(src/landmark_detector) by extension 'ros'
[0.522s] DEBUG:colcon.colcon_core.package_identification:Package 'src/landmark_detector' with type 'ros.ament_python' and name 'landmark_detector'
[0.522s] Level 1:colcon.colcon_core.package_identification:_identify(src/mission_planner) by extensions ['ignore', 'ignore_ament_install']
[0.523s] Level 1:colcon.colcon_core.package_identification:_identify(src/mission_planner) by extension 'ignore'
[0.523s] Level 1:colcon.colcon_core.package_identification:_identify(src/mission_planner) by extension 'ignore_ament_install'
[0.523s] Level 1:colcon.colcon_core.package_identification:_identify(src/mission_planner) by extensions ['colcon_pkg']
[0.523s] Level 1:colcon.colcon_core.package_identification:_identify(src/mission_planner) by extension 'colcon_pkg'
[0.523s] Level 1:colcon.colcon_core.package_identification:_identify(src/mission_planner) by extensions ['colcon_meta']
[0.523s] Level 1:colcon.colcon_core.package_identification:_identify(src/mission_planner) by extension 'colcon_meta'
[0.524s] Level 1:colcon.colcon_core.package_identification:_identify(src/mission_planner) by extensions ['ros']
[0.524s] Level 1:colcon.colcon_core.package_identification:_identify(src/mission_planner) by extension 'ros'
[0.525s] DEBUG:colcon.colcon_core.package_identification:Package 'src/mission_planner' with type 'ros.ament_python' and name 'mission_planner'
[0.525s] Level 1:colcon.colcon_core.package_identification:_identify(src/my_local) by extensions ['ignore', 'ignore_ament_install']
[0.526s] Level 1:colcon.colcon_core.package_identification:_identify(src/my_local) by extension 'ignore'
[0.526s] Level 1:colcon.colcon_core.package_identification:_identify(src/my_local) by extension 'ignore_ament_install'
[0.526s] Level 1:colcon.colcon_core.package_identification:_identify(src/my_local) by extensions ['colcon_pkg']
[0.526s] Level 1:colcon.colcon_core.package_identification:_identify(src/my_local) by extension 'colcon_pkg'
[0.526s] Level 1:colcon.colcon_core.package_identification:_identify(src/my_local) by extensions ['colcon_meta']
[0.526s] Level 1:colcon.colcon_core.package_identification:_identify(src/my_local) by extension 'colcon_meta'
[0.526s] Level 1:colcon.colcon_core.package_identification:_identify(src/my_local) by extensions ['ros']
[0.526s] Level 1:colcon.colcon_core.package_identification:_identify(src/my_local) by extension 'ros'
[0.527s] DEBUG:colcon.colcon_core.package_identification:Package 'src/my_local' with type 'ros.ament_python' and name 'my_local'
[0.528s] Level 1:colcon.colcon_core.package_identification:_identify(src/robot_description) by extensions ['ignore', 'ignore_ament_install']
[0.528s] Level 1:colcon.colcon_core.package_identification:_identify(src/robot_description) by extension 'ignore'
[0.528s] Level 1:colcon.colcon_core.package_identification:_identify(src/robot_description) by extension 'ignore_ament_install'
[0.528s] Level 1:colcon.colcon_core.package_identification:_identify(src/robot_description) by extensions ['colcon_pkg']
[0.528s] Level 1:colcon.colcon_core.package_identification:_identify(src/robot_description) by extension 'colcon_pkg'
[0.528s] Level 1:colcon.colcon_core.package_identification:_identify(src/robot_description) by extensions ['colcon_meta']
[0.528s] Level 1:colcon.colcon_core.package_identification:_identify(src/robot_description) by extension 'colcon_meta'
[0.528s] Level 1:colcon.colcon_core.package_identification:_identify(src/robot_description) by extensions ['ros']
[0.528s] Level 1:colcon.colcon_core.package_identification:_identify(src/robot_description) by extension 'ros'
[0.530s] DEBUG:colcon.colcon_core.package_identification:Package 'src/robot_description' with type 'ros.ament_cmake' and name 'robot_description'
[0.531s] Level 1:colcon.colcon_core.package_identification:_identify(src/service_robot) by extensions ['ignore', 'ignore_ament_install']
[0.531s] Level 1:colcon.colcon_core.package_identification:_identify(src/service_robot) by extension 'ignore'
[0.531s] Level 1:colcon.colcon_core.package_identification:_identify(src/service_robot) by extension 'ignore_ament_install'
[0.531s] Level 1:colcon.colcon_core.package_identification:_identify(src/service_robot) by extensions ['colcon_pkg']
[0.531s] Level 1:colcon.colcon_core.package_identification:_identify(src/service_robot) by extension 'colcon_pkg'
[0.531s] Level 1:colcon.colcon_core.package_identification:_identify(src/service_robot) by extensions ['colcon_meta']
[0.531s] Level 1:colcon.colcon_core.package_identification:_identify(src/service_robot) by extension 'colcon_meta'
[0.531s] Level 1:colcon.colcon_core.package_identification:_identify(src/service_robot) by extensions ['ros']
[0.532s] Level 1:colcon.colcon_core.package_identification:_identify(src/service_robot) by extension 'ros'
[0.533s] DEBUG:colcon.colcon_core.package_identification:Package 'src/service_robot' with type 'ros.ament_python' and name 'service_robot'
[0.533s] Level 1:colcon.colcon_core.package_discovery:discover_packages(recursive) using defaults
[0.533s] Level 1:colcon.colcon_core.package_discovery:discover_packages(ignore) discover
[0.533s] Level 1:colcon.colcon_core.package_discovery:discover_packages(ignore) using defaults
[0.534s] Level 1:colcon.colcon_core.package_discovery:discover_packages(path) discover
[0.534s] Level 1:colcon.colcon_core.package_discovery:discover_packages(path) using defaults
[0.592s] Level 1:colcon.colcon_core.package_discovery:discover_packages(prefix_path) check parameters
[0.592s] Level 1:colcon.colcon_core.package_discovery:discover_packages(prefix_path) discover
[0.601s] DEBUG:colcon.colcon_installed_package_information.package_discovery:Found 7 installed packages in /home/test/ros2_ws/install
[0.610s] DEBUG:colcon.colcon_installed_package_information.package_discovery:Found 389 installed packages in /opt/ros/jazzy
[0.618s] Level 1:colcon.colcon_core.package_discovery:discover_packages(prefix_path) using defaults
[0.739s] Level 5:colcon.colcon_core.verb:set package 'landmark_detector' build argument 'cmake_args' from command line to 'None'
[0.740s] Level 5:colcon.colcon_core.verb:set package 'landmark_detector' build argument 'cmake_target' from command line to 'None'
[0.740s] Level 5:colcon.colcon_core.verb:set package 'landmark_detector' build argument 'cmake_target_skip_unavailable' from command line to 'False'
[0.740s] Level 5:colcon.colcon_core.verb:set package 'landmark_detector' build argument 'cmake_clean_cache' from command line to 'False'
[0.740s] Level 5:colcon.colcon_core.verb:set package 'landmark_detector' build argument 'cmake_clean_first' from command line to 'False'
[0.740s] Level 5:colcon.colcon_core.verb:set package 'landmark_detector' build argument 'cmake_force_configure' from command line to 'False'
[0.741s] Level 5:colcon.colcon_core.verb:set package 'landmark_detector' build argument 'ament_cmake_args' from command line to 'None'
[0.741s] Level 5:colcon.colcon_core.verb:set package 'landmark_detector' build argument 'catkin_cmake_args' from command line to 'None'
[0.741s] Level 5:colcon.colcon_core.verb:set package 'landmark_detector' build argument 'catkin_skip_building_tests' from command line to 'False'
[0.741s] DEBUG:colcon.colcon_core.verb:Building package 'landmark_detector' with the following arguments: {'ament_cmake_args': None, 'build_base': '/home/test/ros2_ws/build/landmark_detector', 'catkin_cmake_args': None, 'catkin_skip_building_tests': False, 'cmake_args': None, 'cmake_clean_cache': False, 'cmake_clean_first': False, 'cmake_force_configure': False, 'cmake_target': None, 'cmake_target_skip_unavailable': False, 'install_base': '/home/test/ros2_ws/install/landmark_detector', 'merge_install': False, 'path': '/home/test/ros2_ws/src/landmark_detector', 'symlink_install': False, 'test_result_base': None}
[0.742s] Level 5:colcon.colcon_core.verb:set package 'mission_planner' build argument 'cmake_args' from command line to 'None'
[0.742s] Level 5:colcon.colcon_core.verb:set package 'mission_planner' build argument 'cmake_target' from command line to 'None'
[0.742s] Level 5:colcon.colcon_core.verb:set package 'mission_planner' build argument 'cmake_target_skip_unavailable' from command line to 'False'
[0.742s] Level 5:colcon.colcon_core.verb:set package 'mission_planner' build argument 'cmake_clean_cache' from command line to 'False'
[0.743s] Level 5:colcon.colcon_core.verb:set package 'mission_planner' build argument 'cmake_clean_first' from command line to 'False'
[0.743s] Level 5:colcon.colcon_core.verb:set package 'mission_planner' build argument 'cmake_force_configure' from command line to 'False'
[0.743s] Level 5:colcon.colcon_core.verb:set package 'mission_planner' build argument 'ament_cmake_args' from command line to 'None'
[0.743s] Level 5:colcon.colcon_core.verb:set package 'mission_planner' build argument 'catkin_cmake_args' from command line to 'None'
[0.743s] Level 5:colcon.colcon_core.verb:set package 'mission_planner' build argument 'catkin_skip_building_tests' from command line to 'False'
[0.743s] DEBUG:colcon.colcon_core.verb:Building package 'mission_planner' with the following arguments: {'ament_cmake_args': None, 'build_base': '/home/test/ros2_ws/build/mission_planner', 'catkin_cmake_args': None, 'catkin_skip_building_tests': False, 'cmake_args': None, 'cmake_clean_cache': False, 'cmake_clean_first': False, 'cmake_force_configure': False, 'cmake_target': None, 'cmake_target_skip_unavailable': False, 'install_base': '/home/test/ros2_ws/install/mission_planner', 'merge_install': False, 'path': '/home/test/ros2_ws/src/mission_planner', 'symlink_install': False, 'test_result_base': None}
[0.744s] Level 5:colcon.colcon_core.verb:set package 'my_local' build argument 'cmake_args' from command line to 'None'
[0.744s] Level 5:colcon.colcon_core.verb:set package 'my_local' build argument 'cmake_target' from command line to 'None'
[0.744s] Level 5:colcon.colcon_core.verb:set package 'my_local' build argument 'cmake_target_skip_unavailable' from command line to 'False'
[0.744s] Level 5:colcon.colcon_core.verb:set package 'my_local' build argument 'cmake_clean_cache' from command line to 'False'
[0.744s] Level 5:colcon.colcon_core.verb:set package 'my_local' build argument 'cmake_clean_first' from command line to 'False'
[0.744s] Level 5:colcon.colcon_core.verb:set package 'my_local' build argument 'cmake_force_configure' from command line to 'False'
[0.744s] Level 5:colcon.colcon_core.verb:set package 'my_local' build argument 'ament_cmake_args' from command line to 'None'
[0.744s] Level 5:colcon.colcon_core.verb:set package 'my_local' build argument 'catkin_cmake_args' from command line to 'None'
[0.744s] Level 5:colcon.colcon_core.verb:set package 'my_local' build argument 'catkin_skip_building_tests' from command line to 'False'
[0.744s] DEBUG:colcon.colcon_core.verb:Building package 'my_local' with the following arguments: {'ament_cmake_args': None, 'build_base': '/home/test/ros2_ws/build/my_local', 'catkin_cmake_args': None, 'catkin_skip_building_tests': False, 'cmake_args': None, 'cmake_clean_cache': False, 'cmake_clean_first': False, 'cmake_force_configure': False, 'cmake_target': None, 'cmake_target_skip_unavailable': False, 'install_base': '/home/test/ros2_ws/install/my_local', 'merge_install': False, 'path': '/home/test/ros2_ws/src/my_local', 'symlink_install': False, 'test_result_base': None}
[0.745s] Level 5:colcon.colcon_core.verb:set package 'robot_description' build argument 'cmake_args' from command line to 'None'
[0.745s] Level 5:colcon.colcon_core.verb:set package 'robot_description' build argument 'cmake_target' from command line to 'None'
[0.745s] Level 5:colcon.colcon_core.verb:set package 'robot_description' build argument 'cmake_target_skip_unavailable' from command line to 'False'
[0.745s] Level 5:colcon.colcon_core.verb:set package 'robot_description' build argument 'cmake_clean_cache' from command line to 'False'
[0.745s] Level 5:colcon.colcon_core.verb:set package 'robot_description' build argument 'cmake_clean_first' from command line to 'False'
[0.745s] Level 5:colcon.colcon_core.verb:set package 'robot_description' build argument 'cmake_force_configure' from command line to 'False'
[0.745s] Level 5:colcon.colcon_core.verb:set package 'robot_description' build argument 'ament_cmake_args' from command line to 'None'
[0.745s] Level 5:colcon.colcon_core.verb:set package 'robot_description' build argument 'catkin_cmake_args' from command line to 'None'
[0.745s] Level 5:colcon.colcon_core.verb:set package 'robot_description' build argument 'catkin_skip_building_tests' from command line to 'False'
[0.745s] DEBUG:colcon.colcon_core.verb:Building package 'robot_description' with the following arguments: {'ament_cmake_args': None, 'build_base': '/home/test/ros2_ws/build/robot_description', 'catkin_cmake_args': None, 'catkin_skip_building_tests': False, 'cmake_args': None, 'cmake_clean_cache': False, 'cmake_clean_first': False, 'cmake_force_configure': False, 'cmake_target': None, 'cmake_target_skip_unavailable': False, 'install_base': '/home/test/ros2_ws/install/robot_description', 'merge_install': False, 'path': '/home/test/ros2_ws/src/robot_description', 'symlink_install': False, 'test_result_base': None}
[0.746s] Level 5:colcon.colcon_core.verb:set package 'service_robot' build argument 'cmake_args' from command line to 'None'
[0.746s] Level 5:colcon.colcon_core.verb:set package 'service_robot' build argument 'cmake_target' from command line to 'None'
[0.746s] Level 5:colcon.colcon_core.verb:set package 'service_robot' build argument 'cmake_target_skip_unavailable' from command line to 'False'
[0.746s] Level 5:colcon.colcon_core.verb:set package 'service_robot' build argument 'cmake_clean_cache' from command line to 'False'
[0.746s] Level 5:colcon.colcon_core.verb:set package 'service_robot' build argument 'cmake_clean_first' from command line to 'False'
[0.746s] Level 5:colcon.colcon_core.verb:set package 'service_robot' build argument 'cmake_force_configure' from command line to 'False'
[0.746s] Level 5:colcon.colcon_core.verb:set package 'service_robot' build argument 'ament_cmake_args' from command line to 'None'
[0.746s] Level 5:colcon.colcon_core.verb:set package 'service_robot' build argument 'catkin_cmake_args' from command line to 'None'
[0.746s] Level 5:colcon.colcon_core.verb:set package 'service_robot' build argument 'catkin_skip_building_tests' from command line to 'False'
[0.746s] DEBUG:colcon.colcon_core.verb:Building package 'service_robot' with the following arguments: {'ament_cmake_args': None, 'build_base': '/home/test/ros2_ws/build/service_robot', 'catkin_cmake_args': None, 'catkin_skip_building_tests': False, 'cmake_args': None, 'cmake_clean_cache': False, 'cmake_clean_first': False, 'cmake_force_configure': False, 'cmake_target': None, 'cmake_target_skip_unavailable': False, 'install_base': '/home/test/ros2_ws/install/service_robot', 'merge_install': False, 'path': '/home/test/ros2_ws/src/service_robot', 'symlink_install': False, 'test_result_base': None}
[0.747s] INFO:colcon.colcon_core.executor:Executing jobs using 'parallel' executor
[0.749s] DEBUG:colcon.colcon_parallel_executor.executor.parallel:run_until_complete
[0.750s] INFO:colcon.colcon_ros.task.ament_python.build:Building ROS package in '/home/test/ros2_ws/src/landmark_detector' with build type 'ament_python'
[0.750s] Level 1:colcon.colcon_core.shell:create_environment_hook('landmark_detector', 'ament_prefix_path')
[0.754s] INFO:colcon.colcon_core.plugin_system:Skipping extension 'colcon_core.shell.bat': Not used on non-Windows systems
[0.755s] INFO:colcon.colcon_core.shell:Creating environment hook '/home/test/ros2_ws/install/landmark_detector/share/landmark_detector/hook/ament_prefix_path.ps1'
[0.756s] INFO:colcon.colcon_core.shell:Creating environment descriptor '/home/test/ros2_ws/install/landmark_detector/share/landmark_detector/hook/ament_prefix_path.dsv'
[0.756s] INFO:colcon.colcon_core.shell:Creating environment hook '/home/test/ros2_ws/install/landmark_detector/share/landmark_detector/hook/ament_prefix_path.sh'
[0.757s] INFO:colcon.colcon_core.shell:Skip shell extension 'powershell' for command environment: Not usable outside of PowerShell
[0.757s] DEBUG:colcon.colcon_core.shell:Skip shell extension 'dsv' for command environment
[0.763s] INFO:colcon.colcon_ros.task.ament_python.build:Building ROS package in '/home/test/ros2_ws/src/mission_planner' with build type 'ament_python'
[0.763s] Level 1:colcon.colcon_core.shell:create_environment_hook('mission_planner', 'ament_prefix_path')
[0.764s] INFO:colcon.colcon_core.shell:Creating environment hook '/home/test/ros2_ws/install/mission_planner/share/mission_planner/hook/ament_prefix_path.ps1'
[0.765s] INFO:colcon.colcon_core.shell:Creating environment descriptor '/home/test/ros2_ws/install/mission_planner/share/mission_planner/hook/ament_prefix_path.dsv'
[0.765s] INFO:colcon.colcon_core.shell:Creating environment hook '/home/test/ros2_ws/install/mission_planner/share/mission_planner/hook/ament_prefix_path.sh'
[0.766s] INFO:colcon.colcon_core.shell:Skip shell extension 'powershell' for command environment: Not usable outside of PowerShell
[0.766s] DEBUG:colcon.colcon_core.shell:Skip shell extension 'dsv' for command environment
[0.774s] INFO:colcon.colcon_ros.task.ament_python.build:Building ROS package in '/home/test/ros2_ws/src/my_local' with build type 'ament_python'
[0.774s] Level 1:colcon.colcon_core.shell:create_environment_hook('my_local', 'ament_prefix_path')
[0.775s] INFO:colcon.colcon_core.shell:Creating environment hook '/home/test/ros2_ws/install/my_local/share/my_local/hook/ament_prefix_path.ps1'
[0.776s] INFO:colcon.colcon_core.shell:Creating environment descriptor '/home/test/ros2_ws/install/my_local/share/my_local/hook/ament_prefix_path.dsv'
[0.777s] INFO:colcon.colcon_core.shell:Creating environment hook '/home/test/ros2_ws/install/my_local/share/my_local/hook/ament_prefix_path.sh'
[0.777s] INFO:colcon.colcon_core.shell:Skip shell extension 'powershell' for command environment: Not usable outside of PowerShell
[0.778s] DEBUG:colcon.colcon_core.shell:Skip shell extension 'dsv' for command environment
[0.782s] INFO:colcon.colcon_ros.task.ament_cmake.build:Building ROS package in '/home/test/ros2_ws/src/robot_description' with build type 'ament_cmake'
[0.782s] INFO:colcon.colcon_cmake.task.cmake.build:Building CMake package in '/home/test/ros2_ws/src/robot_description'
[0.783s] INFO:colcon.colcon_core.shell:Skip shell extension 'powershell' for command environment: Not usable outside of PowerShell
[0.783s] DEBUG:colcon.colcon_core.shell:Skip shell extension 'dsv' for command environment
[0.793s] INFO:colcon.colcon_ros.task.ament_python.build:Building ROS package in '/home/test/ros2_ws/src/service_robot' with build type 'ament_python'
[0.793s] Level 1:colcon.colcon_core.shell:create_environment_hook('service_robot', 'ament_prefix_path')
[0.793s] INFO:colcon.colcon_core.shell:Creating environment hook '/home/test/ros2_ws/install/service_robot/share/service_robot/hook/ament_prefix_path.ps1'
[0.794s] INFO:colcon.colcon_core.shell:Creating environment descriptor '/home/test/ros2_ws/install/service_robot/share/service_robot/hook/ament_prefix_path.dsv'
[0.795s] INFO:colcon.colcon_core.shell:Creating environment hook '/home/test/ros2_ws/install/service_robot/share/service_robot/hook/ament_prefix_path.sh'
[0.796s] INFO:colcon.colcon_core.shell:Skip shell extension 'powershell' for command environment: Not usable outside of PowerShell
[0.796s] DEBUG:colcon.colcon_core.shell:Skip shell extension 'dsv' for command environment
[1.166s] INFO:colcon.colcon_core.task.python.build:Building Python package in '/home/test/ros2_ws/src/landmark_detector'
[1.166s] INFO:colcon.colcon_core.shell:Skip shell extension 'powershell' for command environment: Not usable outside of PowerShell
[1.166s] DEBUG:colcon.colcon_core.shell:Skip shell extension 'dsv' for command environment
[1.520s] INFO:colcon.colcon_core.task.python.build:Building Python package in '/home/test/ros2_ws/src/mission_planner'
[1.520s] INFO:colcon.colcon_core.shell:Skip shell extension 'powershell' for command environment: Not usable outside of PowerShell
[1.520s] DEBUG:colcon.colcon_core.shell:Skip shell extension 'dsv' for command environment
[1.859s] INFO:colcon.colcon_core.task.python.build:Building Python package in '/home/test/ros2_ws/src/my_local'
[1.859s] INFO:colcon.colcon_core.shell:Skip shell extension 'powershell' for command environment: Not usable outside of PowerShell
[1.859s] DEBUG:colcon.colcon_core.shell:Skip shell extension 'dsv' for command environment
[1.870s] DEBUG:colcon.colcon_core.event_handler.log_command:Invoking command in '/home/test/ros2_ws/build/robot_description': CMAKE_PREFIX_PATH=${CMAKE_PREFIX_PATH}:/home/test/ros2_ws/install/service_robot:/home/test/ros2_ws/install/robot_localization_pkg:/home/test/ros2_ws/install/robot_exam_localization:/home/test/ros2_ws/install/my_local:/home/test/ros2_ws/install/mission_planner:/home/test/ros2_ws/install/landmark_detector:/opt/ros/jazzy /usr/bin/cmake --build /home/test/ros2_ws/build/robot_description -- -j8 -l8
[2.141s] INFO:colcon.colcon_core.task.python.build:Building Python package in '/home/test/ros2_ws/src/service_robot'
[2.141s] INFO:colcon.colcon_core.shell:Skip shell extension 'powershell' for command environment: Not usable outside of PowerShell
[2.141s] DEBUG:colcon.colcon_core.shell:Skip shell extension 'dsv' for command environment
[2.157s] DEBUG:colcon.colcon_core.event_handler.log_command:Invoked command in '/home/test/ros2_ws/build/robot_description' returned '0': CMAKE_PREFIX_PATH=${CMAKE_PREFIX_PATH}:/home/test/ros2_ws/install/service_robot:/home/test/ros2_ws/install/robot_localization_pkg:/home/test/ros2_ws/install/robot_exam_localization:/home/test/ros2_ws/install/my_local:/home/test/ros2_ws/install/mission_planner:/home/test/ros2_ws/install/landmark_detector:/opt/ros/jazzy /usr/bin/cmake --build /home/test/ros2_ws/build/robot_description -- -j8 -l8
[2.178s] DEBUG:colcon.colcon_core.event_handler.log_command:Invoking command in '/home/test/ros2_ws/build/robot_description': CMAKE_PREFIX_PATH=${CMAKE_PREFIX_PATH}:/home/test/ros2_ws/install/service_robot:/home/test/ros2_ws/install/robot_localization_pkg:/home/test/ros2_ws/install/robot_exam_localization:/home/test/ros2_ws/install/my_local:/home/test/ros2_ws/install/mission_planner:/home/test/ros2_ws/install/landmark_detector:/opt/ros/jazzy /usr/bin/cmake --install /home/test/ros2_ws/build/robot_description
[2.205s] Level 1:colcon.colcon_core.environment:create_environment_scripts_only(robot_description)
[2.206s] DEBUG:colcon.colcon_core.event_handler.log_command:Invoked command in '/home/test/ros2_ws/build/robot_description' returned '0': CMAKE_PREFIX_PATH=${CMAKE_PREFIX_PATH}:/home/test/ros2_ws/install/service_robot:/home/test/ros2_ws/install/robot_localization_pkg:/home/test/ros2_ws/install/robot_exam_localization:/home/test/ros2_ws/install/my_local:/home/test/ros2_ws/install/mission_planner:/home/test/ros2_ws/install/landmark_detector:/opt/ros/jazzy /usr/bin/cmake --install /home/test/ros2_ws/build/robot_description
[2.209s] Level 1:colcon.colcon_core.environment:checking '/home/test/ros2_ws/install/robot_description' for CMake module files
[2.210s] Level 1:colcon.colcon_core.environment:checking '/home/test/ros2_ws/install/robot_description' for CMake config files
[2.210s] Level 1:colcon.colcon_core.shell:create_environment_hook('robot_description', 'cmake_prefix_path')
[2.210s] INFO:colcon.colcon_core.shell:Creating environment hook '/home/test/ros2_ws/install/robot_description/share/robot_description/hook/cmake_prefix_path.ps1'
[2.211s] INFO:colcon.colcon_core.shell:Creating environment descriptor '/home/test/ros2_ws/install/robot_description/share/robot_description/hook/cmake_prefix_path.dsv'
[2.212s] INFO:colcon.colcon_core.shell:Creating environment hook '/home/test/ros2_ws/install/robot_description/share/robot_description/hook/cmake_prefix_path.sh'
[2.213s] Level 1:colcon.colcon_core.environment:checking '/home/test/ros2_ws/install/robot_description/bin'
[2.213s] Level 1:colcon.colcon_core.environment:checking '/home/test/ros2_ws/install/robot_description/lib/pkgconfig/robot_description.pc'
[2.213s] Level 1:colcon.colcon_core.environment:checking '/home/test/ros2_ws/install/robot_description/lib/python3.12/site-packages'
[2.213s] Level 1:colcon.colcon_core.environment:checking '/home/test/ros2_ws/install/robot_description/bin'
[2.214s] INFO:colcon.colcon_core.shell:Creating package script '/home/test/ros2_ws/install/robot_description/share/robot_description/package.ps1'
[2.215s] INFO:colcon.colcon_core.shell:Creating package descriptor '/home/test/ros2_ws/install/robot_description/share/robot_description/package.dsv'
[2.215s] INFO:colcon.colcon_core.shell:Creating package script '/home/test/ros2_ws/install/robot_description/share/robot_description/package.sh'
[2.216s] INFO:colcon.colcon_core.shell:Creating package script '/home/test/ros2_ws/install/robot_description/share/robot_description/package.bash'
[2.217s] INFO:colcon.colcon_core.shell:Creating package script '/home/test/ros2_ws/install/robot_description/share/robot_description/package.zsh'
[2.218s] Level 1:colcon.colcon_core.environment:create_file_with_runtime_dependencies(/home/test/ros2_ws/install/robot_description/share/colcon-core/packages/robot_description)
[2.219s] Level 1:colcon.colcon_core.environment:create_environment_scripts_only(robot_description)
[2.219s] Level 1:colcon.colcon_core.environment:checking '/home/test/ros2_ws/install/robot_description' for CMake module files
[2.220s] Level 1:colcon.colcon_core.environment:checking '/home/test/ros2_ws/install/robot_description' for CMake config files
[2.221s] Level 1:colcon.colcon_core.shell:create_environment_hook('robot_description', 'cmake_prefix_path')
[2.221s] INFO:colcon.colcon_core.shell:Creating environment hook '/home/test/ros2_ws/install/robot_description/share/robot_description/hook/cmake_prefix_path.ps1'
[2.222s] INFO:colcon.colcon_core.shell:Creating environment descriptor '/home/test/ros2_ws/install/robot_description/share/robot_description/hook/cmake_prefix_path.dsv'
[2.223s] INFO:colcon.colcon_core.shell:Creating environment hook '/home/test/ros2_ws/install/robot_description/share/robot_description/hook/cmake_prefix_path.sh'
[2.224s] Level 1:colcon.colcon_core.environment:checking '/home/test/ros2_ws/install/robot_description/bin'
[2.224s] Level 1:colcon.colcon_core.environment:checking '/home/test/ros2_ws/install/robot_description/lib/pkgconfig/robot_description.pc'
[2.225s] Level 1:colcon.colcon_core.environment:checking '/home/test/ros2_ws/install/robot_description/lib/python3.12/site-packages'
[2.225s] Level 1:colcon.colcon_core.environment:checking '/home/test/ros2_ws/install/robot_description/bin'
[2.226s] INFO:colcon.colcon_core.shell:Creating package script '/home/test/ros2_ws/install/robot_description/share/robot_description/package.ps1'
[2.227s] INFO:colcon.colcon_core.shell:Creating package descriptor '/home/test/ros2_ws/install/robot_description/share/robot_description/package.dsv'
[2.228s] INFO:colcon.colcon_core.shell:Creating package script '/home/test/ros2_ws/install/robot_description/share/robot_description/package.sh'
[2.229s] INFO:colcon.colcon_core.shell:Creating package script '/home/test/ros2_ws/install/robot_description/share/robot_description/package.bash'
[2.230s] INFO:colcon.colcon_core.shell:Creating package script '/home/test/ros2_ws/install/robot_description/share/robot_description/package.zsh'
[2.231s] Level 1:colcon.colcon_core.environment:create_file_with_runtime_dependencies(/home/test/ros2_ws/install/robot_description/share/colcon-core/packages/robot_description)
[3.247s] DEBUG:colcon.colcon_core.event_handler.log_command:Invoking command in '/home/test/ros2_ws/src/my_local': PYTHONPATH=/home/test/ros2_ws/build/my_local/prefix_override:/usr/lib/python3/dist-packages/colcon_core/task/python/colcon_distutils_commands:/home/test/ros2_ws/install/my_local/lib/python3.12/site-packages:${PYTHONPATH} /usr/bin/python3 -W ignore:setup.py install is deprecated -W ignore:easy_install command is deprecated setup.py egg_info --egg-base ../../build/my_local build --build-base /home/test/ros2_ws/build/my_local/build install --record /home/test/ros2_ws/build/my_local/install.log --single-version-externally-managed install_data
[3.253s] DEBUG:colcon.colcon_core.event_handler.log_command:Invoking command in '/home/test/ros2_ws/src/mission_planner': PYTHONPATH=/home/test/ros2_ws/build/mission_planner/prefix_override:/usr/lib/python3/dist-packages/colcon_core/task/python/colcon_distutils_commands:/home/test/ros2_ws/install/mission_planner/lib/python3.12/site-packages:${PYTHONPATH} /usr/bin/python3 -W ignore:setup.py install is deprecated -W ignore:easy_install command is deprecated setup.py egg_info --egg-base ../../build/mission_planner build --build-base /home/test/ros2_ws/build/mission_planner/build install --record /home/test/ros2_ws/build/mission_planner/install.log --single-version-externally-managed install_data
[3.270s] DEBUG:colcon.colcon_core.event_handler.log_command:Invoking command in '/home/test/ros2_ws/src/landmark_detector': PYTHONPATH=/home/test/ros2_ws/build/landmark_detector/prefix_override:/usr/lib/python3/dist-packages/colcon_core/task/python/colcon_distutils_commands:/home/test/ros2_ws/install/landmark_detector/lib/python3.12/site-packages:${PYTHONPATH} /usr/bin/python3 -W ignore:setup.py install is deprecated -W ignore:easy_install command is deprecated setup.py egg_info --egg-base ../../build/landmark_detector build --build-base /home/test/ros2_ws/build/landmark_detector/build install --record /home/test/ros2_ws/build/landmark_detector/install.log --single-version-externally-managed install_data
[3.290s] DEBUG:colcon.colcon_core.event_handler.log_command:Invoking command in '/home/test/ros2_ws/src/service_robot': PYTHONPATH=/home/test/ros2_ws/build/service_robot/prefix_override:/usr/lib/python3/dist-packages/colcon_core/task/python/colcon_distutils_commands:/home/test/ros2_ws/install/service_robot/lib/python3.12/site-packages:${PYTHONPATH} /usr/bin/python3 -W ignore:setup.py install is deprecated -W ignore:easy_install command is deprecated setup.py egg_info --egg-base ../../build/service_robot build --build-base /home/test/ros2_ws/build/service_robot/build install --record /home/test/ros2_ws/build/service_robot/install.log --single-version-externally-managed install_data
[4.215s] Level 1:colcon.colcon_core.environment:checking '/home/test/ros2_ws/install/my_local' for CMake module files
[4.215s] DEBUG:colcon.colcon_core.event_handler.log_command:Invoked command in '/home/test/ros2_ws/src/my_local' returned '0': PYTHONPATH=/home/test/ros2_ws/build/my_local/prefix_override:/usr/lib/python3/dist-packages/colcon_core/task/python/colcon_distutils_commands:/home/test/ros2_ws/install/my_local/lib/python3.12/site-packages:${PYTHONPATH} /usr/bin/python3 -W ignore:setup.py install is deprecated -W ignore:easy_install command is deprecated setup.py egg_info --egg-base ../../build/my_local build --build-base /home/test/ros2_ws/build/my_local/build install --record /home/test/ros2_ws/build/my_local/install.log --single-version-externally-managed install_data
[4.216s] Level 1:colcon.colcon_core.environment:checking '/home/test/ros2_ws/install/my_local' for CMake config files
[4.218s] Level 1:colcon.colcon_core.environment:checking '/home/test/ros2_ws/install/my_local/lib'
[4.218s] Level 1:colcon.colcon_core.environment:checking '/home/test/ros2_ws/install/my_local/bin'
[4.218s] Level 1:colcon.colcon_core.environment:checking '/home/test/ros2_ws/install/my_local/lib/pkgconfig/my_local.pc'
[4.218s] Level 1:colcon.colcon_core.environment:checking '/home/test/ros2_ws/install/my_local/lib/python3.12/site-packages'
[4.219s] Level 1:colcon.colcon_core.shell:create_environment_hook('my_local', 'pythonpath')
[4.219s] INFO:colcon.colcon_core.shell:Creating environment hook '/home/test/ros2_ws/install/my_local/share/my_local/hook/pythonpath.ps1'
[4.220s] INFO:colcon.colcon_core.shell:Creating environment descriptor '/home/test/ros2_ws/install/my_local/share/my_local/hook/pythonpath.dsv'
[4.220s] INFO:colcon.colcon_core.shell:Creating environment hook '/home/test/ros2_ws/install/my_local/share/my_local/hook/pythonpath.sh'
[4.221s] Level 1:colcon.colcon_core.environment:checking '/home/test/ros2_ws/install/my_local/bin'
[4.221s] Level 1:colcon.colcon_core.environment:create_environment_scripts_only(my_local)
[4.221s] INFO:colcon.colcon_core.shell:Creating package script '/home/test/ros2_ws/install/my_local/share/my_local/package.ps1'
[4.222s] INFO:colcon.colcon_core.shell:Creating package descriptor '/home/test/ros2_ws/install/my_local/share/my_local/package.dsv'
[4.223s] INFO:colcon.colcon_core.shell:Creating package script '/home/test/ros2_ws/install/my_local/share/my_local/package.sh'
[4.223s] INFO:colcon.colcon_core.shell:Creating package script '/home/test/ros2_ws/install/my_local/share/my_local/package.bash'
[4.224s] INFO:colcon.colcon_core.shell:Creating package script '/home/test/ros2_ws/install/my_local/share/my_local/package.zsh'
[4.224s] Level 1:colcon.colcon_core.environment:create_file_with_runtime_dependencies(/home/test/ros2_ws/install/my_local/share/colcon-core/packages/my_local)
[4.235s] Level 1:colcon.colcon_core.environment:checking '/home/test/ros2_ws/install/mission_planner' for CMake module files
[4.236s] DEBUG:colcon.colcon_core.event_handler.log_command:Invoked command in '/home/test/ros2_ws/src/mission_planner' returned '0': PYTHONPATH=/home/test/ros2_ws/build/mission_planner/prefix_override:/usr/lib/python3/dist-packages/colcon_core/task/python/colcon_distutils_commands:/home/test/ros2_ws/install/mission_planner/lib/python3.12/site-packages:${PYTHONPATH} /usr/bin/python3 -W ignore:setup.py install is deprecated -W ignore:easy_install command is deprecated setup.py egg_info --egg-base ../../build/mission_planner build --build-base /home/test/ros2_ws/build/mission_planner/build install --record /home/test/ros2_ws/build/mission_planner/install.log --single-version-externally-managed install_data
[4.237s] Level 1:colcon.colcon_core.environment:checking '/home/test/ros2_ws/install/mission_planner' for CMake config files
[4.237s] Level 1:colcon.colcon_core.environment:checking '/home/test/ros2_ws/install/mission_planner/lib'
[4.237s] Level 1:colcon.colcon_core.environment:checking '/home/test/ros2_ws/install/mission_planner/bin'
[4.237s] Level 1:colcon.colcon_core.environment:checking '/home/test/ros2_ws/install/mission_planner/lib/pkgconfig/mission_planner.pc'
[4.238s] Level 1:colcon.colcon_core.environment:checking '/home/test/ros2_ws/install/mission_planner/lib/python3.12/site-packages'
[4.238s] Level 1:colcon.colcon_core.shell:create_environment_hook('mission_planner', 'pythonpath')
[4.238s] INFO:colcon.colcon_core.shell:Creating environment hook '/home/test/ros2_ws/install/mission_planner/share/mission_planner/hook/pythonpath.ps1'
[4.239s] INFO:colcon.colcon_core.shell:Creating environment descriptor '/home/test/ros2_ws/install/mission_planner/share/mission_planner/hook/pythonpath.dsv'
[4.239s] INFO:colcon.colcon_core.shell:Creating environment hook '/home/test/ros2_ws/install/mission_planner/share/mission_planner/hook/pythonpath.sh'
[4.241s] Level 1:colcon.colcon_core.environment:checking '/home/test/ros2_ws/install/mission_planner/bin'
[4.241s] Level 1:colcon.colcon_core.environment:create_environment_scripts_only(mission_planner)
[4.241s] INFO:colcon.colcon_core.shell:Creating package script '/home/test/ros2_ws/install/mission_planner/share/mission_planner/package.ps1'
[4.242s] INFO:colcon.colcon_core.shell:Creating package descriptor '/home/test/ros2_ws/install/mission_planner/share/mission_planner/package.dsv'
[4.242s] INFO:colcon.colcon_core.shell:Creating package script '/home/test/ros2_ws/install/mission_planner/share/mission_planner/package.sh'
[4.243s] INFO:colcon.colcon_core.shell:Creating package script '/home/test/ros2_ws/install/mission_planner/share/mission_planner/package.bash'
[4.244s] INFO:colcon.colcon_core.shell:Creating package script '/home/test/ros2_ws/install/mission_planner/share/mission_planner/package.zsh'
[4.244s] Level 1:colcon.colcon_core.environment:create_file_with_runtime_dependencies(/home/test/ros2_ws/install/mission_planner/share/colcon-core/packages/mission_planner)
[4.251s] Level 1:colcon.colcon_core.environment:checking '/home/test/ros2_ws/install/landmark_detector' for CMake module files
[4.252s] DEBUG:colcon.colcon_core.event_handler.log_command:Invoked command in '/home/test/ros2_ws/src/landmark_detector' returned '0': PYTHONPATH=/home/test/ros2_ws/build/landmark_detector/prefix_override:/usr/lib/python3/dist-packages/colcon_core/task/python/colcon_distutils_commands:/home/test/ros2_ws/install/landmark_detector/lib/python3.12/site-packages:${PYTHONPATH} /usr/bin/python3 -W ignore:setup.py install is deprecated -W ignore:easy_install command is deprecated setup.py egg_info --egg-base ../../build/landmark_detector build --build-base /home/test/ros2_ws/build/landmark_detector/build install --record /home/test/ros2_ws/build/landmark_detector/install.log --single-version-externally-managed install_data
[4.253s] Level 1:colcon.colcon_core.environment:checking '/home/test/ros2_ws/install/landmark_detector' for CMake config files
[4.255s] Level 1:colcon.colcon_core.environment:checking '/home/test/ros2_ws/install/landmark_detector/lib'
[4.255s] Level 1:colcon.colcon_core.environment:checking '/home/test/ros2_ws/install/landmark_detector/bin'
[4.255s] Level 1:colcon.colcon_core.environment:checking '/home/test/ros2_ws/install/landmark_detector/lib/pkgconfig/landmark_detector.pc'
[4.256s] Level 1:colcon.colcon_core.environment:checking '/home/test/ros2_ws/install/landmark_detector/lib/python3.12/site-packages'
[4.256s] Level 1:colcon.colcon_core.shell:create_environment_hook('landmark_detector', 'pythonpath')
[4.257s] INFO:colcon.colcon_core.shell:Creating environment hook '/home/test/ros2_ws/install/landmark_detector/share/landmark_detector/hook/pythonpath.ps1'
[4.258s] INFO:colcon.colcon_core.shell:Creating environment descriptor '/home/test/ros2_ws/install/landmark_detector/share/landmark_detector/hook/pythonpath.dsv'
[4.259s] INFO:colcon.colcon_core.shell:Creating environment hook '/home/test/ros2_ws/install/landmark_detector/share/landmark_detector/hook/pythonpath.sh'
[4.261s] Level 1:colcon.colcon_core.environment:checking '/home/test/ros2_ws/install/landmark_detector/bin'
[4.261s] Level 1:colcon.colcon_core.environment:create_environment_scripts_only(landmark_detector)
[4.262s] INFO:colcon.colcon_core.shell:Creating package script '/home/test/ros2_ws/install/landmark_detector/share/landmark_detector/package.ps1'
[4.263s] INFO:colcon.colcon_core.shell:Creating package descriptor '/home/test/ros2_ws/install/landmark_detector/share/landmark_detector/package.dsv'
[4.265s] INFO:colcon.colcon_core.shell:Creating package script '/home/test/ros2_ws/install/landmark_detector/share/landmark_detector/package.sh'
[4.265s] INFO:colcon.colcon_core.shell:Creating package script '/home/test/ros2_ws/install/landmark_detector/share/landmark_detector/package.bash'
[4.266s] INFO:colcon.colcon_core.shell:Creating package script '/home/test/ros2_ws/install/landmark_detector/share/landmark_detector/package.zsh'
[4.267s] Level 1:colcon.colcon_core.environment:create_file_with_runtime_dependencies(/home/test/ros2_ws/install/landmark_detector/share/colcon-core/packages/landmark_detector)
[4.271s] Level 1:colcon.colcon_core.environment:checking '/home/test/ros2_ws/install/service_robot' for CMake module files
[4.272s] DEBUG:colcon.colcon_core.event_handler.log_command:Invoked command in '/home/test/ros2_ws/src/service_robot' returned '0': PYTHONPATH=/home/test/ros2_ws/build/service_robot/prefix_override:/usr/lib/python3/dist-packages/colcon_core/task/python/colcon_distutils_commands:/home/test/ros2_ws/install/service_robot/lib/python3.12/site-packages:${PYTHONPATH} /usr/bin/python3 -W ignore:setup.py install is deprecated -W ignore:easy_install command is deprecated setup.py egg_info --egg-base ../../build/service_robot build --build-base /home/test/ros2_ws/build/service_robot/build install --record /home/test/ros2_ws/build/service_robot/install.log --single-version-externally-managed install_data
[4.273s] Level 1:colcon.colcon_core.environment:checking '/home/test/ros2_ws/install/service_robot' for CMake config files
[4.274s] Level 1:colcon.colcon_core.environment:checking '/home/test/ros2_ws/install/service_robot/lib'
[4.274s] Level 1:colcon.colcon_core.environment:checking '/home/test/ros2_ws/install/service_robot/bin'
[4.274s] Level 1:colcon.colcon_core.environment:checking '/home/test/ros2_ws/install/service_robot/lib/pkgconfig/service_robot.pc'
[4.275s] Level 1:colcon.colcon_core.environment:checking '/home/test/ros2_ws/install/service_robot/lib/python3.12/site-packages'
[4.275s] Level 1:colcon.colcon_core.shell:create_environment_hook('service_robot', 'pythonpath')
[4.275s] INFO:colcon.colcon_core.shell:Creating environment hook '/home/test/ros2_ws/install/service_robot/share/service_robot/hook/pythonpath.ps1'
[4.276s] INFO:colcon.colcon_core.shell:Creating environment descriptor '/home/test/ros2_ws/install/service_robot/share/service_robot/hook/pythonpath.dsv'
[4.276s] INFO:colcon.colcon_core.shell:Creating environment hook '/home/test/ros2_ws/install/service_robot/share/service_robot/hook/pythonpath.sh'
[4.277s] Level 1:colcon.colcon_core.environment:checking '/home/test/ros2_ws/install/service_robot/bin'
[4.277s] Level 1:colcon.colcon_core.environment:create_environment_scripts_only(service_robot)
[4.277s] INFO:colcon.colcon_core.shell:Creating package script '/home/test/ros2_ws/install/service_robot/share/service_robot/package.ps1'
[4.278s] INFO:colcon.colcon_core.shell:Creating package descriptor '/home/test/ros2_ws/install/service_robot/share/service_robot/package.dsv'
[4.279s] INFO:colcon.colcon_core.shell:Creating package script '/home/test/ros2_ws/install/service_robot/share/service_robot/package.sh'
[4.279s] INFO:colcon.colcon_core.shell:Creating package script '/home/test/ros2_ws/install/service_robot/share/service_robot/package.bash'
[4.280s] INFO:colcon.colcon_core.shell:Creating package script '/home/test/ros2_ws/install/service_robot/share/service_robot/package.zsh'
[4.280s] Level 1:colcon.colcon_core.environment:create_file_with_runtime_dependencies(/home/test/ros2_ws/install/service_robot/share/colcon-core/packages/service_robot)
[4.281s] DEBUG:colcon.colcon_parallel_executor.executor.parallel:closing loop
[4.281s] DEBUG:colcon.colcon_parallel_executor.executor.parallel:loop closed
[4.282s] DEBUG:colcon.colcon_parallel_executor.executor.parallel:run_until_complete finished with '0'
[4.282s] DEBUG:colcon.colcon_core.event_reactor:joining thread
[4.449s] INFO:colcon.colcon_core.plugin_system:Skipping extension 'colcon_notification.desktop_notification.notify_send': Could not find 'notify-send'
[4.449s] INFO:colcon.colcon_core.plugin_system:Skipping extension 'colcon_notification.desktop_notification.terminal_notifier': Not used on non-Darwin systems
[4.449s] INFO:colcon.colcon_core.plugin_system:Skipping extension 'colcon_notification.desktop_notification.win32': Not used on non-Windows systems
[4.449s] INFO:colcon.colcon_notification.desktop_notification:Sending desktop notification using 'notify2'
[4.452s] DEBUG:colcon.colcon_notification.desktop_notification.notify2:Failed to initialize notify2: org.freedesktop.DBus.Error.ServiceUnknown: The name org.freedesktop.Notifications was not provided by any .service files
[4.452s] DEBUG:colcon.colcon_core.event_reactor:joined thread
[4.452s] INFO:colcon.colcon_core.shell:Creating prefix script '/home/test/ros2_ws/install/local_setup.ps1'
[4.453s] INFO:colcon.colcon_core.shell:Creating prefix util module '/home/test/ros2_ws/install/_local_setup_util_ps1.py'
[4.457s] INFO:colcon.colcon_core.shell:Creating prefix chain script '/home/test/ros2_ws/install/setup.ps1'
[4.459s] INFO:colcon.colcon_core.shell:Creating prefix script '/home/test/ros2_ws/install/local_setup.sh'
[4.460s] INFO:colcon.colcon_core.shell:Creating prefix util module '/home/test/ros2_ws/install/_local_setup_util_sh.py'
[4.461s] INFO:colcon.colcon_core.shell:Creating prefix chain script '/home/test/ros2_ws/install/setup.sh'
[4.464s] INFO:colcon.colcon_core.shell:Creating prefix script '/home/test/ros2_ws/install/local_setup.bash'
[4.464s] INFO:colcon.colcon_core.shell:Creating prefix chain script '/home/test/ros2_ws/install/setup.bash'
[4.466s] INFO:colcon.colcon_core.shell:Creating prefix script '/home/test/ros2_ws/install/local_setup.zsh'
[4.466s] INFO:colcon.colcon_core.shell:Creating prefix chain script '/home/test/ros2_ws/install/setup.zsh'
