[3.716s] Invoking command in '/home/test/ros2_ws/build/robot_description': CMAKE_PREFIX_PATH=${CMAKE_PREFIX_PATH}:/home/test/ros2_ws/install/service_robot:/home/test/ros2_ws/install/robot_localization_pkg:/home/test/ros2_ws/install/robot_exam_localization:/home/test/ros2_ws/install/my_local:/home/test/ros2_ws/install/mission_planner:/home/test/ros2_ws/install/landmark_detector:/opt/ros/jazzy /usr/bin/cmake --build /home/test/ros2_ws/build/robot_description -- -j8 -l8
[4.983s] Invoked command in '/home/test/ros2_ws/build/robot_description' returned '0': CMAKE_PREFIX_PATH=${CMAKE_PREFIX_PATH}:/home/test/ros2_ws/install/service_robot:/home/test/ros2_ws/install/robot_localization_pkg:/home/test/ros2_ws/install/robot_exam_localization:/home/test/ros2_ws/install/my_local:/home/test/ros2_ws/install/mission_planner:/home/test/ros2_ws/install/landmark_detector:/opt/ros/jazzy /usr/bin/cmake --build /home/test/ros2_ws/build/robot_description -- -j8 -l8
[5.027s] Invoking command in '/home/test/ros2_ws/build/robot_description': CMAKE_PREFIX_PATH=${CMAKE_PREFIX_PATH}:/home/test/ros2_ws/install/service_robot:/home/test/ros2_ws/install/robot_localization_pkg:/home/test/ros2_ws/install/robot_exam_localization:/home/test/ros2_ws/install/my_local:/home/test/ros2_ws/install/mission_planner:/home/test/ros2_ws/install/landmark_detector:/opt/ros/jazzy /usr/bin/cmake --install /home/test/ros2_ws/build/robot_description
[5.092s] -- Install configuration: ""
[5.094s] -- Up-to-date: /home/test/ros2_ws/install/robot_description/share/robot_description/urdf
[5.095s] -- Up-to-date: /home/test/ros2_ws/install/robot_description/share/robot_description/urdf/gazebo_plugins.xacro:Zone.Identifier
[5.096s] -- Up-to-date: /home/test/ros2_ws/install/robot_description/share/robot_description/urdf/gazebo_plugins.xacro
[5.096s] -- Up-to-date: /home/test/ros2_ws/install/robot_description/share/robot_description/urdf/service_robot.urdf.xacro:Zone.Identifier
[5.096s] -- Up-to-date: /home/test/ros2_ws/install/robot_description/share/robot_description/urdf/service_robot.urdf.xacro
[5.096s] -- Up-to-date: /home/test/ros2_ws/install/robot_description/share/robot_description/launch
[5.096s] -- Up-to-date: /home/test/ros2_ws/install/robot_description/share/robot_description/launch/slam.launch.py
[5.096s] -- Up-to-date: /home/test/ros2_ws/install/robot_description/share/robot_description/launch/display.launch.py:Zone.Identifier
[5.096s] -- Up-to-date: /home/test/ros2_ws/install/robot_description/share/robot_description/launch/slam.launch.py:Zone.Identifier
[5.097s] -- Up-to-date: /home/test/ros2_ws/install/robot_description/share/robot_description/launch/display.launch.py
[5.097s] -- Up-to-date: /home/test/ros2_ws/install/robot_description/share/robot_description/config
[5.097s] -- Up-to-date: /home/test/ros2_ws/install/robot_description/share/robot_description/config/slam_config.yaml
[5.097s] -- Up-to-date: /home/test/ros2_ws/install/robot_description/share/robot_description/config/slam_config.yaml:Zone.Identifier
[5.098s] -- Up-to-date: /home/test/ros2_ws/install/robot_description/share/robot_description/worlds
[5.098s] -- Up-to-date: /home/test/ros2_ws/install/robot_description/share/robot_description/worlds/qr_textures
[5.098s] -- Up-to-date: /home/test/ros2_ws/install/robot_description/share/robot_description/worlds/qr_textures/qr_pillar_a.png:Zone.Identifier
[5.103s] -- Up-to-date: /home/test/ros2_ws/install/robot_description/share/robot_description/worlds/qr_textures/qr_pillar_b.png
[5.104s] -- Up-to-date: /home/test/ros2_ws/install/robot_description/share/robot_description/worlds/qr_textures/qr_tl_box.png:Zone.Identifier
[5.104s] -- Up-to-date: /home/test/ros2_ws/install/robot_description/share/robot_description/worlds/qr_textures/qr_pillar_a.png
[5.104s] -- Up-to-date: /home/test/ros2_ws/install/robot_description/share/robot_description/worlds/qr_textures/qr_diag_block_1.png
[5.105s] -- Up-to-date: /home/test/ros2_ws/install/robot_description/share/robot_description/worlds/qr_textures/qr_diag_block_1.png:Zone.Identifier
[5.105s] -- Up-to-date: /home/test/ros2_ws/install/robot_description/share/robot_description/worlds/qr_textures/qr_pillar_b.png:Zone.Identifier
[5.105s] -- Up-to-date: /home/test/ros2_ws/install/robot_description/share/robot_description/worlds/qr_textures/qr_tl_box.png
[5.105s] -- Up-to-date: /home/test/ros2_ws/install/robot_description/share/robot_description/worlds/maze.sdf:Zone.Identifier
[5.105s] -- Up-to-date: /home/test/ros2_ws/install/robot_description/share/robot_description/worlds/maze.sdf
[5.106s] -- Up-to-date: /home/test/ros2_ws/install/robot_description/share/ament_index/resource_index/package_run_dependencies/robot_description
[5.106s] -- Up-to-date: /home/test/ros2_ws/install/robot_description/share/ament_index/resource_index/parent_prefix_path/robot_description
[5.106s] -- Up-to-date: /home/test/ros2_ws/install/robot_description/share/robot_description/environment/ament_prefix_path.sh
[5.112s] -- Up-to-date: /home/test/ros2_ws/install/robot_description/share/robot_description/environment/ament_prefix_path.dsv
[5.112s] -- Up-to-date: /home/test/ros2_ws/install/robot_description/share/robot_description/environment/path.sh
[5.113s] -- Up-to-date: /home/test/ros2_ws/install/robot_description/share/robot_description/environment/path.dsv
[5.113s] -- Up-to-date: /home/test/ros2_ws/install/robot_description/share/robot_description/local_setup.bash
[5.113s] -- Up-to-date: /home/test/ros2_ws/install/robot_description/share/robot_description/local_setup.sh
[5.113s] -- Up-to-date: /home/test/ros2_ws/install/robot_description/share/robot_description/local_setup.zsh
[5.113s] -- Up-to-date: /home/test/ros2_ws/install/robot_description/share/robot_description/local_setup.dsv
[5.115s] -- Installing: /home/test/ros2_ws/install/robot_description/share/robot_description/package.dsv
[5.116s] -- Up-to-date: /home/test/ros2_ws/install/robot_description/share/ament_index/resource_index/packages/robot_description
[5.116s] -- Up-to-date: /home/test/ros2_ws/install/robot_description/share/robot_description/cmake/robot_descriptionConfig.cmake
[5.127s] -- Up-to-date: /home/test/ros2_ws/install/robot_description/share/robot_description/cmake/robot_descriptionConfig-version.cmake
[5.127s] -- Up-to-date: /home/test/ros2_ws/install/robot_description/share/robot_description/package.xml
[5.128s] Invoked command in '/home/test/ros2_ws/build/robot_description' returned '0': CMAKE_PREFIX_PATH=${CMAKE_PREFIX_PATH}:/home/test/ros2_ws/install/service_robot:/home/test/ros2_ws/install/robot_localization_pkg:/home/test/ros2_ws/install/robot_exam_localization:/home/test/ros2_ws/install/my_local:/home/test/ros2_ws/install/mission_planner:/home/test/ros2_ws/install/landmark_detector:/opt/ros/jazzy /usr/bin/cmake --install /home/test/ros2_ws/build/robot_description
