[0.569s] DEBUG:colcon:Command line arguments: ['/usr/bin/colcon', 'build']
[0.569s] DEBUG:colcon:Parsed command line arguments: Namespace(log_base=None, log_level=None, verb_name='build', build_base='build', install_base='install', merge_install=False, symlink_install=False, test_result_base=None, continue_on_error=False, executor='parallel', parallel_workers=8, event_handlers=None, ignore_user_meta=False, metas=['./colcon.meta'], base_paths=['.'], packages_ignore=None, packages_ignore_regex=None, paths=None, packages_up_to=None, packages_up_to_regex=None, packages_above=None, packages_above_and_dependencies=None, packages_above_depth=None, packages_select_by_dep=None, packages_skip_by_dep=None, packages_skip_up_to=None, packages_select_build_failed=False, packages_skip_build_finished=False, packages_select_test_failures=False, packages_skip_test_passed=False, packages_select=None, packages_skip=None, packages_select_regex=None, packages_skip_regex=None, packages_start=None, packages_end=None, allow_overriding=[], cmake_args=None, cmake_target=None, cmake_target_skip_unavailable=False, cmake_clean_cache=False, cmake_clean_first=False, cmake_force_configure=False, ament_cmake_args=None, catkin_cmake_args=None, catkin_skip_building_tests=False, mixin_files=None, mixin=None, verb_parser=<colcon_mixin.mixin.mixin_argument.MixinArgumentDecorator object at 0x77bd21af7110>, verb_extension=<colcon_core.verb.build.BuildVerb object at 0x77bd21ac8c20>, main=<bound method BuildVerb.main of <colcon_core.verb.build.BuildVerb object at 0x77bd21ac8c20>>, mixin_verb=('build',))
[0.663s] Level 1:colcon.colcon_core.package_discovery:discover_packages(colcon_meta) check parameters
[0.663s] Level 1:colcon.colcon_core.package_discovery:discover_packages(recursive) check parameters
[0.663s] Level 1:colcon.colcon_core.package_discovery:discover_packages(ignore) check parameters
[0.663s] Level 1:colcon.colcon_core.package_discovery:discover_packages(path) check parameters
[0.663s] Level 1:colcon.colcon_core.package_discovery:discover_packages(colcon_meta) discover
[0.663s] Level 1:colcon.colcon_core.package_discovery:discover_packages(recursive) discover
[0.663s] INFO:colcon.colcon_core.package_discovery:Crawling recursively for packages in '/home/test/ros2_ws'
[0.663s] Level 1:colcon.colcon_core.package_identification:_identify(.) by extensions ['ignore', 'ignore_ament_install']
[0.663s] Level 1:colcon.colcon_core.package_identification:_identify(.) by extension 'ignore'
[0.664s] Level 1:colcon.colcon_core.package_identification:_identify(.) by extension 'ignore_ament_install'
[0.664s] Level 1:colcon.colcon_core.package_identification:_identify(.) by extensions ['colcon_pkg']
[0.664s] Level 1:colcon.colcon_core.package_identification:_identify(.) by extension 'colcon_pkg'
[0.664s] Level 1:colcon.colcon_core.package_identification:_identify(.) by extensions ['colcon_meta']
[0.664s] Level 1:colcon.colcon_core.package_identification:_identify(.) by extension 'colcon_meta'
[0.664s] Level 1:colcon.colcon_core.package_identification:_identify(.) by extensions ['ros']
[0.664s] Level 1:colcon.colcon_core.package_identification:_identify(.) by extension 'ros'
[0.740s] Level 1:colcon.colcon_core.package_identification:_identify(.) by extensions ['cmake', 'python']
[0.741s] Level 1:colcon.colcon_core.package_identification:_identify(.) by extension 'cmake'
[0.741s] Level 1:colcon.colcon_core.package_identification:_identify(.) by extension 'python'
[0.741s] Level 1:colcon.colcon_core.package_identification:_identify(.) by extensions ['python_setup_py']
[0.741s] Level 1:colcon.colcon_core.package_identification:_identify(.) by extension 'python_setup_py'
[0.741s] Level 1:colcon.colcon_core.package_identification:_identify(build) by extensions ['ignore', 'ignore_ament_install']
[0.741s] Level 1:colcon.colcon_core.package_identification:_identify(build) by extension 'ignore'
[0.741s] Level 1:colcon.colcon_core.package_identification:_identify(build) ignored
[0.741s] Level 1:colcon.colcon_core.package_identification:_identify(install) by extensions ['ignore', 'ignore_ament_install']
[0.741s] Level 1:colcon.colcon_core.package_identification:_identify(install) by extension 'ignore'
[0.742s] Level 1:colcon.colcon_core.package_identification:_identify(install) ignored
[0.742s] Level 1:colcon.colcon_core.package_identification:_identify(log) by extensions ['ignore', 'ignore_ament_install']
[0.742s] Level 1:colcon.colcon_core.package_identification:_identify(log) by extension 'ignore'
[0.742s] Level 1:colcon.colcon_core.package_identification:_identify(log) ignored
[0.742s] Level 1:colcon.colcon_core.package_identification:_identify(src) by extensions ['ignore', 'ignore_ament_install']
[0.742s] Level 1:colcon.colcon_core.package_identification:_identify(src) by extension 'ignore'
[0.742s] Level 1:colcon.colcon_core.package_identification:_identify(src) by extension 'ignore_ament_install'
[0.742s] Level 1:colcon.colcon_core.package_identification:_identify(src) by extensions ['colcon_pkg']
[0.742s] Level 1:colcon.colcon_core.package_identification:_identify(src) by extension 'colcon_pkg'
[0.742s] Level 1:colcon.colcon_core.package_identification:_identify(src) by extensions ['colcon_meta']
[0.742s] Level 1:colcon.colcon_core.package_identification:_identify(src) by extension 'colcon_meta'
[0.742s] Level 1:colcon.colcon_core.package_identification:_identify(src) by extensions ['ros']
[0.742s] Level 1:colcon.colcon_core.package_identification:_identify(src) by extension 'ros'
[0.742s] Level 1:colcon.colcon_core.package_identification:_identify(src) by extensions ['cmake', 'python']
[0.742s] Level 1:colcon.colcon_core.package_identification:_identify(src) by extension 'cmake'
[0.743s] Level 1:colcon.colcon_core.package_identification:_identify(src) by extension 'python'
[0.743s] Level 1:colcon.colcon_core.package_identification:_identify(src) by extensions ['python_setup_py']
[0.743s] Level 1:colcon.colcon_core.package_identification:_identify(src) by extension 'python_setup_py'
[0.743s] Level 1:colcon.colcon_core.package_identification:_identify(src/landmark_detector) by extensions ['ignore', 'ignore_ament_install']
[0.743s] Level 1:colcon.colcon_core.package_identification:_identify(src/landmark_detector) by extension 'ignore'
[0.743s] Level 1:colcon.colcon_core.package_identification:_identify(src/landmark_detector) by extension 'ignore_ament_install'
[0.743s] Level 1:colcon.colcon_core.package_identification:_identify(src/landmark_detector) by extensions ['colcon_pkg']
[0.743s] Level 1:colcon.colcon_core.package_identification:_identify(src/landmark_detector) by extension 'colcon_pkg'
[0.743s] Level 1:colcon.colcon_core.package_identification:_identify(src/landmark_detector) by extensions ['colcon_meta']
[0.743s] Level 1:colcon.colcon_core.package_identification:_identify(src/landmark_detector) by extension 'colcon_meta'
[0.743s] Level 1:colcon.colcon_core.package_identification:_identify(src/landmark_detector) by extensions ['ros']
[0.743s] Level 1:colcon.colcon_core.package_identification:_identify(src/landmark_detector) by extension 'ros'
[0.747s] DEBUG:colcon.colcon_core.package_identification:Package 'src/landmark_detector' with type 'ros.ament_python' and name 'landmark_detector'
[0.748s] Level 1:colcon.colcon_core.package_identification:_identify(src/mission_planner) by extensions ['ignore', 'ignore_ament_install']
[0.748s] Level 1:colcon.colcon_core.package_identification:_identify(src/mission_planner) by extension 'ignore'
[0.748s] Level 1:colcon.colcon_core.package_identification:_identify(src/mission_planner) by extension 'ignore_ament_install'
[0.748s] Level 1:colcon.colcon_core.package_identification:_identify(src/mission_planner) by extensions ['colcon_pkg']
[0.748s] Level 1:colcon.colcon_core.package_identification:_identify(src/mission_planner) by extension 'colcon_pkg'
[0.748s] Level 1:colcon.colcon_core.package_identification:_identify(src/mission_planner) by extensions ['colcon_meta']
[0.748s] Level 1:colcon.colcon_core.package_identification:_identify(src/mission_planner) by extension 'colcon_meta'
[0.748s] Level 1:colcon.colcon_core.package_identification:_identify(src/mission_planner) by extensions ['ros']
[0.748s] Level 1:colcon.colcon_core.package_identification:_identify(src/mission_planner) by extension 'ros'
[0.750s] DEBUG:colcon.colcon_core.package_identification:Package 'src/mission_planner' with type 'ros.ament_python' and name 'mission_planner'
[0.750s] Level 1:colcon.colcon_core.package_identification:_identify(src/my_local) by extensions ['ignore', 'ignore_ament_install']
[0.750s] Level 1:colcon.colcon_core.package_identification:_identify(src/my_local) by extension 'ignore'
[0.750s] Level 1:colcon.colcon_core.package_identification:_identify(src/my_local) by extension 'ignore_ament_install'
[0.750s] Level 1:colcon.colcon_core.package_identification:_identify(src/my_local) by extensions ['colcon_pkg']
[0.751s] Level 1:colcon.colcon_core.package_identification:_identify(src/my_local) by extension 'colcon_pkg'
[0.751s] Level 1:colcon.colcon_core.package_identification:_identify(src/my_local) by extensions ['colcon_meta']
[0.751s] Level 1:colcon.colcon_core.package_identification:_identify(src/my_local) by extension 'colcon_meta'
[0.751s] Level 1:colcon.colcon_core.package_identification:_identify(src/my_local) by extensions ['ros']
[0.751s] Level 1:colcon.colcon_core.package_identification:_identify(src/my_local) by extension 'ros'
[0.752s] DEBUG:colcon.colcon_core.package_identification:Package 'src/my_local' with type 'ros.ament_python' and name 'my_local'
[0.752s] Level 1:colcon.colcon_core.package_identification:_identify(src/robot_description) by extensions ['ignore', 'ignore_ament_install']
[0.752s] Level 1:colcon.colcon_core.package_identification:_identify(src/robot_description) by extension 'ignore'
[0.753s] Level 1:colcon.colcon_core.package_identification:_identify(src/robot_description) by extension 'ignore_ament_install'
[0.753s] Level 1:colcon.colcon_core.package_identification:_identify(src/robot_description) by extensions ['colcon_pkg']
[0.753s] Level 1:colcon.colcon_core.package_identification:_identify(src/robot_description) by extension 'colcon_pkg'
[0.753s] Level 1:colcon.colcon_core.package_identification:_identify(src/robot_description) by extensions ['colcon_meta']
[0.753s] Level 1:colcon.colcon_core.package_identification:_identify(src/robot_description) by extension 'colcon_meta'
[0.753s] Level 1:colcon.colcon_core.package_identification:_identify(src/robot_description) by extensions ['ros']
[0.753s] Level 1:colcon.colcon_core.package_identification:_identify(src/robot_description) by extension 'ros'
[0.755s] DEBUG:colcon.colcon_core.package_identification:Package 'src/robot_description' with type 'ros.ament_cmake' and name 'robot_description'
[0.756s] Level 1:colcon.colcon_core.package_identification:_identify(src/service_robot) by extensions ['ignore', 'ignore_ament_install']
[0.756s] Level 1:colcon.colcon_core.package_identification:_identify(src/service_robot) by extension 'ignore'
[0.756s] Level 1:colcon.colcon_core.package_identification:_identify(src/service_robot) by extension 'ignore_ament_install'
[0.756s] Level 1:colcon.colcon_core.package_identification:_identify(src/service_robot) by extensions ['colcon_pkg']
[0.756s] Level 1:colcon.colcon_core.package_identification:_identify(src/service_robot) by extension 'colcon_pkg'
[0.757s] Level 1:colcon.colcon_core.package_identification:_identify(src/service_robot) by extensions ['colcon_meta']
[0.757s] Level 1:colcon.colcon_core.package_identification:_identify(src/service_robot) by extension 'colcon_meta'
[0.757s] Level 1:colcon.colcon_core.package_identification:_identify(src/service_robot) by extensions ['ros']
[0.757s] Level 1:colcon.colcon_core.package_identification:_identify(src/service_robot) by extension 'ros'
[0.758s] DEBUG:colcon.colcon_core.package_identification:Package 'src/service_robot' with type 'ros.ament_python' and name 'service_robot'
[0.758s] Level 1:colcon.colcon_core.package_discovery:discover_packages(recursive) using defaults
[0.758s] Level 1:colcon.colcon_core.package_discovery:discover_packages(ignore) discover
[0.758s] Level 1:colcon.colcon_core.package_discovery:discover_packages(ignore) using defaults
[0.758s] Level 1:colcon.colcon_core.package_discovery:discover_packages(path) discover
[0.758s] Level 1:colcon.colcon_core.package_discovery:discover_packages(path) using defaults
[0.800s] Level 1:colcon.colcon_core.package_discovery:discover_packages(prefix_path) check parameters
[0.800s] Level 1:colcon.colcon_core.package_discovery:discover_packages(prefix_path) discover
[0.807s] DEBUG:colcon.colcon_installed_package_information.package_discovery:Found 7 installed packages in /home/test/ros2_ws/install
[0.813s] DEBUG:colcon.colcon_installed_package_information.package_discovery:Found 389 installed packages in /opt/ros/jazzy
[0.815s] Level 1:colcon.colcon_core.package_discovery:discover_packages(prefix_path) using defaults
[0.949s] Level 5:colcon.colcon_core.verb:set package 'landmark_detector' build argument 'cmake_args' from command line to 'None'
[0.949s] Level 5:colcon.colcon_core.verb:set package 'landmark_detector' build argument 'cmake_target' from command line to 'None'
[0.949s] Level 5:colcon.colcon_core.verb:set package 'landmark_detector' build argument 'cmake_target_skip_unavailable' from command line to 'False'
[0.949s] Level 5:colcon.colcon_core.verb:set package 'landmark_detector' build argument 'cmake_clean_cache' from command line to 'False'
[0.949s] Level 5:colcon.colcon_core.verb:set package 'landmark_detector' build argument 'cmake_clean_first' from command line to 'False'
[0.949s] Level 5:colcon.colcon_core.verb:set package 'landmark_detector' build argument 'cmake_force_configure' from command line to 'False'
[0.949s] Level 5:colcon.colcon_core.verb:set package 'landmark_detector' build argument 'ament_cmake_args' from command line to 'None'
[0.949s] Level 5:colcon.colcon_core.verb:set package 'landmark_detector' build argument 'catkin_cmake_args' from command line to 'None'
[0.949s] Level 5:colcon.colcon_core.verb:set package 'landmark_detector' build argument 'catkin_skip_building_tests' from command line to 'False'
[0.949s] DEBUG:colcon.colcon_core.verb:Building package 'landmark_detector' with the following arguments: {'ament_cmake_args': None, 'build_base': '/home/test/ros2_ws/build/landmark_detector', 'catkin_cmake_args': None, 'catkin_skip_building_tests': False, 'cmake_args': None, 'cmake_clean_cache': False, 'cmake_clean_first': False, 'cmake_force_configure': False, 'cmake_target': None, 'cmake_target_skip_unavailable': False, 'install_base': '/home/test/ros2_ws/install/landmark_detector', 'merge_install': False, 'path': '/home/test/ros2_ws/src/landmark_detector', 'symlink_install': False, 'test_result_base': None}
[0.949s] Level 5:colcon.colcon_core.verb:set package 'mission_planner' build argument 'cmake_args' from command line to 'None'
[0.950s] Level 5:colcon.colcon_core.verb:set package 'mission_planner' build argument 'cmake_target' from command line to 'None'
[0.950s] Level 5:colcon.colcon_core.verb:set package 'mission_planner' build argument 'cmake_target_skip_unavailable' from command line to 'False'
[0.950s] Level 5:colcon.colcon_core.verb:set package 'mission_planner' build argument 'cmake_clean_cache' from command line to 'False'
[0.950s] Level 5:colcon.colcon_core.verb:set package 'mission_planner' build argument 'cmake_clean_first' from command line to 'False'
[0.950s] Level 5:colcon.colcon_core.verb:set package 'mission_planner' build argument 'cmake_force_configure' from command line to 'False'
[0.950s] Level 5:colcon.colcon_core.verb:set package 'mission_planner' build argument 'ament_cmake_args' from command line to 'None'
[0.950s] Level 5:colcon.colcon_core.verb:set package 'mission_planner' build argument 'catkin_cmake_args' from command line to 'None'
[0.950s] Level 5:colcon.colcon_core.verb:set package 'mission_planner' build argument 'catkin_skip_building_tests' from command line to 'False'
[0.950s] DEBUG:colcon.colcon_core.verb:Building package 'mission_planner' with the following arguments: {'ament_cmake_args': None, 'build_base': '/home/test/ros2_ws/build/mission_planner', 'catkin_cmake_args': None, 'catkin_skip_building_tests': False, 'cmake_args': None, 'cmake_clean_cache': False, 'cmake_clean_first': False, 'cmake_force_configure': False, 'cmake_target': None, 'cmake_target_skip_unavailable': False, 'install_base': '/home/test/ros2_ws/install/mission_planner', 'merge_install': False, 'path': '/home/test/ros2_ws/src/mission_planner', 'symlink_install': False, 'test_result_base': None}
[0.950s] Level 5:colcon.colcon_core.verb:set package 'my_local' build argument 'cmake_args' from command line to 'None'
[0.950s] Level 5:colcon.colcon_core.verb:set package 'my_local' build argument 'cmake_target' from command line to 'None'
[0.950s] Level 5:colcon.colcon_core.verb:set package 'my_local' build argument 'cmake_target_skip_unavailable' from command line to 'False'
[0.950s] Level 5:colcon.colcon_core.verb:set package 'my_local' build argument 'cmake_clean_cache' from command line to 'False'
[0.950s] Level 5:colcon.colcon_core.verb:set package 'my_local' build argument 'cmake_clean_first' from command line to 'False'
[0.950s] Level 5:colcon.colcon_core.verb:set package 'my_local' build argument 'cmake_force_configure' from command line to 'False'
[0.950s] Level 5:colcon.colcon_core.verb:set package 'my_local' build argument 'ament_cmake_args' from command line to 'None'
[0.950s] Level 5:colcon.colcon_core.verb:set package 'my_local' build argument 'catkin_cmake_args' from command line to 'None'
[0.950s] Level 5:colcon.colcon_core.verb:set package 'my_local' build argument 'catkin_skip_building_tests' from command line to 'False'
[0.950s] DEBUG:colcon.colcon_core.verb:Building package 'my_local' with the following arguments: {'ament_cmake_args': None, 'build_base': '/home/test/ros2_ws/build/my_local', 'catkin_cmake_args': None, 'catkin_skip_building_tests': False, 'cmake_args': None, 'cmake_clean_cache': False, 'cmake_clean_first': False, 'cmake_force_configure': False, 'cmake_target': None, 'cmake_target_skip_unavailable': False, 'install_base': '/home/test/ros2_ws/install/my_local', 'merge_install': False, 'path': '/home/test/ros2_ws/src/my_local', 'symlink_install': False, 'test_result_base': None}
[0.951s] Level 5:colcon.colcon_core.verb:set package 'robot_description' build argument 'cmake_args' from command line to 'None'
[0.951s] Level 5:colcon.colcon_core.verb:set package 'robot_description' build argument 'cmake_target' from command line to 'None'
[0.951s] Level 5:colcon.colcon_core.verb:set package 'robot_description' build argument 'cmake_target_skip_unavailable' from command line to 'False'
[0.951s] Level 5:colcon.colcon_core.verb:set package 'robot_description' build argument 'cmake_clean_cache' from command line to 'False'
[0.951s] Level 5:colcon.colcon_core.verb:set package 'robot_description' build argument 'cmake_clean_first' from command line to 'False'
[0.951s] Level 5:colcon.colcon_core.verb:set package 'robot_description' build argument 'cmake_force_configure' from command line to 'False'
[0.951s] Level 5:colcon.colcon_core.verb:set package 'robot_description' build argument 'ament_cmake_args' from command line to 'None'
[0.951s] Level 5:colcon.colcon_core.verb:set package 'robot_description' build argument 'catkin_cmake_args' from command line to 'None'
[0.951s] Level 5:colcon.colcon_core.verb:set package 'robot_description' build argument 'catkin_skip_building_tests' from command line to 'False'
[0.951s] DEBUG:colcon.colcon_core.verb:Building package 'robot_description' with the following arguments: {'ament_cmake_args': None, 'build_base': '/home/test/ros2_ws/build/robot_description', 'catkin_cmake_args': None, 'catkin_skip_building_tests': False, 'cmake_args': None, 'cmake_clean_cache': False, 'cmake_clean_first': False, 'cmake_force_configure': False, 'cmake_target': None, 'cmake_target_skip_unavailable': False, 'install_base': '/home/test/ros2_ws/install/robot_description', 'merge_install': False, 'path': '/home/test/ros2_ws/src/robot_description', 'symlink_install': False, 'test_result_base': None}
[0.951s] Level 5:colcon.colcon_core.verb:set package 'service_robot' build argument 'cmake_args' from command line to 'None'
[0.951s] Level 5:colcon.colcon_core.verb:set package 'service_robot' build argument 'cmake_target' from command line to 'None'
[0.951s] Level 5:colcon.colcon_core.verb:set package 'service_robot' build argument 'cmake_target_skip_unavailable' from command line to 'False'
[0.951s] Level 5:colcon.colcon_core.verb:set package 'service_robot' build argument 'cmake_clean_cache' from command line to 'False'
[0.951s] Level 5:colcon.colcon_core.verb:set package 'service_robot' build argument 'cmake_clean_first' from command line to 'False'
[0.951s] Level 5:colcon.colcon_core.verb:set package 'service_robot' build argument 'cmake_force_configure' from command line to 'False'
[0.951s] Level 5:colcon.colcon_core.verb:set package 'service_robot' build argument 'ament_cmake_args' from command line to 'None'
[0.951s] Level 5:colcon.colcon_core.verb:set package 'service_robot' build argument 'catkin_cmake_args' from command line to 'None'
[0.951s] Level 5:colcon.colcon_core.verb:set package 'service_robot' build argument 'catkin_skip_building_tests' from command line to 'False'
[0.951s] DEBUG:colcon.colcon_core.verb:Building package 'service_robot' with the following arguments: {'ament_cmake_args': None, 'build_base': '/home/test/ros2_ws/build/service_robot', 'catkin_cmake_args': None, 'catkin_skip_building_tests': False, 'cmake_args': None, 'cmake_clean_cache': False, 'cmake_clean_first': False, 'cmake_force_configure': False, 'cmake_target': None, 'cmake_target_skip_unavailable': False, 'install_base': '/home/test/ros2_ws/install/service_robot', 'merge_install': False, 'path': '/home/test/ros2_ws/src/service_robot', 'symlink_install': False, 'test_result_base': None}
[0.952s] INFO:colcon.colcon_core.executor:Executing jobs using 'parallel' executor
[0.954s] DEBUG:colcon.colcon_parallel_executor.executor.parallel:run_until_complete
[0.954s] INFO:colcon.colcon_ros.task.ament_python.build:Building ROS package in '/home/test/ros2_ws/src/landmark_detector' with build type 'ament_python'
[0.955s] Level 1:colcon.colcon_core.shell:create_environment_hook('landmark_detector', 'ament_prefix_path')
[0.964s] INFO:colcon.colcon_core.plugin_system:Skipping extension 'colcon_core.shell.bat': Not used on non-Windows systems
[0.964s] INFO:colcon.colcon_core.shell:Creating environment hook '/home/test/ros2_ws/install/landmark_detector/share/landmark_detector/hook/ament_prefix_path.ps1'
[0.965s] INFO:colcon.colcon_core.shell:Creating environment descriptor '/home/test/ros2_ws/install/landmark_detector/share/landmark_detector/hook/ament_prefix_path.dsv'
[0.966s] INFO:colcon.colcon_core.shell:Creating environment hook '/home/test/ros2_ws/install/landmark_detector/share/landmark_detector/hook/ament_prefix_path.sh'
[0.967s] INFO:colcon.colcon_core.shell:Skip shell extension 'powershell' for command environment: Not usable outside of PowerShell
[0.967s] DEBUG:colcon.colcon_core.shell:Skip shell extension 'dsv' for command environment
[0.974s] INFO:colcon.colcon_ros.task.ament_python.build:Building ROS package in '/home/test/ros2_ws/src/mission_planner' with build type 'ament_python'
[0.974s] Level 1:colcon.colcon_core.shell:create_environment_hook('mission_planner', 'ament_prefix_path')
[0.974s] INFO:colcon.colcon_core.shell:Creating environment hook '/home/test/ros2_ws/install/mission_planner/share/mission_planner/hook/ament_prefix_path.ps1'
[0.978s] INFO:colcon.colcon_core.shell:Creating environment descriptor '/home/test/ros2_ws/install/mission_planner/share/mission_planner/hook/ament_prefix_path.dsv'
[0.978s] INFO:colcon.colcon_core.shell:Creating environment hook '/home/test/ros2_ws/install/mission_planner/share/mission_planner/hook/ament_prefix_path.sh'
[0.979s] INFO:colcon.colcon_core.shell:Skip shell extension 'powershell' for command environment: Not usable outside of PowerShell
[0.979s] DEBUG:colcon.colcon_core.shell:Skip shell extension 'dsv' for command environment
[0.987s] INFO:colcon.colcon_ros.task.ament_python.build:Building ROS package in '/home/test/ros2_ws/src/my_local' with build type 'ament_python'
[0.987s] Level 1:colcon.colcon_core.shell:create_environment_hook('my_local', 'ament_prefix_path')
[0.988s] INFO:colcon.colcon_core.shell:Creating environment hook '/home/test/ros2_ws/install/my_local/share/my_local/hook/ament_prefix_path.ps1'
[0.992s] INFO:colcon.colcon_core.shell:Creating environment descriptor '/home/test/ros2_ws/install/my_local/share/my_local/hook/ament_prefix_path.dsv'
[0.995s] INFO:colcon.colcon_core.shell:Creating environment hook '/home/test/ros2_ws/install/my_local/share/my_local/hook/ament_prefix_path.sh'
[0.996s] INFO:colcon.colcon_core.shell:Skip shell extension 'powershell' for command environment: Not usable outside of PowerShell
[0.997s] DEBUG:colcon.colcon_core.shell:Skip shell extension 'dsv' for command environment
[1.004s] INFO:colcon.colcon_ros.task.ament_cmake.build:Building ROS package in '/home/test/ros2_ws/src/robot_description' with build type 'ament_cmake'
[1.004s] INFO:colcon.colcon_cmake.task.cmake.build:Building CMake package in '/home/test/ros2_ws/src/robot_description'
[1.005s] INFO:colcon.colcon_core.shell:Skip shell extension 'powershell' for command environment: Not usable outside of PowerShell
[1.005s] DEBUG:colcon.colcon_core.shell:Skip shell extension 'dsv' for command environment
[1.014s] INFO:colcon.colcon_ros.task.ament_python.build:Building ROS package in '/home/test/ros2_ws/src/service_robot' with build type 'ament_python'
[1.015s] Level 1:colcon.colcon_core.shell:create_environment_hook('service_robot', 'ament_prefix_path')
[1.015s] INFO:colcon.colcon_core.shell:Creating environment hook '/home/test/ros2_ws/install/service_robot/share/service_robot/hook/ament_prefix_path.ps1'
[1.016s] INFO:colcon.colcon_core.shell:Creating environment descriptor '/home/test/ros2_ws/install/service_robot/share/service_robot/hook/ament_prefix_path.dsv'
[1.017s] INFO:colcon.colcon_core.shell:Creating environment hook '/home/test/ros2_ws/install/service_robot/share/service_robot/hook/ament_prefix_path.sh'
[1.018s] INFO:colcon.colcon_core.shell:Skip shell extension 'powershell' for command environment: Not usable outside of PowerShell
[1.018s] DEBUG:colcon.colcon_core.shell:Skip shell extension 'dsv' for command environment
[1.627s] INFO:colcon.colcon_core.task.python.build:Building Python package in '/home/test/ros2_ws/src/landmark_detector'
[1.627s] INFO:colcon.colcon_core.shell:Skip shell extension 'powershell' for command environment: Not usable outside of PowerShell
[1.627s] DEBUG:colcon.colcon_core.shell:Skip shell extension 'dsv' for command environment
[2.003s] INFO:colcon.colcon_core.task.python.build:Building Python package in '/home/test/ros2_ws/src/mission_planner'
[2.003s] INFO:colcon.colcon_core.shell:Skip shell extension 'powershell' for command environment: Not usable outside of PowerShell
[2.004s] DEBUG:colcon.colcon_core.shell:Skip shell extension 'dsv' for command environment
[2.391s] INFO:colcon.colcon_core.task.python.build:Building Python package in '/home/test/ros2_ws/src/my_local'
[2.392s] INFO:colcon.colcon_core.shell:Skip shell extension 'powershell' for command environment: Not usable outside of PowerShell
[2.392s] DEBUG:colcon.colcon_core.shell:Skip shell extension 'dsv' for command environment
[2.412s] DEBUG:colcon.colcon_core.event_handler.log_command:Invoking command in '/home/test/ros2_ws/build/robot_description': CMAKE_PREFIX_PATH=${CMAKE_PREFIX_PATH}:/home/test/ros2_ws/install/service_robot:/home/test/ros2_ws/install/robot_localization_pkg:/home/test/ros2_ws/install/robot_exam_localization:/home/test/ros2_ws/install/my_local:/home/test/ros2_ws/install/mission_planner:/home/test/ros2_ws/install/landmark_detector:/opt/ros/jazzy /usr/bin/cmake --build /home/test/ros2_ws/build/robot_description -- -j8 -l8
[2.991s] INFO:colcon.colcon_core.task.python.build:Building Python package in '/home/test/ros2_ws/src/service_robot'
[2.991s] INFO:colcon.colcon_core.shell:Skip shell extension 'powershell' for command environment: Not usable outside of PowerShell
[2.991s] DEBUG:colcon.colcon_core.shell:Skip shell extension 'dsv' for command environment
[3.013s] DEBUG:colcon.colcon_core.event_handler.log_command:Invoked command in '/home/test/ros2_ws/build/robot_description' returned '0': CMAKE_PREFIX_PATH=${CMAKE_PREFIX_PATH}:/home/test/ros2_ws/install/service_robot:/home/test/ros2_ws/install/robot_localization_pkg:/home/test/ros2_ws/install/robot_exam_localization:/home/test/ros2_ws/install/my_local:/home/test/ros2_ws/install/mission_planner:/home/test/ros2_ws/install/landmark_detector:/opt/ros/jazzy /usr/bin/cmake --build /home/test/ros2_ws/build/robot_description -- -j8 -l8
[3.042s] DEBUG:colcon.colcon_core.event_handler.log_command:Invoking command in '/home/test/ros2_ws/build/robot_description': CMAKE_PREFIX_PATH=${CMAKE_PREFIX_PATH}:/home/test/ros2_ws/install/service_robot:/home/test/ros2_ws/install/robot_localization_pkg:/home/test/ros2_ws/install/robot_exam_localization:/home/test/ros2_ws/install/my_local:/home/test/ros2_ws/install/mission_planner:/home/test/ros2_ws/install/landmark_detector:/opt/ros/jazzy /usr/bin/cmake --install /home/test/ros2_ws/build/robot_description
[3.083s] Level 1:colcon.colcon_core.environment:create_environment_scripts_only(robot_description)
[3.088s] DEBUG:colcon.colcon_core.event_handler.log_command:Invoked command in '/home/test/ros2_ws/build/robot_description' returned '0': CMAKE_PREFIX_PATH=${CMAKE_PREFIX_PATH}:/home/test/ros2_ws/install/service_robot:/home/test/ros2_ws/install/robot_localization_pkg:/home/test/ros2_ws/install/robot_exam_localization:/home/test/ros2_ws/install/my_local:/home/test/ros2_ws/install/mission_planner:/home/test/ros2_ws/install/landmark_detector:/opt/ros/jazzy /usr/bin/cmake --install /home/test/ros2_ws/build/robot_description
[3.093s] Level 1:colcon.colcon_core.environment:checking '/home/test/ros2_ws/install/robot_description' for CMake module files
[3.095s] Level 1:colcon.colcon_core.environment:checking '/home/test/ros2_ws/install/robot_description' for CMake config files
[3.095s] Level 1:colcon.colcon_core.shell:create_environment_hook('robot_description', 'cmake_prefix_path')
[3.096s] INFO:colcon.colcon_core.shell:Creating environment hook '/home/test/ros2_ws/install/robot_description/share/robot_description/hook/cmake_prefix_path.ps1'
[3.097s] INFO:colcon.colcon_core.shell:Creating environment descriptor '/home/test/ros2_ws/install/robot_description/share/robot_description/hook/cmake_prefix_path.dsv'
[3.098s] INFO:colcon.colcon_core.shell:Creating environment hook '/home/test/ros2_ws/install/robot_description/share/robot_description/hook/cmake_prefix_path.sh'
[3.111s] Level 1:colcon.colcon_core.environment:checking '/home/test/ros2_ws/install/robot_description/bin'
[3.112s] Level 1:colcon.colcon_core.environment:checking '/home/test/ros2_ws/install/robot_description/lib/pkgconfig/robot_description.pc'
[3.112s] Level 1:colcon.colcon_core.environment:checking '/home/test/ros2_ws/install/robot_description/lib/python3.12/site-packages'
[3.113s] Level 1:colcon.colcon_core.environment:checking '/home/test/ros2_ws/install/robot_description/bin'
[3.114s] INFO:colcon.colcon_core.shell:Creating package script '/home/test/ros2_ws/install/robot_description/share/robot_description/package.ps1'
[3.116s] INFO:colcon.colcon_core.shell:Creating package descriptor '/home/test/ros2_ws/install/robot_description/share/robot_description/package.dsv'
[3.118s] INFO:colcon.colcon_core.shell:Creating package script '/home/test/ros2_ws/install/robot_description/share/robot_description/package.sh'
[3.119s] INFO:colcon.colcon_core.shell:Creating package script '/home/test/ros2_ws/install/robot_description/share/robot_description/package.bash'
[3.123s] INFO:colcon.colcon_core.shell:Creating package script '/home/test/ros2_ws/install/robot_description/share/robot_description/package.zsh'
[3.124s] Level 1:colcon.colcon_core.environment:create_file_with_runtime_dependencies(/home/test/ros2_ws/install/robot_description/share/colcon-core/packages/robot_description)
[3.128s] Level 1:colcon.colcon_core.environment:create_environment_scripts_only(robot_description)
[3.128s] Level 1:colcon.colcon_core.environment:checking '/home/test/ros2_ws/install/robot_description' for CMake module files
[3.129s] Level 1:colcon.colcon_core.environment:checking '/home/test/ros2_ws/install/robot_description' for CMake config files
[3.130s] Level 1:colcon.colcon_core.shell:create_environment_hook('robot_description', 'cmake_prefix_path')
[3.130s] INFO:colcon.colcon_core.shell:Creating environment hook '/home/test/ros2_ws/install/robot_description/share/robot_description/hook/cmake_prefix_path.ps1'
[3.132s] INFO:colcon.colcon_core.shell:Creating environment descriptor '/home/test/ros2_ws/install/robot_description/share/robot_description/hook/cmake_prefix_path.dsv'
[3.133s] INFO:colcon.colcon_core.shell:Creating environment hook '/home/test/ros2_ws/install/robot_description/share/robot_description/hook/cmake_prefix_path.sh'
[3.135s] Level 1:colcon.colcon_core.environment:checking '/home/test/ros2_ws/install/robot_description/bin'
[3.135s] Level 1:colcon.colcon_core.environment:checking '/home/test/ros2_ws/install/robot_description/lib/pkgconfig/robot_description.pc'
[3.135s] Level 1:colcon.colcon_core.environment:checking '/home/test/ros2_ws/install/robot_description/lib/python3.12/site-packages'
[3.136s] Level 1:colcon.colcon_core.environment:checking '/home/test/ros2_ws/install/robot_description/bin'
[3.137s] INFO:colcon.colcon_core.shell:Creating package script '/home/test/ros2_ws/install/robot_description/share/robot_description/package.ps1'
[3.138s] INFO:colcon.colcon_core.shell:Creating package descriptor '/home/test/ros2_ws/install/robot_description/share/robot_description/package.dsv'
[3.140s] INFO:colcon.colcon_core.shell:Creating package script '/home/test/ros2_ws/install/robot_description/share/robot_description/package.sh'
[3.141s] INFO:colcon.colcon_core.shell:Creating package script '/home/test/ros2_ws/install/robot_description/share/robot_description/package.bash'
[3.146s] INFO:colcon.colcon_core.shell:Creating package script '/home/test/ros2_ws/install/robot_description/share/robot_description/package.zsh'
[3.148s] Level 1:colcon.colcon_core.environment:create_file_with_runtime_dependencies(/home/test/ros2_ws/install/robot_description/share/colcon-core/packages/robot_description)
[5.394s] DEBUG:colcon.colcon_core.event_handler.log_command:Invoking command in '/home/test/ros2_ws/src/landmark_detector': PYTHONPATH=/home/test/ros2_ws/build/landmark_detector/prefix_override:/usr/lib/python3/dist-packages/colcon_core/task/python/colcon_distutils_commands:/home/test/ros2_ws/install/landmark_detector/lib/python3.12/site-packages:${PYTHONPATH} /usr/bin/python3 -W ignore:setup.py install is deprecated -W ignore:easy_install command is deprecated setup.py egg_info --egg-base ../../build/landmark_detector build --build-base /home/test/ros2_ws/build/landmark_detector/build install --record /home/test/ros2_ws/build/landmark_detector/install.log --single-version-externally-managed install_data
[5.405s] DEBUG:colcon.colcon_core.event_handler.log_command:Invoking command in '/home/test/ros2_ws/src/mission_planner': PYTHONPATH=/home/test/ros2_ws/build/mission_planner/prefix_override:/usr/lib/python3/dist-packages/colcon_core/task/python/colcon_distutils_commands:/home/test/ros2_ws/install/mission_planner/lib/python3.12/site-packages:${PYTHONPATH} /usr/bin/python3 -W ignore:setup.py install is deprecated -W ignore:easy_install command is deprecated setup.py egg_info --egg-base ../../build/mission_planner build --build-base /home/test/ros2_ws/build/mission_planner/build install --record /home/test/ros2_ws/build/mission_planner/install.log --single-version-externally-managed install_data
[5.408s] DEBUG:colcon.colcon_core.event_handler.log_command:Invoking command in '/home/test/ros2_ws/src/service_robot': PYTHONPATH=/home/test/ros2_ws/build/service_robot/prefix_override:/usr/lib/python3/dist-packages/colcon_core/task/python/colcon_distutils_commands:/home/test/ros2_ws/install/service_robot/lib/python3.12/site-packages:${PYTHONPATH} /usr/bin/python3 -W ignore:setup.py install is deprecated -W ignore:easy_install command is deprecated setup.py egg_info --egg-base ../../build/service_robot build --build-base /home/test/ros2_ws/build/service_robot/build install --record /home/test/ros2_ws/build/service_robot/install.log --single-version-externally-managed install_data
[5.423s] DEBUG:colcon.colcon_core.event_handler.log_command:Invoking command in '/home/test/ros2_ws/src/my_local': PYTHONPATH=/home/test/ros2_ws/build/my_local/prefix_override:/usr/lib/python3/dist-packages/colcon_core/task/python/colcon_distutils_commands:/home/test/ros2_ws/install/my_local/lib/python3.12/site-packages:${PYTHONPATH} /usr/bin/python3 -W ignore:setup.py install is deprecated -W ignore:easy_install command is deprecated setup.py egg_info --egg-base ../../build/my_local build --build-base /home/test/ros2_ws/build/my_local/build install --record /home/test/ros2_ws/build/my_local/install.log --single-version-externally-managed install_data
[7.288s] Level 1:colcon.colcon_core.environment:checking '/home/test/ros2_ws/install/landmark_detector' for CMake module files
[7.290s] DEBUG:colcon.colcon_core.event_handler.log_command:Invoked command in '/home/test/ros2_ws/src/landmark_detector' returned '0': PYTHONPATH=/home/test/ros2_ws/build/landmark_detector/prefix_override:/usr/lib/python3/dist-packages/colcon_core/task/python/colcon_distutils_commands:/home/test/ros2_ws/install/landmark_detector/lib/python3.12/site-packages:${PYTHONPATH} /usr/bin/python3 -W ignore:setup.py install is deprecated -W ignore:easy_install command is deprecated setup.py egg_info --egg-base ../../build/landmark_detector build --build-base /home/test/ros2_ws/build/landmark_detector/build install --record /home/test/ros2_ws/build/landmark_detector/install.log --single-version-externally-managed install_data
[7.291s] Level 1:colcon.colcon_core.environment:checking '/home/test/ros2_ws/install/landmark_detector' for CMake config files
[7.294s] Level 1:colcon.colcon_core.environment:checking '/home/test/ros2_ws/install/landmark_detector/lib'
[7.295s] Level 1:colcon.colcon_core.environment:checking '/home/test/ros2_ws/install/landmark_detector/bin'
[7.295s] Level 1:colcon.colcon_core.environment:checking '/home/test/ros2_ws/install/landmark_detector/lib/pkgconfig/landmark_detector.pc'
[7.295s] Level 1:colcon.colcon_core.environment:checking '/home/test/ros2_ws/install/landmark_detector/lib/python3.12/site-packages'
[7.296s] Level 1:colcon.colcon_core.shell:create_environment_hook('landmark_detector', 'pythonpath')
[7.296s] INFO:colcon.colcon_core.shell:Creating environment hook '/home/test/ros2_ws/install/landmark_detector/share/landmark_detector/hook/pythonpath.ps1'
[7.306s] INFO:colcon.colcon_core.shell:Creating environment descriptor '/home/test/ros2_ws/install/landmark_detector/share/landmark_detector/hook/pythonpath.dsv'
[7.307s] INFO:colcon.colcon_core.shell:Creating environment hook '/home/test/ros2_ws/install/landmark_detector/share/landmark_detector/hook/pythonpath.sh'
[7.309s] Level 1:colcon.colcon_core.environment:checking '/home/test/ros2_ws/install/landmark_detector/bin'
[7.310s] Level 1:colcon.colcon_core.environment:create_environment_scripts_only(landmark_detector)
[7.310s] INFO:colcon.colcon_core.shell:Creating package script '/home/test/ros2_ws/install/landmark_detector/share/landmark_detector/package.ps1'
[7.313s] INFO:colcon.colcon_core.shell:Creating package descriptor '/home/test/ros2_ws/install/landmark_detector/share/landmark_detector/package.dsv'
[7.315s] INFO:colcon.colcon_core.shell:Creating package script '/home/test/ros2_ws/install/landmark_detector/share/landmark_detector/package.sh'
[7.325s] INFO:colcon.colcon_core.shell:Creating package script '/home/test/ros2_ws/install/landmark_detector/share/landmark_detector/package.bash'
[7.326s] INFO:colcon.colcon_core.shell:Creating package script '/home/test/ros2_ws/install/landmark_detector/share/landmark_detector/package.zsh'
[7.327s] Level 1:colcon.colcon_core.environment:create_file_with_runtime_dependencies(/home/test/ros2_ws/install/landmark_detector/share/colcon-core/packages/landmark_detector)
[7.334s] Level 1:colcon.colcon_core.environment:checking '/home/test/ros2_ws/install/my_local' for CMake module files
[7.336s] Level 1:colcon.colcon_core.environment:checking '/home/test/ros2_ws/install/my_local' for CMake config files
[7.338s] Level 1:colcon.colcon_core.environment:checking '/home/test/ros2_ws/install/my_local/lib'
[7.339s] Level 1:colcon.colcon_core.environment:checking '/home/test/ros2_ws/install/my_local/bin'
[7.339s] Level 1:colcon.colcon_core.environment:checking '/home/test/ros2_ws/install/my_local/lib/pkgconfig/my_local.pc'
[7.340s] Level 1:colcon.colcon_core.environment:checking '/home/test/ros2_ws/install/my_local/lib/python3.12/site-packages'
[7.341s] DEBUG:colcon.colcon_core.event_handler.log_command:Invoked command in '/home/test/ros2_ws/src/my_local' returned '0': PYTHONPATH=/home/test/ros2_ws/build/my_local/prefix_override:/usr/lib/python3/dist-packages/colcon_core/task/python/colcon_distutils_commands:/home/test/ros2_ws/install/my_local/lib/python3.12/site-packages:${PYTHONPATH} /usr/bin/python3 -W ignore:setup.py install is deprecated -W ignore:easy_install command is deprecated setup.py egg_info --egg-base ../../build/my_local build --build-base /home/test/ros2_ws/build/my_local/build install --record /home/test/ros2_ws/build/my_local/install.log --single-version-externally-managed install_data
[7.342s] Level 1:colcon.colcon_core.shell:create_environment_hook('my_local', 'pythonpath')
[7.343s] INFO:colcon.colcon_core.shell:Creating environment hook '/home/test/ros2_ws/install/my_local/share/my_local/hook/pythonpath.ps1'
[7.344s] INFO:colcon.colcon_core.shell:Creating environment descriptor '/home/test/ros2_ws/install/my_local/share/my_local/hook/pythonpath.dsv'
[7.347s] INFO:colcon.colcon_core.shell:Creating environment hook '/home/test/ros2_ws/install/my_local/share/my_local/hook/pythonpath.sh'
[7.349s] Level 1:colcon.colcon_core.environment:checking '/home/test/ros2_ws/install/my_local/bin'
[7.349s] Level 1:colcon.colcon_core.environment:create_environment_scripts_only(my_local)
[7.350s] INFO:colcon.colcon_core.shell:Creating package script '/home/test/ros2_ws/install/my_local/share/my_local/package.ps1'
[7.352s] INFO:colcon.colcon_core.shell:Creating package descriptor '/home/test/ros2_ws/install/my_local/share/my_local/package.dsv'
[7.353s] INFO:colcon.colcon_core.shell:Creating package script '/home/test/ros2_ws/install/my_local/share/my_local/package.sh'
[7.355s] INFO:colcon.colcon_core.shell:Creating package script '/home/test/ros2_ws/install/my_local/share/my_local/package.bash'
[7.365s] INFO:colcon.colcon_core.shell:Creating package script '/home/test/ros2_ws/install/my_local/share/my_local/package.zsh'
[7.366s] Level 1:colcon.colcon_core.environment:create_file_with_runtime_dependencies(/home/test/ros2_ws/install/my_local/share/colcon-core/packages/my_local)
[7.393s] Level 1:colcon.colcon_core.environment:checking '/home/test/ros2_ws/install/mission_planner' for CMake module files
[7.395s] DEBUG:colcon.colcon_core.event_handler.log_command:Invoked command in '/home/test/ros2_ws/src/mission_planner' returned '0': PYTHONPATH=/home/test/ros2_ws/build/mission_planner/prefix_override:/usr/lib/python3/dist-packages/colcon_core/task/python/colcon_distutils_commands:/home/test/ros2_ws/install/mission_planner/lib/python3.12/site-packages:${PYTHONPATH} /usr/bin/python3 -W ignore:setup.py install is deprecated -W ignore:easy_install command is deprecated setup.py egg_info --egg-base ../../build/mission_planner build --build-base /home/test/ros2_ws/build/mission_planner/build install --record /home/test/ros2_ws/build/mission_planner/install.log --single-version-externally-managed install_data
[7.398s] Level 1:colcon.colcon_core.environment:checking '/home/test/ros2_ws/install/mission_planner' for CMake config files
[7.403s] Level 1:colcon.colcon_core.environment:checking '/home/test/ros2_ws/install/mission_planner/lib'
[7.403s] Level 1:colcon.colcon_core.environment:checking '/home/test/ros2_ws/install/mission_planner/bin'
[7.404s] Level 1:colcon.colcon_core.environment:checking '/home/test/ros2_ws/install/mission_planner/lib/pkgconfig/mission_planner.pc'
[7.405s] Level 1:colcon.colcon_core.environment:checking '/home/test/ros2_ws/install/mission_planner/lib/python3.12/site-packages'
[7.406s] Level 1:colcon.colcon_core.shell:create_environment_hook('mission_planner', 'pythonpath')
[7.407s] INFO:colcon.colcon_core.shell:Creating environment hook '/home/test/ros2_ws/install/mission_planner/share/mission_planner/hook/pythonpath.ps1'
[7.409s] INFO:colcon.colcon_core.shell:Creating environment descriptor '/home/test/ros2_ws/install/mission_planner/share/mission_planner/hook/pythonpath.dsv'
[7.410s] INFO:colcon.colcon_core.shell:Creating environment hook '/home/test/ros2_ws/install/mission_planner/share/mission_planner/hook/pythonpath.sh'
[7.411s] Level 1:colcon.colcon_core.environment:checking '/home/test/ros2_ws/install/mission_planner/bin'
[7.411s] Level 1:colcon.colcon_core.environment:create_environment_scripts_only(mission_planner)
[7.412s] INFO:colcon.colcon_core.shell:Creating package script '/home/test/ros2_ws/install/mission_planner/share/mission_planner/package.ps1'
[7.412s] INFO:colcon.colcon_core.shell:Creating package descriptor '/home/test/ros2_ws/install/mission_planner/share/mission_planner/package.dsv'
[7.413s] INFO:colcon.colcon_core.shell:Creating package script '/home/test/ros2_ws/install/mission_planner/share/mission_planner/package.sh'
[7.414s] INFO:colcon.colcon_core.shell:Creating package script '/home/test/ros2_ws/install/mission_planner/share/mission_planner/package.bash'
[7.415s] INFO:colcon.colcon_core.shell:Creating package script '/home/test/ros2_ws/install/mission_planner/share/mission_planner/package.zsh'
[7.417s] Level 1:colcon.colcon_core.environment:create_file_with_runtime_dependencies(/home/test/ros2_ws/install/mission_planner/share/colcon-core/packages/mission_planner)
[7.425s] Level 1:colcon.colcon_core.environment:checking '/home/test/ros2_ws/install/service_robot' for CMake module files
[7.426s] DEBUG:colcon.colcon_core.event_handler.log_command:Invoked command in '/home/test/ros2_ws/src/service_robot' returned '0': PYTHONPATH=/home/test/ros2_ws/build/service_robot/prefix_override:/usr/lib/python3/dist-packages/colcon_core/task/python/colcon_distutils_commands:/home/test/ros2_ws/install/service_robot/lib/python3.12/site-packages:${PYTHONPATH} /usr/bin/python3 -W ignore:setup.py install is deprecated -W ignore:easy_install command is deprecated setup.py egg_info --egg-base ../../build/service_robot build --build-base /home/test/ros2_ws/build/service_robot/build install --record /home/test/ros2_ws/build/service_robot/install.log --single-version-externally-managed install_data
[7.428s] Level 1:colcon.colcon_core.environment:checking '/home/test/ros2_ws/install/service_robot' for CMake config files
[7.430s] Level 1:colcon.colcon_core.environment:checking '/home/test/ros2_ws/install/service_robot/lib'
[7.430s] Level 1:colcon.colcon_core.environment:checking '/home/test/ros2_ws/install/service_robot/bin'
[7.430s] Level 1:colcon.colcon_core.environment:checking '/home/test/ros2_ws/install/service_robot/lib/pkgconfig/service_robot.pc'
[7.431s] Level 1:colcon.colcon_core.environment:checking '/home/test/ros2_ws/install/service_robot/lib/python3.12/site-packages'
[7.432s] Level 1:colcon.colcon_core.shell:create_environment_hook('service_robot', 'pythonpath')
[7.432s] INFO:colcon.colcon_core.shell:Creating environment hook '/home/test/ros2_ws/install/service_robot/share/service_robot/hook/pythonpath.ps1'
[7.434s] INFO:colcon.colcon_core.shell:Creating environment descriptor '/home/test/ros2_ws/install/service_robot/share/service_robot/hook/pythonpath.dsv'
[7.435s] INFO:colcon.colcon_core.shell:Creating environment hook '/home/test/ros2_ws/install/service_robot/share/service_robot/hook/pythonpath.sh'
[7.436s] Level 1:colcon.colcon_core.environment:checking '/home/test/ros2_ws/install/service_robot/bin'
[7.436s] Level 1:colcon.colcon_core.environment:create_environment_scripts_only(service_robot)
[7.436s] INFO:colcon.colcon_core.shell:Creating package script '/home/test/ros2_ws/install/service_robot/share/service_robot/package.ps1'
[7.438s] INFO:colcon.colcon_core.shell:Creating package descriptor '/home/test/ros2_ws/install/service_robot/share/service_robot/package.dsv'
[7.439s] INFO:colcon.colcon_core.shell:Creating package script '/home/test/ros2_ws/install/service_robot/share/service_robot/package.sh'
[7.440s] INFO:colcon.colcon_core.shell:Creating package script '/home/test/ros2_ws/install/service_robot/share/service_robot/package.bash'
[7.441s] INFO:colcon.colcon_core.shell:Creating package script '/home/test/ros2_ws/install/service_robot/share/service_robot/package.zsh'
[7.442s] Level 1:colcon.colcon_core.environment:create_file_with_runtime_dependencies(/home/test/ros2_ws/install/service_robot/share/colcon-core/packages/service_robot)
[7.443s] DEBUG:colcon.colcon_parallel_executor.executor.parallel:closing loop
[7.444s] DEBUG:colcon.colcon_parallel_executor.executor.parallel:loop closed
[7.444s] DEBUG:colcon.colcon_parallel_executor.executor.parallel:run_until_complete finished with '0'
[7.444s] DEBUG:colcon.colcon_core.event_reactor:joining thread
[7.589s] INFO:colcon.colcon_core.plugin_system:Skipping extension 'colcon_notification.desktop_notification.notify_send': Could not find 'notify-send'
[7.589s] INFO:colcon.colcon_core.plugin_system:Skipping extension 'colcon_notification.desktop_notification.terminal_notifier': Not used on non-Darwin systems
[7.589s] INFO:colcon.colcon_core.plugin_system:Skipping extension 'colcon_notification.desktop_notification.win32': Not used on non-Windows systems
[7.589s] INFO:colcon.colcon_notification.desktop_notification:Sending desktop notification using 'notify2'
[7.591s] DEBUG:colcon.colcon_notification.desktop_notification.notify2:Failed to initialize notify2: org.freedesktop.DBus.Error.ServiceUnknown: The name org.freedesktop.Notifications was not provided by any .service files
[7.592s] DEBUG:colcon.colcon_core.event_reactor:joined thread
[7.592s] INFO:colcon.colcon_core.shell:Creating prefix script '/home/test/ros2_ws/install/local_setup.ps1'
[7.593s] INFO:colcon.colcon_core.shell:Creating prefix util module '/home/test/ros2_ws/install/_local_setup_util_ps1.py'
[7.594s] INFO:colcon.colcon_core.shell:Creating prefix chain script '/home/test/ros2_ws/install/setup.ps1'
[7.595s] INFO:colcon.colcon_core.shell:Creating prefix script '/home/test/ros2_ws/install/local_setup.sh'
[7.596s] INFO:colcon.colcon_core.shell:Creating prefix util module '/home/test/ros2_ws/install/_local_setup_util_sh.py'
[7.597s] INFO:colcon.colcon_core.shell:Creating prefix chain script '/home/test/ros2_ws/install/setup.sh'
[7.598s] INFO:colcon.colcon_core.shell:Creating prefix script '/home/test/ros2_ws/install/local_setup.bash'
[7.599s] INFO:colcon.colcon_core.shell:Creating prefix chain script '/home/test/ros2_ws/install/setup.bash'
[7.601s] INFO:colcon.colcon_core.shell:Creating prefix script '/home/test/ros2_ws/install/local_setup.zsh'
[7.602s] INFO:colcon.colcon_core.shell:Creating prefix chain script '/home/test/ros2_ws/install/setup.zsh'
