[0.851s] DEBUG:colcon:Command line arguments: ['/usr/bin/colcon', 'build', '--packages-select', 'robot_localization_pkg']
[0.851s] DEBUG:colcon:Parsed command line arguments: Namespace(log_base=None, log_level=None, verb_name='build', build_base='build', install_base='install', merge_install=False, symlink_install=False, test_result_base=None, continue_on_error=False, executor='parallel', parallel_workers=8, event_handlers=None, ignore_user_meta=False, metas=['./colcon.meta'], base_paths=['.'], packages_ignore=None, packages_ignore_regex=None, paths=None, packages_up_to=None, packages_up_to_regex=None, packages_above=None, packages_above_and_dependencies=None, packages_above_depth=None, packages_select_by_dep=None, packages_skip_by_dep=None, packages_skip_up_to=None, packages_select_build_failed=False, packages_skip_build_finished=False, packages_select_test_failures=False, packages_skip_test_passed=False, packages_select=['robot_localization_pkg'], packages_skip=None, packages_select_regex=None, packages_skip_regex=None, packages_start=None, packages_end=None, allow_overriding=[], cmake_args=None, cmake_target=None, cmake_target_skip_unavailable=False, cmake_clean_cache=False, cmake_clean_first=False, cmake_force_configure=False, ament_cmake_args=None, catkin_cmake_args=None, catkin_skip_building_tests=False, mixin_files=None, mixin=None, verb_parser=<colcon_mixin.mixin.mixin_argument.MixinArgumentDecorator object at 0x709c957769f0>, verb_extension=<colcon_core.verb.build.BuildVerb object at 0x709c9574c590>, main=<bound method BuildVerb.main of <colcon_core.verb.build.BuildVerb object at 0x709c9574c590>>, mixin_verb=('build',))
[0.974s] Level 1:colcon.colcon_core.package_discovery:discover_packages(colcon_meta) check parameters
[0.974s] Level 1:colcon.colcon_core.package_discovery:discover_packages(recursive) check parameters
[0.974s] Level 1:colcon.colcon_core.package_discovery:discover_packages(ignore) check parameters
[0.974s] Level 1:colcon.colcon_core.package_discovery:discover_packages(path) check parameters
[0.974s] Level 1:colcon.colcon_core.package_discovery:discover_packages(colcon_meta) discover
[0.974s] Level 1:colcon.colcon_core.package_discovery:discover_packages(recursive) discover
[0.974s] INFO:colcon.colcon_core.package_discovery:Crawling recursively for packages in '/home/test/ros2_ws'
[0.975s] Level 1:colcon.colcon_core.package_identification:_identify(.) by extensions ['ignore', 'ignore_ament_install']
[0.975s] Level 1:colcon.colcon_core.package_identification:_identify(.) by extension 'ignore'
[0.975s] Level 1:colcon.colcon_core.package_identification:_identify(.) by extension 'ignore_ament_install'
[0.975s] Level 1:colcon.colcon_core.package_identification:_identify(.) by extensions ['colcon_pkg']
[0.975s] Level 1:colcon.colcon_core.package_identification:_identify(.) by extension 'colcon_pkg'
[0.975s] Level 1:colcon.colcon_core.package_identification:_identify(.) by extensions ['colcon_meta']
[0.975s] Level 1:colcon.colcon_core.package_identification:_identify(.) by extension 'colcon_meta'
[0.975s] Level 1:colcon.colcon_core.package_identification:_identify(.) by extensions ['ros']
[0.975s] Level 1:colcon.colcon_core.package_identification:_identify(.) by extension 'ros'
[1.035s] Level 1:colcon.colcon_core.package_identification:_identify(.) by extensions ['cmake', 'python']
[1.035s] Level 1:colcon.colcon_core.package_identification:_identify(.) by extension 'cmake'
[1.036s] Level 1:colcon.colcon_core.package_identification:_identify(.) by extension 'python'
[1.036s] Level 1:colcon.colcon_core.package_identification:_identify(.) by extensions ['python_setup_py']
[1.036s] Level 1:colcon.colcon_core.package_identification:_identify(.) by extension 'python_setup_py'
[1.036s] Level 1:colcon.colcon_core.package_identification:_identify(build) by extensions ['ignore', 'ignore_ament_install']
[1.036s] Level 1:colcon.colcon_core.package_identification:_identify(build) by extension 'ignore'
[1.036s] Level 1:colcon.colcon_core.package_identification:_identify(build) ignored
[1.037s] Level 1:colcon.colcon_core.package_identification:_identify(install) by extensions ['ignore', 'ignore_ament_install']
[1.037s] Level 1:colcon.colcon_core.package_identification:_identify(install) by extension 'ignore'
[1.037s] Level 1:colcon.colcon_core.package_identification:_identify(install) ignored
[1.037s] Level 1:colcon.colcon_core.package_identification:_identify(log) by extensions ['ignore', 'ignore_ament_install']
[1.038s] Level 1:colcon.colcon_core.package_identification:_identify(log) by extension 'ignore'
[1.038s] Level 1:colcon.colcon_core.package_identification:_identify(log) ignored
[1.038s] Level 1:colcon.colcon_core.package_identification:_identify(src) by extensions ['ignore', 'ignore_ament_install']
[1.038s] Level 1:colcon.colcon_core.package_identification:_identify(src) by extension 'ignore'
[1.038s] Level 1:colcon.colcon_core.package_identification:_identify(src) by extension 'ignore_ament_install'
[1.039s] Level 1:colcon.colcon_core.package_identification:_identify(src) by extensions ['colcon_pkg']
[1.039s] Level 1:colcon.colcon_core.package_identification:_identify(src) by extension 'colcon_pkg'
[1.039s] Level 1:colcon.colcon_core.package_identification:_identify(src) by extensions ['colcon_meta']
[1.039s] Level 1:colcon.colcon_core.package_identification:_identify(src) by extension 'colcon_meta'
[1.039s] Level 1:colcon.colcon_core.package_identification:_identify(src) by extensions ['ros']
[1.039s] Level 1:colcon.colcon_core.package_identification:_identify(src) by extension 'ros'
[1.039s] Level 1:colcon.colcon_core.package_identification:_identify(src) by extensions ['cmake', 'python']
[1.039s] Level 1:colcon.colcon_core.package_identification:_identify(src) by extension 'cmake'
[1.039s] Level 1:colcon.colcon_core.package_identification:_identify(src) by extension 'python'
[1.040s] Level 1:colcon.colcon_core.package_identification:_identify(src) by extensions ['python_setup_py']
[1.040s] Level 1:colcon.colcon_core.package_identification:_identify(src) by extension 'python_setup_py'
[1.040s] Level 1:colcon.colcon_core.package_identification:_identify(src/my_local) by extensions ['ignore', 'ignore_ament_install']
[1.040s] Level 1:colcon.colcon_core.package_identification:_identify(src/my_local) by extension 'ignore'
[1.040s] Level 1:colcon.colcon_core.package_identification:_identify(src/my_local) by extension 'ignore_ament_install'
[1.040s] Level 1:colcon.colcon_core.package_identification:_identify(src/my_local) by extensions ['colcon_pkg']
[1.040s] Level 1:colcon.colcon_core.package_identification:_identify(src/my_local) by extension 'colcon_pkg'
[1.040s] Level 1:colcon.colcon_core.package_identification:_identify(src/my_local) by extensions ['colcon_meta']
[1.040s] Level 1:colcon.colcon_core.package_identification:_identify(src/my_local) by extension 'colcon_meta'
[1.041s] Level 1:colcon.colcon_core.package_identification:_identify(src/my_local) by extensions ['ros']
[1.041s] Level 1:colcon.colcon_core.package_identification:_identify(src/my_local) by extension 'ros'
[1.048s] DEBUG:colcon.colcon_core.package_identification:Package 'src/my_local' with type 'ros.ament_python' and name 'my_local'
[1.049s] Level 1:colcon.colcon_core.package_identification:_identify(src/robot_exam_localization) by extensions ['ignore', 'ignore_ament_install']
[1.049s] Level 1:colcon.colcon_core.package_identification:_identify(src/robot_exam_localization) by extension 'ignore'
[1.049s] Level 1:colcon.colcon_core.package_identification:_identify(src/robot_exam_localization) by extension 'ignore_ament_install'
[1.049s] Level 1:colcon.colcon_core.package_identification:_identify(src/robot_exam_localization) by extensions ['colcon_pkg']
[1.049s] Level 1:colcon.colcon_core.package_identification:_identify(src/robot_exam_localization) by extension 'colcon_pkg'
[1.049s] Level 1:colcon.colcon_core.package_identification:_identify(src/robot_exam_localization) by extensions ['colcon_meta']
[1.050s] Level 1:colcon.colcon_core.package_identification:_identify(src/robot_exam_localization) by extension 'colcon_meta'
[1.050s] Level 1:colcon.colcon_core.package_identification:_identify(src/robot_exam_localization) by extensions ['ros']
[1.050s] Level 1:colcon.colcon_core.package_identification:_identify(src/robot_exam_localization) by extension 'ros'
[1.051s] DEBUG:colcon.colcon_core.package_identification:Package 'src/robot_exam_localization' with type 'ros.ament_python' and name 'robot_exam_localization'
[1.051s] Level 1:colcon.colcon_core.package_identification:_identify(src/robot_localization_pkg) by extensions ['ignore', 'ignore_ament_install']
[1.052s] Level 1:colcon.colcon_core.package_identification:_identify(src/robot_localization_pkg) by extension 'ignore'
[1.052s] Level 1:colcon.colcon_core.package_identification:_identify(src/robot_localization_pkg) by extension 'ignore_ament_install'
[1.052s] Level 1:colcon.colcon_core.package_identification:_identify(src/robot_localization_pkg) by extensions ['colcon_pkg']
[1.052s] Level 1:colcon.colcon_core.package_identification:_identify(src/robot_localization_pkg) by extension 'colcon_pkg'
[1.052s] Level 1:colcon.colcon_core.package_identification:_identify(src/robot_localization_pkg) by extensions ['colcon_meta']
[1.052s] Level 1:colcon.colcon_core.package_identification:_identify(src/robot_localization_pkg) by extension 'colcon_meta'
[1.052s] Level 1:colcon.colcon_core.package_identification:_identify(src/robot_localization_pkg) by extensions ['ros']
[1.052s] Level 1:colcon.colcon_core.package_identification:_identify(src/robot_localization_pkg) by extension 'ros'
[1.054s] DEBUG:colcon.colcon_core.package_identification:Package 'src/robot_localization_pkg' with type 'ros.ament_python' and name 'robot_localization_pkg'
[1.054s] Level 1:colcon.colcon_core.package_discovery:discover_packages(recursive) using defaults
[1.054s] Level 1:colcon.colcon_core.package_discovery:discover_packages(ignore) discover
[1.054s] Level 1:colcon.colcon_core.package_discovery:discover_packages(ignore) using defaults
[1.054s] Level 1:colcon.colcon_core.package_discovery:discover_packages(path) discover
[1.054s] Level 1:colcon.colcon_core.package_discovery:discover_packages(path) using defaults
[1.101s] INFO:colcon.colcon_core.package_selection:Skipping not selected package 'my_local' in 'src/my_local'
[1.101s] INFO:colcon.colcon_core.package_selection:Skipping not selected package 'robot_exam_localization' in 'src/robot_exam_localization'
[1.102s] Level 1:colcon.colcon_core.package_discovery:discover_packages(prefix_path) check parameters
[1.102s] Level 1:colcon.colcon_core.package_discovery:discover_packages(prefix_path) discover
[1.105s] DEBUG:colcon.colcon_installed_package_information.package_discovery:Found 2 installed packages in /home/test/ros2_ws/install
[1.111s] DEBUG:colcon.colcon_installed_package_information.package_discovery:Found 387 installed packages in /opt/ros/jazzy
[1.115s] Level 1:colcon.colcon_core.package_discovery:discover_packages(prefix_path) using defaults
[1.295s] Level 5:colcon.colcon_core.verb:set package 'robot_localization_pkg' build argument 'cmake_args' from command line to 'None'
[1.295s] Level 5:colcon.colcon_core.verb:set package 'robot_localization_pkg' build argument 'cmake_target' from command line to 'None'
[1.295s] Level 5:colcon.colcon_core.verb:set package 'robot_localization_pkg' build argument 'cmake_target_skip_unavailable' from command line to 'False'
[1.295s] Level 5:colcon.colcon_core.verb:set package 'robot_localization_pkg' build argument 'cmake_clean_cache' from command line to 'False'
[1.295s] Level 5:colcon.colcon_core.verb:set package 'robot_localization_pkg' build argument 'cmake_clean_first' from command line to 'False'
[1.295s] Level 5:colcon.colcon_core.verb:set package 'robot_localization_pkg' build argument 'cmake_force_configure' from command line to 'False'
[1.295s] Level 5:colcon.colcon_core.verb:set package 'robot_localization_pkg' build argument 'ament_cmake_args' from command line to 'None'
[1.295s] Level 5:colcon.colcon_core.verb:set package 'robot_localization_pkg' build argument 'catkin_cmake_args' from command line to 'None'
[1.295s] Level 5:colcon.colcon_core.verb:set package 'robot_localization_pkg' build argument 'catkin_skip_building_tests' from command line to 'False'
[1.296s] DEBUG:colcon.colcon_core.verb:Building package 'robot_localization_pkg' with the following arguments: {'ament_cmake_args': None, 'build_base': '/home/test/ros2_ws/build/robot_localization_pkg', 'catkin_cmake_args': None, 'catkin_skip_building_tests': False, 'cmake_args': None, 'cmake_clean_cache': False, 'cmake_clean_first': False, 'cmake_force_configure': False, 'cmake_target': None, 'cmake_target_skip_unavailable': False, 'install_base': '/home/test/ros2_ws/install/robot_localization_pkg', 'merge_install': False, 'path': '/home/test/ros2_ws/src/robot_localization_pkg', 'symlink_install': False, 'test_result_base': None}
[1.296s] INFO:colcon.colcon_core.executor:Executing jobs using 'parallel' executor
[1.301s] DEBUG:colcon.colcon_parallel_executor.executor.parallel:run_until_complete
[1.303s] INFO:colcon.colcon_ros.task.ament_python.build:Building ROS package in '/home/test/ros2_ws/src/robot_localization_pkg' with build type 'ament_python'
[1.303s] Level 1:colcon.colcon_core.shell:create_environment_hook('robot_localization_pkg', 'ament_prefix_path')
[1.312s] INFO:colcon.colcon_core.plugin_system:Skipping extension 'colcon_core.shell.bat': Not used on non-Windows systems
[1.312s] INFO:colcon.colcon_core.shell:Creating environment hook '/home/test/ros2_ws/install/robot_localization_pkg/share/robot_localization_pkg/hook/ament_prefix_path.ps1'
[1.315s] INFO:colcon.colcon_core.shell:Creating environment descriptor '/home/test/ros2_ws/install/robot_localization_pkg/share/robot_localization_pkg/hook/ament_prefix_path.dsv'
[1.317s] INFO:colcon.colcon_core.shell:Creating environment hook '/home/test/ros2_ws/install/robot_localization_pkg/share/robot_localization_pkg/hook/ament_prefix_path.sh'
[1.319s] INFO:colcon.colcon_core.shell:Skip shell extension 'powershell' for command environment: Not usable outside of PowerShell
[1.319s] DEBUG:colcon.colcon_core.shell:Skip shell extension 'dsv' for command environment
[2.300s] INFO:colcon.colcon_core.task.python.build:Building Python package in '/home/test/ros2_ws/src/robot_localization_pkg'
[2.301s] INFO:colcon.colcon_core.shell:Skip shell extension 'powershell' for command environment: Not usable outside of PowerShell
[2.301s] DEBUG:colcon.colcon_core.shell:Skip shell extension 'dsv' for command environment
[3.900s] DEBUG:colcon.colcon_core.event_handler.log_command:Invoking command in '/home/test/ros2_ws/src/robot_localization_pkg': PYTHONPATH=/home/test/ros2_ws/build/robot_localization_pkg/prefix_override:/usr/lib/python3/dist-packages/colcon_core/task/python/colcon_distutils_commands:/home/test/ros2_ws/install/robot_localization_pkg/lib/python3.12/site-packages:${PYTHONPATH} /usr/bin/python3 -W ignore:setup.py install is deprecated -W ignore:easy_install command is deprecated setup.py egg_info --egg-base ../../build/robot_localization_pkg build --build-base /home/test/ros2_ws/build/robot_localization_pkg/build install --record /home/test/ros2_ws/build/robot_localization_pkg/install.log --single-version-externally-managed install_data
[5.452s] DEBUG:colcon.colcon_core.event_handler.log_command:Invoked command in '/home/test/ros2_ws/src/robot_localization_pkg' returned '0': PYTHONPATH=/home/test/ros2_ws/build/robot_localization_pkg/prefix_override:/usr/lib/python3/dist-packages/colcon_core/task/python/colcon_distutils_commands:/home/test/ros2_ws/install/robot_localization_pkg/lib/python3.12/site-packages:${PYTHONPATH} /usr/bin/python3 -W ignore:setup.py install is deprecated -W ignore:easy_install command is deprecated setup.py egg_info --egg-base ../../build/robot_localization_pkg build --build-base /home/test/ros2_ws/build/robot_localization_pkg/build install --record /home/test/ros2_ws/build/robot_localization_pkg/install.log --single-version-externally-managed install_data
[5.456s] Level 1:colcon.colcon_core.environment:checking '/home/test/ros2_ws/install/robot_localization_pkg' for CMake module files
[5.457s] Level 1:colcon.colcon_core.environment:checking '/home/test/ros2_ws/install/robot_localization_pkg' for CMake config files
[5.458s] Level 1:colcon.colcon_core.environment:checking '/home/test/ros2_ws/install/robot_localization_pkg/lib'
[5.458s] Level 1:colcon.colcon_core.environment:checking '/home/test/ros2_ws/install/robot_localization_pkg/bin'
[5.458s] Level 1:colcon.colcon_core.environment:checking '/home/test/ros2_ws/install/robot_localization_pkg/lib/pkgconfig/robot_localization_pkg.pc'
[5.460s] Level 1:colcon.colcon_core.environment:checking '/home/test/ros2_ws/install/robot_localization_pkg/lib/python3.12/site-packages'
[5.460s] Level 1:colcon.colcon_core.shell:create_environment_hook('robot_localization_pkg', 'pythonpath')
[5.460s] INFO:colcon.colcon_core.shell:Creating environment hook '/home/test/ros2_ws/install/robot_localization_pkg/share/robot_localization_pkg/hook/pythonpath.ps1'
[5.461s] INFO:colcon.colcon_core.shell:Creating environment descriptor '/home/test/ros2_ws/install/robot_localization_pkg/share/robot_localization_pkg/hook/pythonpath.dsv'
[5.462s] INFO:colcon.colcon_core.shell:Creating environment hook '/home/test/ros2_ws/install/robot_localization_pkg/share/robot_localization_pkg/hook/pythonpath.sh'
[5.463s] Level 1:colcon.colcon_core.environment:checking '/home/test/ros2_ws/install/robot_localization_pkg/bin'
[5.463s] Level 1:colcon.colcon_core.environment:create_environment_scripts_only(robot_localization_pkg)
[5.463s] INFO:colcon.colcon_core.shell:Creating package script '/home/test/ros2_ws/install/robot_localization_pkg/share/robot_localization_pkg/package.ps1'
[5.465s] INFO:colcon.colcon_core.shell:Creating package descriptor '/home/test/ros2_ws/install/robot_localization_pkg/share/robot_localization_pkg/package.dsv'
[5.467s] INFO:colcon.colcon_core.shell:Creating package script '/home/test/ros2_ws/install/robot_localization_pkg/share/robot_localization_pkg/package.sh'
[5.469s] INFO:colcon.colcon_core.shell:Creating package script '/home/test/ros2_ws/install/robot_localization_pkg/share/robot_localization_pkg/package.bash'
[5.472s] INFO:colcon.colcon_core.shell:Creating package script '/home/test/ros2_ws/install/robot_localization_pkg/share/robot_localization_pkg/package.zsh'
[5.474s] Level 1:colcon.colcon_core.environment:create_file_with_runtime_dependencies(/home/test/ros2_ws/install/robot_localization_pkg/share/colcon-core/packages/robot_localization_pkg)
[5.475s] DEBUG:colcon.colcon_parallel_executor.executor.parallel:closing loop
[5.475s] DEBUG:colcon.colcon_parallel_executor.executor.parallel:loop closed
[5.476s] DEBUG:colcon.colcon_parallel_executor.executor.parallel:run_until_complete finished with '0'
[5.476s] DEBUG:colcon.colcon_core.event_reactor:joining thread
[5.581s] INFO:colcon.colcon_core.plugin_system:Skipping extension 'colcon_notification.desktop_notification.notify_send': Could not find 'notify-send'
[5.581s] INFO:colcon.colcon_core.plugin_system:Skipping extension 'colcon_notification.desktop_notification.terminal_notifier': Not used on non-Darwin systems
[5.582s] INFO:colcon.colcon_core.plugin_system:Skipping extension 'colcon_notification.desktop_notification.win32': Not used on non-Windows systems
[5.582s] INFO:colcon.colcon_notification.desktop_notification:Sending desktop notification using 'notify2'
[5.583s] DEBUG:colcon.colcon_notification.desktop_notification.notify2:Failed to initialize notify2: org.freedesktop.DBus.Error.ServiceUnknown: The name org.freedesktop.Notifications was not provided by any .service files
[5.584s] DEBUG:colcon.colcon_core.event_reactor:joined thread
[5.584s] INFO:colcon.colcon_core.shell:Creating prefix script '/home/test/ros2_ws/install/local_setup.ps1'
[5.586s] INFO:colcon.colcon_core.shell:Creating prefix util module '/home/test/ros2_ws/install/_local_setup_util_ps1.py'
[5.588s] INFO:colcon.colcon_core.shell:Creating prefix chain script '/home/test/ros2_ws/install/setup.ps1'
[5.590s] INFO:colcon.colcon_core.shell:Creating prefix script '/home/test/ros2_ws/install/local_setup.sh'
[5.592s] INFO:colcon.colcon_core.shell:Creating prefix util module '/home/test/ros2_ws/install/_local_setup_util_sh.py'
[5.593s] INFO:colcon.colcon_core.shell:Creating prefix chain script '/home/test/ros2_ws/install/setup.sh'
[5.595s] INFO:colcon.colcon_core.shell:Creating prefix script '/home/test/ros2_ws/install/local_setup.bash'
[5.596s] INFO:colcon.colcon_core.shell:Creating prefix chain script '/home/test/ros2_ws/install/setup.bash'
[5.598s] INFO:colcon.colcon_core.shell:Creating prefix script '/home/test/ros2_ws/install/local_setup.zsh'
[5.599s] INFO:colcon.colcon_core.shell:Creating prefix chain script '/home/test/ros2_ws/install/setup.zsh'
