running egg_info
creating ../../build/landmark_detector/landmark_detector.egg-info
writing ../../build/landmark_detector/landmark_detector.egg-info/PKG-INFO
writing dependency_links to ../../build/landmark_detector/landmark_detector.egg-info/dependency_links.txt
writing requirements to ../../build/landmark_detector/landmark_detector.egg-info/requires.txt
writing top-level names to ../../build/landmark_detector/landmark_detector.egg-info/top_level.txt
writing manifest file '../../build/landmark_detector/landmark_detector.egg-info/SOURCES.txt'
reading manifest file '../../build/landmark_detector/landmark_detector.egg-info/SOURCES.txt'
writing manifest file '../../build/landmark_detector/landmark_detector.egg-info/SOURCES.txt'
running build
running build_py
creating /home/test/ros2_ws/build/landmark_detector/build
creating /home/test/ros2_ws/build/landmark_detector/build/lib
creating /home/test/ros2_ws/build/landmark_detector/build/lib/landmark_detector
copying landmark_detector/__init__.py -> /home/test/ros2_ws/build/landmark_detector/build/lib/landmark_detector
running install
running install_lib
creating /home/test/ros2_ws/install/landmark_detector/lib/python3.12/site-packages/landmark_detector
copying /home/test/ros2_ws/build/landmark_detector/build/lib/landmark_detector/__init__.py -> /home/test/ros2_ws/install/landmark_detector/lib/python3.12/site-packages/landmark_detector
byte-compiling /home/test/ros2_ws/install/landmark_detector/lib/python3.12/site-packages/landmark_detector/__init__.py to __init__.cpython-312.pyc
running install_data
creating /home/test/ros2_ws/install/landmark_detector/share/ament_index
creating /home/test/ros2_ws/install/landmark_detector/share/ament_index/resource_index
creating /home/test/ros2_ws/install/landmark_detector/share/ament_index/resource_index/packages
copying resource/landmark_detector -> /home/test/ros2_ws/install/landmark_detector/share/ament_index/resource_index/packages
copying package.xml -> /home/test/ros2_ws/install/landmark_detector/share/landmark_detector
running install_egg_info
Copying ../../build/landmark_detector/landmark_detector.egg-info to /home/test/ros2_ws/install/landmark_detector/lib/python3.12/site-packages/landmark_detector-0.0.0-py3.12.egg-info
running install_scripts
writing list of installed files to '/home/test/ros2_ws/build/landmark_detector/install.log'
