[1.179s] DEBUG:colcon:Command line arguments: ['/usr/bin/colcon', 'build']
[1.180s] DEBUG:colcon:Parsed command line arguments: Namespace(log_base=None, log_level=None, verb_name='build', build_base='build', install_base='install', merge_install=False, symlink_install=False, test_result_base=None, continue_on_error=False, executor='parallel', parallel_workers=8, event_handlers=None, ignore_user_meta=False, metas=['./colcon.meta'], base_paths=['.'], packages_ignore=None, packages_ignore_regex=None, paths=None, packages_up_to=None, packages_up_to_regex=None, packages_above=None, packages_above_and_dependencies=None, packages_above_depth=None, packages_select_by_dep=None, packages_skip_by_dep=None, packages_skip_up_to=None, packages_select_build_failed=False, packages_skip_build_finished=False, packages_select_test_failures=False, packages_skip_test_passed=False, packages_select=None, packages_skip=None, packages_select_regex=None, packages_skip_regex=None, packages_start=None, packages_end=None, allow_overriding=[], cmake_args=None, cmake_target=None, cmake_target_skip_unavailable=False, cmake_clean_cache=False, cmake_clean_first=False, cmake_force_configure=False, ament_cmake_args=None, catkin_cmake_args=None, catkin_skip_building_tests=False, mixin_files=None, mixin=None, verb_parser=<colcon_mixin.mixin.mixin_argument.MixinArgumentDecorator object at 0x7dd787f6b5f0>, verb_extension=<colcon_core.verb.build.BuildVerb object at 0x7dd7880e26f0>, main=<bound method BuildVerb.main of <colcon_core.verb.build.BuildVerb object at 0x7dd7880e26f0>>, mixin_verb=('build',))
[1.343s] Level 1:colcon.colcon_core.package_discovery:discover_packages(colcon_meta) check parameters
[1.343s] Level 1:colcon.colcon_core.package_discovery:discover_packages(recursive) check parameters
[1.343s] Level 1:colcon.colcon_core.package_discovery:discover_packages(ignore) check parameters
[1.343s] Level 1:colcon.colcon_core.package_discovery:discover_packages(path) check parameters
[1.343s] Level 1:colcon.colcon_core.package_discovery:discover_packages(colcon_meta) discover
[1.343s] Level 1:colcon.colcon_core.package_discovery:discover_packages(recursive) discover
[1.343s] INFO:colcon.colcon_core.package_discovery:Crawling recursively for packages in '/home/test/ros2_ws'
[1.344s] Level 1:colcon.colcon_core.package_identification:_identify(.) by extensions ['ignore', 'ignore_ament_install']
[1.344s] Level 1:colcon.colcon_core.package_identification:_identify(.) by extension 'ignore'
[1.344s] Level 1:colcon.colcon_core.package_identification:_identify(.) by extension 'ignore_ament_install'
[1.344s] Level 1:colcon.colcon_core.package_identification:_identify(.) by extensions ['colcon_pkg']
[1.344s] Level 1:colcon.colcon_core.package_identification:_identify(.) by extension 'colcon_pkg'
[1.344s] Level 1:colcon.colcon_core.package_identification:_identify(.) by extensions ['colcon_meta']
[1.344s] Level 1:colcon.colcon_core.package_identification:_identify(.) by extension 'colcon_meta'
[1.345s] Level 1:colcon.colcon_core.package_identification:_identify(.) by extensions ['ros']
[1.345s] Level 1:colcon.colcon_core.package_identification:_identify(.) by extension 'ros'
[1.445s] Level 1:colcon.colcon_core.package_identification:_identify(.) by extensions ['cmake', 'python']
[1.445s] Level 1:colcon.colcon_core.package_identification:_identify(.) by extension 'cmake'
[1.445s] Level 1:colcon.colcon_core.package_identification:_identify(.) by extension 'python'
[1.445s] Level 1:colcon.colcon_core.package_identification:_identify(.) by extensions ['python_setup_py']
[1.445s] Level 1:colcon.colcon_core.package_identification:_identify(.) by extension 'python_setup_py'
[1.446s] Level 1:colcon.colcon_core.package_identification:_identify(build) by extensions ['ignore', 'ignore_ament_install']
[1.446s] Level 1:colcon.colcon_core.package_identification:_identify(build) by extension 'ignore'
[1.447s] Level 1:colcon.colcon_core.package_identification:_identify(build) ignored
[1.448s] Level 1:colcon.colcon_core.package_identification:_identify(install) by extensions ['ignore', 'ignore_ament_install']
[1.448s] Level 1:colcon.colcon_core.package_identification:_identify(install) by extension 'ignore'
[1.448s] Level 1:colcon.colcon_core.package_identification:_identify(install) ignored
[1.448s] Level 1:colcon.colcon_core.package_identification:_identify(log) by extensions ['ignore', 'ignore_ament_install']
[1.448s] Level 1:colcon.colcon_core.package_identification:_identify(log) by extension 'ignore'
[1.449s] Level 1:colcon.colcon_core.package_identification:_identify(log) ignored
[1.449s] Level 1:colcon.colcon_core.package_identification:_identify(src) by extensions ['ignore', 'ignore_ament_install']
[1.449s] Level 1:colcon.colcon_core.package_identification:_identify(src) by extension 'ignore'
[1.449s] Level 1:colcon.colcon_core.package_identification:_identify(src) by extension 'ignore_ament_install'
[1.449s] Level 1:colcon.colcon_core.package_identification:_identify(src) by extensions ['colcon_pkg']
[1.449s] Level 1:colcon.colcon_core.package_identification:_identify(src) by extension 'colcon_pkg'
[1.449s] Level 1:colcon.colcon_core.package_identification:_identify(src) by extensions ['colcon_meta']
[1.449s] Level 1:colcon.colcon_core.package_identification:_identify(src) by extension 'colcon_meta'
[1.450s] Level 1:colcon.colcon_core.package_identification:_identify(src) by extensions ['ros']
[1.450s] Level 1:colcon.colcon_core.package_identification:_identify(src) by extension 'ros'
[1.450s] Level 1:colcon.colcon_core.package_identification:_identify(src) by extensions ['cmake', 'python']
[1.450s] Level 1:colcon.colcon_core.package_identification:_identify(src) by extension 'cmake'
[1.450s] Level 1:colcon.colcon_core.package_identification:_identify(src) by extension 'python'
[1.450s] Level 1:colcon.colcon_core.package_identification:_identify(src) by extensions ['python_setup_py']
[1.450s] Level 1:colcon.colcon_core.package_identification:_identify(src) by extension 'python_setup_py'
[1.450s] Level 1:colcon.colcon_core.package_identification:_identify(src/landmark_detector) by extensions ['ignore', 'ignore_ament_install']
[1.451s] Level 1:colcon.colcon_core.package_identification:_identify(src/landmark_detector) by extension 'ignore'
[1.451s] Level 1:colcon.colcon_core.package_identification:_identify(src/landmark_detector) by extension 'ignore_ament_install'
[1.451s] Level 1:colcon.colcon_core.package_identification:_identify(src/landmark_detector) by extensions ['colcon_pkg']
[1.451s] Level 1:colcon.colcon_core.package_identification:_identify(src/landmark_detector) by extension 'colcon_pkg'
[1.451s] Level 1:colcon.colcon_core.package_identification:_identify(src/landmark_detector) by extensions ['colcon_meta']
[1.451s] Level 1:colcon.colcon_core.package_identification:_identify(src/landmark_detector) by extension 'colcon_meta'
[1.451s] Level 1:colcon.colcon_core.package_identification:_identify(src/landmark_detector) by extensions ['ros']
[1.451s] Level 1:colcon.colcon_core.package_identification:_identify(src/landmark_detector) by extension 'ros'
[1.458s] DEBUG:colcon.colcon_core.package_identification:Package 'src/landmark_detector' with type 'ros.ament_python' and name 'landmark_detector'
[1.459s] Level 1:colcon.colcon_core.package_identification:_identify(src/mission_planner) by extensions ['ignore', 'ignore_ament_install']
[1.459s] Level 1:colcon.colcon_core.package_identification:_identify(src/mission_planner) by extension 'ignore'
[1.459s] Level 1:colcon.colcon_core.package_identification:_identify(src/mission_planner) by extension 'ignore_ament_install'
[1.459s] Level 1:colcon.colcon_core.package_identification:_identify(src/mission_planner) by extensions ['colcon_pkg']
[1.459s] Level 1:colcon.colcon_core.package_identification:_identify(src/mission_planner) by extension 'colcon_pkg'
[1.459s] Level 1:colcon.colcon_core.package_identification:_identify(src/mission_planner) by extensions ['colcon_meta']
[1.459s] Level 1:colcon.colcon_core.package_identification:_identify(src/mission_planner) by extension 'colcon_meta'
[1.460s] Level 1:colcon.colcon_core.package_identification:_identify(src/mission_planner) by extensions ['ros']
[1.460s] Level 1:colcon.colcon_core.package_identification:_identify(src/mission_planner) by extension 'ros'
[1.462s] DEBUG:colcon.colcon_core.package_identification:Package 'src/mission_planner' with type 'ros.ament_python' and name 'mission_planner'
[1.462s] Level 1:colcon.colcon_core.package_identification:_identify(src/my_local) by extensions ['ignore', 'ignore_ament_install']
[1.462s] Level 1:colcon.colcon_core.package_identification:_identify(src/my_local) by extension 'ignore'
[1.463s] Level 1:colcon.colcon_core.package_identification:_identify(src/my_local) by extension 'ignore_ament_install'
[1.463s] Level 1:colcon.colcon_core.package_identification:_identify(src/my_local) by extensions ['colcon_pkg']
[1.463s] Level 1:colcon.colcon_core.package_identification:_identify(src/my_local) by extension 'colcon_pkg'
[1.463s] Level 1:colcon.colcon_core.package_identification:_identify(src/my_local) by extensions ['colcon_meta']
[1.463s] Level 1:colcon.colcon_core.package_identification:_identify(src/my_local) by extension 'colcon_meta'
[1.463s] Level 1:colcon.colcon_core.package_identification:_identify(src/my_local) by extensions ['ros']
[1.463s] Level 1:colcon.colcon_core.package_identification:_identify(src/my_local) by extension 'ros'
[1.465s] DEBUG:colcon.colcon_core.package_identification:Package 'src/my_local' with type 'ros.ament_python' and name 'my_local'
[1.465s] Level 1:colcon.colcon_core.package_identification:_identify(src/robot_description) by extensions ['ignore', 'ignore_ament_install']
[1.465s] Level 1:colcon.colcon_core.package_identification:_identify(src/robot_description) by extension 'ignore'
[1.465s] Level 1:colcon.colcon_core.package_identification:_identify(src/robot_description) by extension 'ignore_ament_install'
[1.467s] Level 1:colcon.colcon_core.package_identification:_identify(src/robot_description) by extensions ['colcon_pkg']
[1.467s] Level 1:colcon.colcon_core.package_identification:_identify(src/robot_description) by extension 'colcon_pkg'
[1.468s] Level 1:colcon.colcon_core.package_identification:_identify(src/robot_description) by extensions ['colcon_meta']
[1.468s] Level 1:colcon.colcon_core.package_identification:_identify(src/robot_description) by extension 'colcon_meta'
[1.468s] Level 1:colcon.colcon_core.package_identification:_identify(src/robot_description) by extensions ['ros']
[1.468s] Level 1:colcon.colcon_core.package_identification:_identify(src/robot_description) by extension 'ros'
[1.470s] DEBUG:colcon.colcon_core.package_identification:Package 'src/robot_description' with type 'ros.ament_cmake' and name 'robot_description'
[1.470s] Level 1:colcon.colcon_core.package_identification:_identify(src/service_robot) by extensions ['ignore', 'ignore_ament_install']
[1.471s] Level 1:colcon.colcon_core.package_identification:_identify(src/service_robot) by extension 'ignore'
[1.471s] Level 1:colcon.colcon_core.package_identification:_identify(src/service_robot) by extension 'ignore_ament_install'
[1.471s] Level 1:colcon.colcon_core.package_identification:_identify(src/service_robot) by extensions ['colcon_pkg']
[1.471s] Level 1:colcon.colcon_core.package_identification:_identify(src/service_robot) by extension 'colcon_pkg'
[1.471s] Level 1:colcon.colcon_core.package_identification:_identify(src/service_robot) by extensions ['colcon_meta']
[1.471s] Level 1:colcon.colcon_core.package_identification:_identify(src/service_robot) by extension 'colcon_meta'
[1.471s] Level 1:colcon.colcon_core.package_identification:_identify(src/service_robot) by extensions ['ros']
[1.471s] Level 1:colcon.colcon_core.package_identification:_identify(src/service_robot) by extension 'ros'
[1.473s] DEBUG:colcon.colcon_core.package_identification:Package 'src/service_robot' with type 'ros.ament_python' and name 'service_robot'
[1.473s] Level 1:colcon.colcon_core.package_discovery:discover_packages(recursive) using defaults
[1.473s] Level 1:colcon.colcon_core.package_discovery:discover_packages(ignore) discover
[1.473s] Level 1:colcon.colcon_core.package_discovery:discover_packages(ignore) using defaults
[1.474s] Level 1:colcon.colcon_core.package_discovery:discover_packages(path) discover
[1.474s] Level 1:colcon.colcon_core.package_discovery:discover_packages(path) using defaults
[1.539s] Level 1:colcon.colcon_core.package_discovery:discover_packages(prefix_path) check parameters
[1.540s] Level 1:colcon.colcon_core.package_discovery:discover_packages(prefix_path) discover
[1.548s] DEBUG:colcon.colcon_installed_package_information.package_discovery:Found 7 installed packages in /home/test/ros2_ws/install
[1.554s] DEBUG:colcon.colcon_installed_package_information.package_discovery:Found 389 installed packages in /opt/ros/jazzy
[1.556s] Level 1:colcon.colcon_core.package_discovery:discover_packages(prefix_path) using defaults
[1.750s] Level 5:colcon.colcon_core.verb:set package 'landmark_detector' build argument 'cmake_args' from command line to 'None'
[1.750s] Level 5:colcon.colcon_core.verb:set package 'landmark_detector' build argument 'cmake_target' from command line to 'None'
[1.750s] Level 5:colcon.colcon_core.verb:set package 'landmark_detector' build argument 'cmake_target_skip_unavailable' from command line to 'False'
[1.750s] Level 5:colcon.colcon_core.verb:set package 'landmark_detector' build argument 'cmake_clean_cache' from command line to 'False'
[1.750s] Level 5:colcon.colcon_core.verb:set package 'landmark_detector' build argument 'cmake_clean_first' from command line to 'False'
[1.750s] Level 5:colcon.colcon_core.verb:set package 'landmark_detector' build argument 'cmake_force_configure' from command line to 'False'
[1.750s] Level 5:colcon.colcon_core.verb:set package 'landmark_detector' build argument 'ament_cmake_args' from command line to 'None'
[1.750s] Level 5:colcon.colcon_core.verb:set package 'landmark_detector' build argument 'catkin_cmake_args' from command line to 'None'
[1.750s] Level 5:colcon.colcon_core.verb:set package 'landmark_detector' build argument 'catkin_skip_building_tests' from command line to 'False'
[1.750s] DEBUG:colcon.colcon_core.verb:Building package 'landmark_detector' with the following arguments: {'ament_cmake_args': None, 'build_base': '/home/test/ros2_ws/build/landmark_detector', 'catkin_cmake_args': None, 'catkin_skip_building_tests': False, 'cmake_args': None, 'cmake_clean_cache': False, 'cmake_clean_first': False, 'cmake_force_configure': False, 'cmake_target': None, 'cmake_target_skip_unavailable': False, 'install_base': '/home/test/ros2_ws/install/landmark_detector', 'merge_install': False, 'path': '/home/test/ros2_ws/src/landmark_detector', 'symlink_install': False, 'test_result_base': None}
[1.751s] Level 5:colcon.colcon_core.verb:set package 'mission_planner' build argument 'cmake_args' from command line to 'None'
[1.751s] Level 5:colcon.colcon_core.verb:set package 'mission_planner' build argument 'cmake_target' from command line to 'None'
[1.751s] Level 5:colcon.colcon_core.verb:set package 'mission_planner' build argument 'cmake_target_skip_unavailable' from command line to 'False'
[1.751s] Level 5:colcon.colcon_core.verb:set package 'mission_planner' build argument 'cmake_clean_cache' from command line to 'False'
[1.751s] Level 5:colcon.colcon_core.verb:set package 'mission_planner' build argument 'cmake_clean_first' from command line to 'False'
[1.751s] Level 5:colcon.colcon_core.verb:set package 'mission_planner' build argument 'cmake_force_configure' from command line to 'False'
[1.751s] Level 5:colcon.colcon_core.verb:set package 'mission_planner' build argument 'ament_cmake_args' from command line to 'None'
[1.751s] Level 5:colcon.colcon_core.verb:set package 'mission_planner' build argument 'catkin_cmake_args' from command line to 'None'
[1.752s] Level 5:colcon.colcon_core.verb:set package 'mission_planner' build argument 'catkin_skip_building_tests' from command line to 'False'
[1.752s] DEBUG:colcon.colcon_core.verb:Building package 'mission_planner' with the following arguments: {'ament_cmake_args': None, 'build_base': '/home/test/ros2_ws/build/mission_planner', 'catkin_cmake_args': None, 'catkin_skip_building_tests': False, 'cmake_args': None, 'cmake_clean_cache': False, 'cmake_clean_first': False, 'cmake_force_configure': False, 'cmake_target': None, 'cmake_target_skip_unavailable': False, 'install_base': '/home/test/ros2_ws/install/mission_planner', 'merge_install': False, 'path': '/home/test/ros2_ws/src/mission_planner', 'symlink_install': False, 'test_result_base': None}
[1.753s] Level 5:colcon.colcon_core.verb:set package 'my_local' build argument 'cmake_args' from command line to 'None'
[1.753s] Level 5:colcon.colcon_core.verb:set package 'my_local' build argument 'cmake_target' from command line to 'None'
[1.753s] Level 5:colcon.colcon_core.verb:set package 'my_local' build argument 'cmake_target_skip_unavailable' from command line to 'False'
[1.753s] Level 5:colcon.colcon_core.verb:set package 'my_local' build argument 'cmake_clean_cache' from command line to 'False'
[1.753s] Level 5:colcon.colcon_core.verb:set package 'my_local' build argument 'cmake_clean_first' from command line to 'False'
[1.753s] Level 5:colcon.colcon_core.verb:set package 'my_local' build argument 'cmake_force_configure' from command line to 'False'
[1.753s] Level 5:colcon.colcon_core.verb:set package 'my_local' build argument 'ament_cmake_args' from command line to 'None'
[1.753s] Level 5:colcon.colcon_core.verb:set package 'my_local' build argument 'catkin_cmake_args' from command line to 'None'
[1.753s] Level 5:colcon.colcon_core.verb:set package 'my_local' build argument 'catkin_skip_building_tests' from command line to 'False'
[1.753s] DEBUG:colcon.colcon_core.verb:Building package 'my_local' with the following arguments: {'ament_cmake_args': None, 'build_base': '/home/test/ros2_ws/build/my_local', 'catkin_cmake_args': None, 'catkin_skip_building_tests': False, 'cmake_args': None, 'cmake_clean_cache': False, 'cmake_clean_first': False, 'cmake_force_configure': False, 'cmake_target': None, 'cmake_target_skip_unavailable': False, 'install_base': '/home/test/ros2_ws/install/my_local', 'merge_install': False, 'path': '/home/test/ros2_ws/src/my_local', 'symlink_install': False, 'test_result_base': None}
[1.754s] Level 5:colcon.colcon_core.verb:set package 'robot_description' build argument 'cmake_args' from command line to 'None'
[1.754s] Level 5:colcon.colcon_core.verb:set package 'robot_description' build argument 'cmake_target' from command line to 'None'
[1.754s] Level 5:colcon.colcon_core.verb:set package 'robot_description' build argument 'cmake_target_skip_unavailable' from command line to 'False'
[1.754s] Level 5:colcon.colcon_core.verb:set package 'robot_description' build argument 'cmake_clean_cache' from command line to 'False'
[1.754s] Level 5:colcon.colcon_core.verb:set package 'robot_description' build argument 'cmake_clean_first' from command line to 'False'
[1.754s] Level 5:colcon.colcon_core.verb:set package 'robot_description' build argument 'cmake_force_configure' from command line to 'False'
[1.754s] Level 5:colcon.colcon_core.verb:set package 'robot_description' build argument 'ament_cmake_args' from command line to 'None'
[1.754s] Level 5:colcon.colcon_core.verb:set package 'robot_description' build argument 'catkin_cmake_args' from command line to 'None'
[1.755s] Level 5:colcon.colcon_core.verb:set package 'robot_description' build argument 'catkin_skip_building_tests' from command line to 'False'
[1.755s] DEBUG:colcon.colcon_core.verb:Building package 'robot_description' with the following arguments: {'ament_cmake_args': None, 'build_base': '/home/test/ros2_ws/build/robot_description', 'catkin_cmake_args': None, 'catkin_skip_building_tests': False, 'cmake_args': None, 'cmake_clean_cache': False, 'cmake_clean_first': False, 'cmake_force_configure': False, 'cmake_target': None, 'cmake_target_skip_unavailable': False, 'install_base': '/home/test/ros2_ws/install/robot_description', 'merge_install': False, 'path': '/home/test/ros2_ws/src/robot_description', 'symlink_install': False, 'test_result_base': None}
[1.756s] Level 5:colcon.colcon_core.verb:set package 'service_robot' build argument 'cmake_args' from command line to 'None'
[1.756s] Level 5:colcon.colcon_core.verb:set package 'service_robot' build argument 'cmake_target' from command line to 'None'
[1.756s] Level 5:colcon.colcon_core.verb:set package 'service_robot' build argument 'cmake_target_skip_unavailable' from command line to 'False'
[1.756s] Level 5:colcon.colcon_core.verb:set package 'service_robot' build argument 'cmake_clean_cache' from command line to 'False'
[1.757s] Level 5:colcon.colcon_core.verb:set package 'service_robot' build argument 'cmake_clean_first' from command line to 'False'
[1.757s] Level 5:colcon.colcon_core.verb:set package 'service_robot' build argument 'cmake_force_configure' from command line to 'False'
[1.757s] Level 5:colcon.colcon_core.verb:set package 'service_robot' build argument 'ament_cmake_args' from command line to 'None'
[1.757s] Level 5:colcon.colcon_core.verb:set package 'service_robot' build argument 'catkin_cmake_args' from command line to 'None'
[1.757s] Level 5:colcon.colcon_core.verb:set package 'service_robot' build argument 'catkin_skip_building_tests' from command line to 'False'
[1.757s] DEBUG:colcon.colcon_core.verb:Building package 'service_robot' with the following arguments: {'ament_cmake_args': None, 'build_base': '/home/test/ros2_ws/build/service_robot', 'catkin_cmake_args': None, 'catkin_skip_building_tests': False, 'cmake_args': None, 'cmake_clean_cache': False, 'cmake_clean_first': False, 'cmake_force_configure': False, 'cmake_target': None, 'cmake_target_skip_unavailable': False, 'install_base': '/home/test/ros2_ws/install/service_robot', 'merge_install': False, 'path': '/home/test/ros2_ws/src/service_robot', 'symlink_install': False, 'test_result_base': None}
[1.757s] INFO:colcon.colcon_core.executor:Executing jobs using 'parallel' executor
[1.763s] DEBUG:colcon.colcon_parallel_executor.executor.parallel:run_until_complete
[1.763s] INFO:colcon.colcon_ros.task.ament_python.build:Building ROS package in '/home/test/ros2_ws/src/landmark_detector' with build type 'ament_python'
[1.764s] Level 1:colcon.colcon_core.shell:create_environment_hook('landmark_detector', 'ament_prefix_path')
[1.773s] INFO:colcon.colcon_core.plugin_system:Skipping extension 'colcon_core.shell.bat': Not used on non-Windows systems
[1.776s] INFO:colcon.colcon_core.shell:Creating environment hook '/home/test/ros2_ws/install/landmark_detector/share/landmark_detector/hook/ament_prefix_path.ps1'
[1.792s] INFO:colcon.colcon_core.shell:Creating environment descriptor '/home/test/ros2_ws/install/landmark_detector/share/landmark_detector/hook/ament_prefix_path.dsv'
[1.795s] INFO:colcon.colcon_core.shell:Creating environment hook '/home/test/ros2_ws/install/landmark_detector/share/landmark_detector/hook/ament_prefix_path.sh'
[1.798s] INFO:colcon.colcon_core.shell:Skip shell extension 'powershell' for command environment: Not usable outside of PowerShell
[1.798s] DEBUG:colcon.colcon_core.shell:Skip shell extension 'dsv' for command environment
[1.814s] INFO:colcon.colcon_ros.task.ament_python.build:Building ROS package in '/home/test/ros2_ws/src/mission_planner' with build type 'ament_python'
[1.815s] Level 1:colcon.colcon_core.shell:create_environment_hook('mission_planner', 'ament_prefix_path')
[1.815s] INFO:colcon.colcon_core.shell:Creating environment hook '/home/test/ros2_ws/install/mission_planner/share/mission_planner/hook/ament_prefix_path.ps1'
[1.817s] INFO:colcon.colcon_core.shell:Creating environment descriptor '/home/test/ros2_ws/install/mission_planner/share/mission_planner/hook/ament_prefix_path.dsv'
[1.822s] INFO:colcon.colcon_core.shell:Creating environment hook '/home/test/ros2_ws/install/mission_planner/share/mission_planner/hook/ament_prefix_path.sh'
[1.826s] INFO:colcon.colcon_core.shell:Skip shell extension 'powershell' for command environment: Not usable outside of PowerShell
[1.826s] DEBUG:colcon.colcon_core.shell:Skip shell extension 'dsv' for command environment
[1.839s] INFO:colcon.colcon_ros.task.ament_python.build:Building ROS package in '/home/test/ros2_ws/src/my_local' with build type 'ament_python'
[1.840s] Level 1:colcon.colcon_core.shell:create_environment_hook('my_local', 'ament_prefix_path')
[1.840s] INFO:colcon.colcon_core.shell:Creating environment hook '/home/test/ros2_ws/install/my_local/share/my_local/hook/ament_prefix_path.ps1'
[1.852s] INFO:colcon.colcon_core.shell:Creating environment descriptor '/home/test/ros2_ws/install/my_local/share/my_local/hook/ament_prefix_path.dsv'
[1.854s] INFO:colcon.colcon_core.shell:Creating environment hook '/home/test/ros2_ws/install/my_local/share/my_local/hook/ament_prefix_path.sh'
[1.856s] INFO:colcon.colcon_core.shell:Skip shell extension 'powershell' for command environment: Not usable outside of PowerShell
[1.856s] DEBUG:colcon.colcon_core.shell:Skip shell extension 'dsv' for command environment
[1.875s] INFO:colcon.colcon_ros.task.ament_cmake.build:Building ROS package in '/home/test/ros2_ws/src/robot_description' with build type 'ament_cmake'
[1.875s] INFO:colcon.colcon_cmake.task.cmake.build:Building CMake package in '/home/test/ros2_ws/src/robot_description'
[1.875s] INFO:colcon.colcon_core.shell:Skip shell extension 'powershell' for command environment: Not usable outside of PowerShell
[1.876s] DEBUG:colcon.colcon_core.shell:Skip shell extension 'dsv' for command environment
[1.905s] INFO:colcon.colcon_ros.task.ament_python.build:Building ROS package in '/home/test/ros2_ws/src/service_robot' with build type 'ament_python'
[1.905s] Level 1:colcon.colcon_core.shell:create_environment_hook('service_robot', 'ament_prefix_path')
[1.906s] INFO:colcon.colcon_core.shell:Creating environment hook '/home/test/ros2_ws/install/service_robot/share/service_robot/hook/ament_prefix_path.ps1'
[1.907s] INFO:colcon.colcon_core.shell:Creating environment descriptor '/home/test/ros2_ws/install/service_robot/share/service_robot/hook/ament_prefix_path.dsv'
[1.908s] INFO:colcon.colcon_core.shell:Creating environment hook '/home/test/ros2_ws/install/service_robot/share/service_robot/hook/ament_prefix_path.sh'
[1.910s] INFO:colcon.colcon_core.shell:Skip shell extension 'powershell' for command environment: Not usable outside of PowerShell
[1.910s] DEBUG:colcon.colcon_core.shell:Skip shell extension 'dsv' for command environment
[3.076s] INFO:colcon.colcon_core.task.python.build:Building Python package in '/home/test/ros2_ws/src/landmark_detector'
[3.076s] INFO:colcon.colcon_core.shell:Skip shell extension 'powershell' for command environment: Not usable outside of PowerShell
[3.077s] DEBUG:colcon.colcon_core.shell:Skip shell extension 'dsv' for command environment
[4.331s] INFO:colcon.colcon_core.task.python.build:Building Python package in '/home/test/ros2_ws/src/mission_planner'
[4.332s] INFO:colcon.colcon_core.shell:Skip shell extension 'powershell' for command environment: Not usable outside of PowerShell
[4.332s] DEBUG:colcon.colcon_core.shell:Skip shell extension 'dsv' for command environment
[5.560s] INFO:colcon.colcon_core.task.python.build:Building Python package in '/home/test/ros2_ws/src/my_local'
[5.560s] INFO:colcon.colcon_core.shell:Skip shell extension 'powershell' for command environment: Not usable outside of PowerShell
[5.561s] DEBUG:colcon.colcon_core.shell:Skip shell extension 'dsv' for command environment
[5.592s] DEBUG:colcon.colcon_core.event_handler.log_command:Invoking command in '/home/test/ros2_ws/build/robot_description': CMAKE_PREFIX_PATH=${CMAKE_PREFIX_PATH}:/home/test/ros2_ws/install/service_robot:/home/test/ros2_ws/install/robot_localization_pkg:/home/test/ros2_ws/install/robot_exam_localization:/home/test/ros2_ws/install/my_local:/home/test/ros2_ws/install/mission_planner:/home/test/ros2_ws/install/landmark_detector:/opt/ros/jazzy /usr/bin/cmake --build /home/test/ros2_ws/build/robot_description -- -j8 -l8
[6.797s] INFO:colcon.colcon_core.task.python.build:Building Python package in '/home/test/ros2_ws/src/service_robot'
[6.797s] INFO:colcon.colcon_core.shell:Skip shell extension 'powershell' for command environment: Not usable outside of PowerShell
[6.803s] DEBUG:colcon.colcon_core.shell:Skip shell extension 'dsv' for command environment
[6.860s] DEBUG:colcon.colcon_core.event_handler.log_command:Invoked command in '/home/test/ros2_ws/build/robot_description' returned '0': CMAKE_PREFIX_PATH=${CMAKE_PREFIX_PATH}:/home/test/ros2_ws/install/service_robot:/home/test/ros2_ws/install/robot_localization_pkg:/home/test/ros2_ws/install/robot_exam_localization:/home/test/ros2_ws/install/my_local:/home/test/ros2_ws/install/mission_planner:/home/test/ros2_ws/install/landmark_detector:/opt/ros/jazzy /usr/bin/cmake --build /home/test/ros2_ws/build/robot_description -- -j8 -l8
[6.903s] DEBUG:colcon.colcon_core.event_handler.log_command:Invoking command in '/home/test/ros2_ws/build/robot_description': CMAKE_PREFIX_PATH=${CMAKE_PREFIX_PATH}:/home/test/ros2_ws/install/service_robot:/home/test/ros2_ws/install/robot_localization_pkg:/home/test/ros2_ws/install/robot_exam_localization:/home/test/ros2_ws/install/my_local:/home/test/ros2_ws/install/mission_planner:/home/test/ros2_ws/install/landmark_detector:/opt/ros/jazzy /usr/bin/cmake --install /home/test/ros2_ws/build/robot_description
[6.993s] Level 1:colcon.colcon_core.environment:create_environment_scripts_only(robot_description)
[7.004s] DEBUG:colcon.colcon_core.event_handler.log_command:Invoked command in '/home/test/ros2_ws/build/robot_description' returned '0': CMAKE_PREFIX_PATH=${CMAKE_PREFIX_PATH}:/home/test/ros2_ws/install/service_robot:/home/test/ros2_ws/install/robot_localization_pkg:/home/test/ros2_ws/install/robot_exam_localization:/home/test/ros2_ws/install/my_local:/home/test/ros2_ws/install/mission_planner:/home/test/ros2_ws/install/landmark_detector:/opt/ros/jazzy /usr/bin/cmake --install /home/test/ros2_ws/build/robot_description
[7.011s] Level 1:colcon.colcon_core.environment:checking '/home/test/ros2_ws/install/robot_description' for CMake module files
[7.019s] Level 1:colcon.colcon_core.environment:checking '/home/test/ros2_ws/install/robot_description' for CMake config files
[7.020s] Level 1:colcon.colcon_core.shell:create_environment_hook('robot_description', 'cmake_prefix_path')
[7.020s] INFO:colcon.colcon_core.shell:Creating environment hook '/home/test/ros2_ws/install/robot_description/share/robot_description/hook/cmake_prefix_path.ps1'
[7.022s] INFO:colcon.colcon_core.shell:Creating environment descriptor '/home/test/ros2_ws/install/robot_description/share/robot_description/hook/cmake_prefix_path.dsv'
[7.026s] INFO:colcon.colcon_core.shell:Creating environment hook '/home/test/ros2_ws/install/robot_description/share/robot_description/hook/cmake_prefix_path.sh'
[7.034s] Level 1:colcon.colcon_core.environment:checking '/home/test/ros2_ws/install/robot_description/bin'
[7.035s] Level 1:colcon.colcon_core.environment:checking '/home/test/ros2_ws/install/robot_description/lib/pkgconfig/robot_description.pc'
[7.035s] Level 1:colcon.colcon_core.environment:checking '/home/test/ros2_ws/install/robot_description/lib/python3.12/site-packages'
[7.036s] Level 1:colcon.colcon_core.environment:checking '/home/test/ros2_ws/install/robot_description/bin'
[7.037s] INFO:colcon.colcon_core.shell:Creating package script '/home/test/ros2_ws/install/robot_description/share/robot_description/package.ps1'
[7.041s] INFO:colcon.colcon_core.shell:Creating package descriptor '/home/test/ros2_ws/install/robot_description/share/robot_description/package.dsv'
[7.043s] INFO:colcon.colcon_core.shell:Creating package script '/home/test/ros2_ws/install/robot_description/share/robot_description/package.sh'
[7.045s] INFO:colcon.colcon_core.shell:Creating package script '/home/test/ros2_ws/install/robot_description/share/robot_description/package.bash'
[7.053s] INFO:colcon.colcon_core.shell:Creating package script '/home/test/ros2_ws/install/robot_description/share/robot_description/package.zsh'
[7.058s] Level 1:colcon.colcon_core.environment:create_file_with_runtime_dependencies(/home/test/ros2_ws/install/robot_description/share/colcon-core/packages/robot_description)
[7.060s] Level 1:colcon.colcon_core.environment:create_environment_scripts_only(robot_description)
[7.060s] Level 1:colcon.colcon_core.environment:checking '/home/test/ros2_ws/install/robot_description' for CMake module files
[7.062s] Level 1:colcon.colcon_core.environment:checking '/home/test/ros2_ws/install/robot_description' for CMake config files
[7.063s] Level 1:colcon.colcon_core.shell:create_environment_hook('robot_description', 'cmake_prefix_path')
[7.063s] INFO:colcon.colcon_core.shell:Creating environment hook '/home/test/ros2_ws/install/robot_description/share/robot_description/hook/cmake_prefix_path.ps1'
[7.064s] INFO:colcon.colcon_core.shell:Creating environment descriptor '/home/test/ros2_ws/install/robot_description/share/robot_description/hook/cmake_prefix_path.dsv'
[7.065s] INFO:colcon.colcon_core.shell:Creating environment hook '/home/test/ros2_ws/install/robot_description/share/robot_description/hook/cmake_prefix_path.sh'
[7.070s] Level 1:colcon.colcon_core.environment:checking '/home/test/ros2_ws/install/robot_description/bin'
[7.070s] Level 1:colcon.colcon_core.environment:checking '/home/test/ros2_ws/install/robot_description/lib/pkgconfig/robot_description.pc'
[7.072s] Level 1:colcon.colcon_core.environment:checking '/home/test/ros2_ws/install/robot_description/lib/python3.12/site-packages'
[7.073s] Level 1:colcon.colcon_core.environment:checking '/home/test/ros2_ws/install/robot_description/bin'
[7.073s] INFO:colcon.colcon_core.shell:Creating package script '/home/test/ros2_ws/install/robot_description/share/robot_description/package.ps1'
[7.079s] INFO:colcon.colcon_core.shell:Creating package descriptor '/home/test/ros2_ws/install/robot_description/share/robot_description/package.dsv'
[7.080s] INFO:colcon.colcon_core.shell:Creating package script '/home/test/ros2_ws/install/robot_description/share/robot_description/package.sh'
[7.082s] INFO:colcon.colcon_core.shell:Creating package script '/home/test/ros2_ws/install/robot_description/share/robot_description/package.bash'
[7.086s] INFO:colcon.colcon_core.shell:Creating package script '/home/test/ros2_ws/install/robot_description/share/robot_description/package.zsh'
[7.093s] Level 1:colcon.colcon_core.environment:create_file_with_runtime_dependencies(/home/test/ros2_ws/install/robot_description/share/colcon-core/packages/robot_description)
[10.441s] DEBUG:colcon.colcon_core.event_handler.log_command:Invoking command in '/home/test/ros2_ws/src/mission_planner': PYTHONPATH=/home/test/ros2_ws/build/mission_planner/prefix_override:/usr/lib/python3/dist-packages/colcon_core/task/python/colcon_distutils_commands:/home/test/ros2_ws/install/mission_planner/lib/python3.12/site-packages:${PYTHONPATH} /usr/bin/python3 -W ignore:setup.py install is deprecated -W ignore:easy_install command is deprecated setup.py egg_info --egg-base ../../build/mission_planner build --build-base /home/test/ros2_ws/build/mission_planner/build install --record /home/test/ros2_ws/build/mission_planner/install.log --single-version-externally-managed install_data
[10.457s] DEBUG:colcon.colcon_core.event_handler.log_command:Invoking command in '/home/test/ros2_ws/src/my_local': PYTHONPATH=/home/test/ros2_ws/build/my_local/prefix_override:/usr/lib/python3/dist-packages/colcon_core/task/python/colcon_distutils_commands:/home/test/ros2_ws/install/my_local/lib/python3.12/site-packages:${PYTHONPATH} /usr/bin/python3 -W ignore:setup.py install is deprecated -W ignore:easy_install command is deprecated setup.py egg_info --egg-base ../../build/my_local build --build-base /home/test/ros2_ws/build/my_local/build install --record /home/test/ros2_ws/build/my_local/install.log --single-version-externally-managed install_data
[10.476s] DEBUG:colcon.colcon_core.event_handler.log_command:Invoking command in '/home/test/ros2_ws/src/landmark_detector': PYTHONPATH=/home/test/ros2_ws/build/landmark_detector/prefix_override:/usr/lib/python3/dist-packages/colcon_core/task/python/colcon_distutils_commands:/home/test/ros2_ws/install/landmark_detector/lib/python3.12/site-packages:${PYTHONPATH} /usr/bin/python3 -W ignore:setup.py install is deprecated -W ignore:easy_install command is deprecated setup.py egg_info --egg-base ../../build/landmark_detector build --build-base /home/test/ros2_ws/build/landmark_detector/build install --record /home/test/ros2_ws/build/landmark_detector/install.log --single-version-externally-managed install_data
[10.502s] DEBUG:colcon.colcon_core.event_handler.log_command:Invoking command in '/home/test/ros2_ws/src/service_robot': PYTHONPATH=/home/test/ros2_ws/build/service_robot/prefix_override:/usr/lib/python3/dist-packages/colcon_core/task/python/colcon_distutils_commands:/home/test/ros2_ws/install/service_robot/lib/python3.12/site-packages:${PYTHONPATH} /usr/bin/python3 -W ignore:setup.py install is deprecated -W ignore:easy_install command is deprecated setup.py egg_info --egg-base ../../build/service_robot build --build-base /home/test/ros2_ws/build/service_robot/build install --record /home/test/ros2_ws/build/service_robot/install.log --single-version-externally-managed install_data
[13.020s] Level 1:colcon.colcon_core.environment:checking '/home/test/ros2_ws/install/mission_planner' for CMake module files
[13.022s] Level 1:colcon.colcon_core.environment:checking '/home/test/ros2_ws/install/mission_planner' for CMake config files
[13.026s] Level 1:colcon.colcon_core.environment:checking '/home/test/ros2_ws/install/mission_planner/lib'
[13.027s] Level 1:colcon.colcon_core.environment:checking '/home/test/ros2_ws/install/mission_planner/bin'
[13.027s] Level 1:colcon.colcon_core.environment:checking '/home/test/ros2_ws/install/mission_planner/lib/pkgconfig/mission_planner.pc'
[13.028s] Level 1:colcon.colcon_core.environment:checking '/home/test/ros2_ws/install/mission_planner/lib/python3.12/site-packages'
[13.029s] Level 1:colcon.colcon_core.shell:create_environment_hook('mission_planner', 'pythonpath')
[13.030s] INFO:colcon.colcon_core.shell:Creating environment hook '/home/test/ros2_ws/install/mission_planner/share/mission_planner/hook/pythonpath.ps1'
[13.031s] INFO:colcon.colcon_core.shell:Creating environment descriptor '/home/test/ros2_ws/install/mission_planner/share/mission_planner/hook/pythonpath.dsv'
[13.032s] INFO:colcon.colcon_core.shell:Creating environment hook '/home/test/ros2_ws/install/mission_planner/share/mission_planner/hook/pythonpath.sh'
[13.036s] Level 1:colcon.colcon_core.environment:checking '/home/test/ros2_ws/install/mission_planner/bin'
[13.036s] Level 1:colcon.colcon_core.environment:create_environment_scripts_only(mission_planner)
[13.036s] INFO:colcon.colcon_core.shell:Creating package script '/home/test/ros2_ws/install/mission_planner/share/mission_planner/package.ps1'
[13.039s] DEBUG:colcon.colcon_core.event_handler.log_command:Invoked command in '/home/test/ros2_ws/src/mission_planner' returned '0': PYTHONPATH=/home/test/ros2_ws/build/mission_planner/prefix_override:/usr/lib/python3/dist-packages/colcon_core/task/python/colcon_distutils_commands:/home/test/ros2_ws/install/mission_planner/lib/python3.12/site-packages:${PYTHONPATH} /usr/bin/python3 -W ignore:setup.py install is deprecated -W ignore:easy_install command is deprecated setup.py egg_info --egg-base ../../build/mission_planner build --build-base /home/test/ros2_ws/build/mission_planner/build install --record /home/test/ros2_ws/build/mission_planner/install.log --single-version-externally-managed install_data
[13.042s] INFO:colcon.colcon_core.shell:Creating package descriptor '/home/test/ros2_ws/install/mission_planner/share/mission_planner/package.dsv'
[13.044s] INFO:colcon.colcon_core.shell:Creating package script '/home/test/ros2_ws/install/mission_planner/share/mission_planner/package.sh'
[13.048s] INFO:colcon.colcon_core.shell:Creating package script '/home/test/ros2_ws/install/mission_planner/share/mission_planner/package.bash'
[13.049s] INFO:colcon.colcon_core.shell:Creating package script '/home/test/ros2_ws/install/mission_planner/share/mission_planner/package.zsh'
[13.051s] Level 1:colcon.colcon_core.environment:create_file_with_runtime_dependencies(/home/test/ros2_ws/install/mission_planner/share/colcon-core/packages/mission_planner)
[13.067s] Level 1:colcon.colcon_core.environment:checking '/home/test/ros2_ws/install/my_local' for CMake module files
[13.069s] DEBUG:colcon.colcon_core.event_handler.log_command:Invoked command in '/home/test/ros2_ws/src/my_local' returned '0': PYTHONPATH=/home/test/ros2_ws/build/my_local/prefix_override:/usr/lib/python3/dist-packages/colcon_core/task/python/colcon_distutils_commands:/home/test/ros2_ws/install/my_local/lib/python3.12/site-packages:${PYTHONPATH} /usr/bin/python3 -W ignore:setup.py install is deprecated -W ignore:easy_install command is deprecated setup.py egg_info --egg-base ../../build/my_local build --build-base /home/test/ros2_ws/build/my_local/build install --record /home/test/ros2_ws/build/my_local/install.log --single-version-externally-managed install_data
[13.073s] Level 1:colcon.colcon_core.environment:checking '/home/test/ros2_ws/install/my_local' for CMake config files
[13.077s] Level 1:colcon.colcon_core.environment:checking '/home/test/ros2_ws/install/my_local/lib'
[13.077s] Level 1:colcon.colcon_core.environment:checking '/home/test/ros2_ws/install/my_local/bin'
[13.077s] Level 1:colcon.colcon_core.environment:checking '/home/test/ros2_ws/install/my_local/lib/pkgconfig/my_local.pc'
[13.078s] Level 1:colcon.colcon_core.environment:checking '/home/test/ros2_ws/install/my_local/lib/python3.12/site-packages'
[13.078s] Level 1:colcon.colcon_core.shell:create_environment_hook('my_local', 'pythonpath')
[13.078s] INFO:colcon.colcon_core.shell:Creating environment hook '/home/test/ros2_ws/install/my_local/share/my_local/hook/pythonpath.ps1'
[13.080s] INFO:colcon.colcon_core.shell:Creating environment descriptor '/home/test/ros2_ws/install/my_local/share/my_local/hook/pythonpath.dsv'
[13.081s] INFO:colcon.colcon_core.shell:Creating environment hook '/home/test/ros2_ws/install/my_local/share/my_local/hook/pythonpath.sh'
[13.083s] Level 1:colcon.colcon_core.environment:checking '/home/test/ros2_ws/install/my_local/bin'
[13.084s] Level 1:colcon.colcon_core.environment:create_environment_scripts_only(my_local)
[13.084s] INFO:colcon.colcon_core.shell:Creating package script '/home/test/ros2_ws/install/my_local/share/my_local/package.ps1'
[13.086s] INFO:colcon.colcon_core.shell:Creating package descriptor '/home/test/ros2_ws/install/my_local/share/my_local/package.dsv'
[13.088s] INFO:colcon.colcon_core.shell:Creating package script '/home/test/ros2_ws/install/my_local/share/my_local/package.sh'
[13.090s] INFO:colcon.colcon_core.shell:Creating package script '/home/test/ros2_ws/install/my_local/share/my_local/package.bash'
[13.091s] INFO:colcon.colcon_core.shell:Creating package script '/home/test/ros2_ws/install/my_local/share/my_local/package.zsh'
[13.092s] Level 1:colcon.colcon_core.environment:create_file_with_runtime_dependencies(/home/test/ros2_ws/install/my_local/share/colcon-core/packages/my_local)
[13.138s] Level 1:colcon.colcon_core.environment:checking '/home/test/ros2_ws/install/service_robot' for CMake module files
[13.140s] DEBUG:colcon.colcon_core.event_handler.log_command:Invoked command in '/home/test/ros2_ws/src/service_robot' returned '0': PYTHONPATH=/home/test/ros2_ws/build/service_robot/prefix_override:/usr/lib/python3/dist-packages/colcon_core/task/python/colcon_distutils_commands:/home/test/ros2_ws/install/service_robot/lib/python3.12/site-packages:${PYTHONPATH} /usr/bin/python3 -W ignore:setup.py install is deprecated -W ignore:easy_install command is deprecated setup.py egg_info --egg-base ../../build/service_robot build --build-base /home/test/ros2_ws/build/service_robot/build install --record /home/test/ros2_ws/build/service_robot/install.log --single-version-externally-managed install_data
[13.141s] Level 1:colcon.colcon_core.environment:checking '/home/test/ros2_ws/install/service_robot' for CMake config files
[13.142s] Level 1:colcon.colcon_core.environment:checking '/home/test/ros2_ws/install/service_robot/lib'
[13.142s] Level 1:colcon.colcon_core.environment:checking '/home/test/ros2_ws/install/service_robot/bin'
[13.143s] Level 1:colcon.colcon_core.environment:checking '/home/test/ros2_ws/install/service_robot/lib/pkgconfig/service_robot.pc'
[13.143s] Level 1:colcon.colcon_core.environment:checking '/home/test/ros2_ws/install/service_robot/lib/python3.12/site-packages'
[13.143s] Level 1:colcon.colcon_core.shell:create_environment_hook('service_robot', 'pythonpath')
[13.143s] INFO:colcon.colcon_core.shell:Creating environment hook '/home/test/ros2_ws/install/service_robot/share/service_robot/hook/pythonpath.ps1'
[13.144s] INFO:colcon.colcon_core.shell:Creating environment descriptor '/home/test/ros2_ws/install/service_robot/share/service_robot/hook/pythonpath.dsv'
[13.145s] INFO:colcon.colcon_core.shell:Creating environment hook '/home/test/ros2_ws/install/service_robot/share/service_robot/hook/pythonpath.sh'
[13.146s] Level 1:colcon.colcon_core.environment:checking '/home/test/ros2_ws/install/service_robot/bin'
[13.147s] Level 1:colcon.colcon_core.environment:create_environment_scripts_only(service_robot)
[13.147s] INFO:colcon.colcon_core.shell:Creating package script '/home/test/ros2_ws/install/service_robot/share/service_robot/package.ps1'
[13.149s] INFO:colcon.colcon_core.shell:Creating package descriptor '/home/test/ros2_ws/install/service_robot/share/service_robot/package.dsv'
[13.150s] INFO:colcon.colcon_core.shell:Creating package script '/home/test/ros2_ws/install/service_robot/share/service_robot/package.sh'
[13.152s] INFO:colcon.colcon_core.shell:Creating package script '/home/test/ros2_ws/install/service_robot/share/service_robot/package.bash'
[13.153s] INFO:colcon.colcon_core.shell:Creating package script '/home/test/ros2_ws/install/service_robot/share/service_robot/package.zsh'
[13.153s] Level 1:colcon.colcon_core.environment:create_file_with_runtime_dependencies(/home/test/ros2_ws/install/service_robot/share/colcon-core/packages/service_robot)
[13.159s] Level 1:colcon.colcon_core.environment:checking '/home/test/ros2_ws/install/landmark_detector' for CMake module files
[13.161s] DEBUG:colcon.colcon_core.event_handler.log_command:Invoked command in '/home/test/ros2_ws/src/landmark_detector' returned '0': PYTHONPATH=/home/test/ros2_ws/build/landmark_detector/prefix_override:/usr/lib/python3/dist-packages/colcon_core/task/python/colcon_distutils_commands:/home/test/ros2_ws/install/landmark_detector/lib/python3.12/site-packages:${PYTHONPATH} /usr/bin/python3 -W ignore:setup.py install is deprecated -W ignore:easy_install command is deprecated setup.py egg_info --egg-base ../../build/landmark_detector build --build-base /home/test/ros2_ws/build/landmark_detector/build install --record /home/test/ros2_ws/build/landmark_detector/install.log --single-version-externally-managed install_data
[13.162s] Level 1:colcon.colcon_core.environment:checking '/home/test/ros2_ws/install/landmark_detector' for CMake config files
[13.163s] Level 1:colcon.colcon_core.environment:checking '/home/test/ros2_ws/install/landmark_detector/lib'
[13.163s] Level 1:colcon.colcon_core.environment:checking '/home/test/ros2_ws/install/landmark_detector/bin'
[13.163s] Level 1:colcon.colcon_core.environment:checking '/home/test/ros2_ws/install/landmark_detector/lib/pkgconfig/landmark_detector.pc'
[13.164s] Level 1:colcon.colcon_core.environment:checking '/home/test/ros2_ws/install/landmark_detector/lib/python3.12/site-packages'
[13.164s] Level 1:colcon.colcon_core.shell:create_environment_hook('landmark_detector', 'pythonpath')
[13.164s] INFO:colcon.colcon_core.shell:Creating environment hook '/home/test/ros2_ws/install/landmark_detector/share/landmark_detector/hook/pythonpath.ps1'
[13.165s] INFO:colcon.colcon_core.shell:Creating environment descriptor '/home/test/ros2_ws/install/landmark_detector/share/landmark_detector/hook/pythonpath.dsv'
[13.166s] INFO:colcon.colcon_core.shell:Creating environment hook '/home/test/ros2_ws/install/landmark_detector/share/landmark_detector/hook/pythonpath.sh'
[13.168s] Level 1:colcon.colcon_core.environment:checking '/home/test/ros2_ws/install/landmark_detector/bin'
[13.168s] Level 1:colcon.colcon_core.environment:create_environment_scripts_only(landmark_detector)
[13.169s] INFO:colcon.colcon_core.shell:Creating package script '/home/test/ros2_ws/install/landmark_detector/share/landmark_detector/package.ps1'
[13.170s] INFO:colcon.colcon_core.shell:Creating package descriptor '/home/test/ros2_ws/install/landmark_detector/share/landmark_detector/package.dsv'
[13.171s] INFO:colcon.colcon_core.shell:Creating package script '/home/test/ros2_ws/install/landmark_detector/share/landmark_detector/package.sh'
[13.176s] INFO:colcon.colcon_core.shell:Creating package script '/home/test/ros2_ws/install/landmark_detector/share/landmark_detector/package.bash'
[13.180s] INFO:colcon.colcon_core.shell:Creating package script '/home/test/ros2_ws/install/landmark_detector/share/landmark_detector/package.zsh'
[13.182s] Level 1:colcon.colcon_core.environment:create_file_with_runtime_dependencies(/home/test/ros2_ws/install/landmark_detector/share/colcon-core/packages/landmark_detector)
[13.184s] DEBUG:colcon.colcon_parallel_executor.executor.parallel:closing loop
[13.185s] DEBUG:colcon.colcon_parallel_executor.executor.parallel:loop closed
[13.185s] DEBUG:colcon.colcon_parallel_executor.executor.parallel:run_until_complete finished with '0'
[13.185s] DEBUG:colcon.colcon_core.event_reactor:joining thread
[13.352s] INFO:colcon.colcon_core.plugin_system:Skipping extension 'colcon_notification.desktop_notification.notify_send': Could not find 'notify-send'
[13.353s] INFO:colcon.colcon_core.plugin_system:Skipping extension 'colcon_notification.desktop_notification.terminal_notifier': Not used on non-Darwin systems
[13.353s] INFO:colcon.colcon_core.plugin_system:Skipping extension 'colcon_notification.desktop_notification.win32': Not used on non-Windows systems
[13.353s] INFO:colcon.colcon_notification.desktop_notification:Sending desktop notification using 'notify2'
[13.356s] DEBUG:colcon.colcon_notification.desktop_notification.notify2:Failed to initialize notify2: org.freedesktop.DBus.Error.ServiceUnknown: The name org.freedesktop.Notifications was not provided by any .service files
[13.356s] DEBUG:colcon.colcon_core.event_reactor:joined thread
[13.357s] INFO:colcon.colcon_core.shell:Creating prefix script '/home/test/ros2_ws/install/local_setup.ps1'
[13.359s] INFO:colcon.colcon_core.shell:Creating prefix util module '/home/test/ros2_ws/install/_local_setup_util_ps1.py'
[13.361s] INFO:colcon.colcon_core.shell:Creating prefix chain script '/home/test/ros2_ws/install/setup.ps1'
[13.364s] INFO:colcon.colcon_core.shell:Creating prefix script '/home/test/ros2_ws/install/local_setup.sh'
[13.365s] INFO:colcon.colcon_core.shell:Creating prefix util module '/home/test/ros2_ws/install/_local_setup_util_sh.py'
[13.366s] INFO:colcon.colcon_core.shell:Creating prefix chain script '/home/test/ros2_ws/install/setup.sh'
[13.370s] INFO:colcon.colcon_core.shell:Creating prefix script '/home/test/ros2_ws/install/local_setup.bash'
[13.371s] INFO:colcon.colcon_core.shell:Creating prefix chain script '/home/test/ros2_ws/install/setup.bash'
[13.375s] INFO:colcon.colcon_core.shell:Creating prefix script '/home/test/ros2_ws/install/local_setup.zsh'
[13.377s] INFO:colcon.colcon_core.shell:Creating prefix chain script '/home/test/ros2_ws/install/setup.zsh'
