[2.762s] Invoking command in '/home/test/ros2_ws/src/landmark_detector': PYTHONPATH=/home/test/ros2_ws/build/landmark_detector/prefix_override:/usr/lib/python3/dist-packages/colcon_core/task/python/colcon_distutils_commands:/home/test/ros2_ws/install/landmark_detector/lib/python3.12/site-packages:${PYTHONPATH} /usr/bin/python3 -W ignore:setup.py install is deprecated -W ignore:easy_install command is deprecated setup.py egg_info --egg-base ../../build/landmark_detector build --build-base /home/test/ros2_ws/build/landmark_detector/build install --record /home/test/ros2_ws/build/landmark_detector/install.log --single-version-externally-managed install_data
[3.300s] running egg_info
[3.348s] writing ../../build/landmark_detector/landmark_detector.egg-info/PKG-INFO
[3.348s] writing dependency_links to ../../build/landmark_detector/landmark_detector.egg-info/dependency_links.txt
[3.349s] writing entry points to ../../build/landmark_detector/landmark_detector.egg-info/entry_points.txt
[3.349s] writing requirements to ../../build/landmark_detector/landmark_detector.egg-info/requires.txt
[3.349s] writing top-level names to ../../build/landmark_detector/landmark_detector.egg-info/top_level.txt
[3.426s] reading manifest file '../../build/landmark_detector/landmark_detector.egg-info/SOURCES.txt'
[3.428s] writing manifest file '../../build/landmark_detector/landmark_detector.egg-info/SOURCES.txt'
[3.428s] running build
[3.428s] running build_py
[3.429s] running install
[3.439s] running install_lib
[3.481s] running install_data
[3.481s] running install_egg_info
[3.510s] removing '/home/test/ros2_ws/install/landmark_detector/lib/python3.12/site-packages/landmark_detector-0.0.0-py3.12.egg-info' (and everything under it)
[3.511s] Copying ../../build/landmark_detector/landmark_detector.egg-info to /home/test/ros2_ws/install/landmark_detector/lib/python3.12/site-packages/landmark_detector-0.0.0-py3.12.egg-info
[3.514s] running install_scripts
[3.723s] Installing qr_detector script to /home/test/ros2_ws/install/landmark_detector/lib/landmark_detector
[3.724s] writing list of installed files to '/home/test/ros2_ws/build/landmark_detector/install.log'
[3.793s] Invoked command in '/home/test/ros2_ws/src/landmark_detector' returned '0': PYTHONPATH=/home/test/ros2_ws/build/landmark_detector/prefix_override:/usr/lib/python3/dist-packages/colcon_core/task/python/colcon_distutils_commands:/home/test/ros2_ws/install/landmark_detector/lib/python3.12/site-packages:${PYTHONPATH} /usr/bin/python3 -W ignore:setup.py install is deprecated -W ignore:easy_install command is deprecated setup.py egg_info --egg-base ../../build/landmark_detector build --build-base /home/test/ros2_ws/build/landmark_detector/build install --record /home/test/ros2_ws/build/landmark_detector/install.log --single-version-externally-managed install_data
